name: IWA numLumps: 1264 directoryOffset: 4175796
length: 10752 offset: 12 name: PLAYPAL
length: 8704 offset: 10764 name: COLORMAP
length: 4000 offset: 19468 name: ENDOOM
length: 20118 offset: 23468 name: DEMO1
length: 15358 offset: 43588 name: DEMO2
length: 8550 offset: 58948 name: DEMO3
length: 0 offset: 67500 name: E1M1
length: 1380 offset: 67500 name: THINGS
length: 6650 offset: 68880 name: LINEDEFS
length: 19440 offset: 75532 name: SIDEDEFS
length: 1868 offset: 94972 name: VERTEXES
length: 8784 offset: 96840 name: SEGS
length: 948 offset: 105624 name: SSECTORS
length: 6608 offset: 106572 name: NODES
length: 2210 offset: 113180 name: SECTORS
length: 904 offset: 115392 name: REJECT
length: 6922 offset: 116296 name: BLOCKMAP
length: 0 offset: 123220 name: E1M2
length: 2620 offset: 123220 name: THINGS
length: 14462 offset: 125840 name: LINEDEFS
length: 39690 offset: 140304 name: SIDEDEFS
length: 3768 offset: 179996 name: VERTEXES
length: 17556 offset: 183764 name: SEGS
length: 1792 offset: 201320 name: SSECTORS
length: 12516 offset: 203112 name: NODES
length: 5200 offset: 215628 name: SECTORS
length: 5000 offset: 220828 name: REJECT
length: 11870 offset: 225828 name: BLOCKMAP
length: 0 offset: 237700 name: E1M3
length: 3800 offset: 237700 name: THINGS
length: 14364 offset: 241500 name: LINEDEFS
length: 39780 offset: 255864 name: SIDEDEFS
length: 3784 offset: 295644 name: VERTEXES
length: 17340 offset: 299428 name: SEGS
length: 1844 offset: 316768 name: SSECTORS
length: 12880 offset: 318612 name: NODES
length: 4602 offset: 331492 name: SECTORS
length: 3917 offset: 336096 name: REJECT
length: 8894 offset: 340016 name: BLOCKMAP
length: 0 offset: 348912 name: E1M4
length: 2540 offset: 348912 name: THINGS
length: 11620 offset: 351452 name: LINEDEFS
length: 31620 offset: 363072 name: SIDEDEFS
length: 3120 offset: 394692 name: VERTEXES
length: 14064 offset: 397812 name: SEGS
length: 1420 offset: 411876 name: SSECTORS
length: 9912 offset: 413296 name: NODES
length: 3614 offset: 423208 name: SECTORS
length: 2416 offset: 426824 name: REJECT
length: 7218 offset: 429240 name: BLOCKMAP
length: 0 offset: 436460 name: E1M5
length: 2930 offset: 436460 name: THINGS
length: 11550 offset: 439392 name: LINEDEFS
length: 31590 offset: 450944 name: SIDEDEFS
length: 2984 offset: 482536 name: VERTEXES
length: 13692 offset: 485520 name: SEGS
length: 1536 offset: 499212 name: SSECTORS
length: 10724 offset: 500748 name: NODES
length: 3718 offset: 511472 name: SECTORS
length: 2557 offset: 515192 name: REJECT
length: 8032 offset: 517752 name: BLOCKMAP
length: 0 offset: 525784 name: E1M6
length: 4630 offset: 525784 name: THINGS
length: 18928 offset: 530416 name: LINEDEFS
length: 51810 offset: 549344 name: SIDEDEFS
length: 4828 offset: 601156 name: VERTEXES
length: 22344 offset: 605984 name: SEGS
length: 2424 offset: 628328 name: SSECTORS
length: 16940 offset: 630752 name: NODES
length: 6500 offset: 647692 name: SECTORS
length: 7813 offset: 654192 name: REJECT
length: 15804 offset: 662008 name: BLOCKMAP
length: 0 offset: 677812 name: E1M7
length: 3580 offset: 677812 name: THINGS
length: 13412 offset: 681392 name: LINEDEFS
length: 36690 offset: 694804 name: SIDEDEFS
length: 3584 offset: 731496 name: VERTEXES
length: 16452 offset: 735080 name: SEGS
length: 1868 offset: 751532 name: SSECTORS
length: 13048 offset: 753400 name: NODES
length: 4420 offset: 766448 name: SECTORS
length: 3613 offset: 770868 name: REJECT
length: 8846 offset: 774484 name: BLOCKMAP
length: 0 offset: 783332 name: E1M8
length: 1260 offset: 783332 name: THINGS
length: 4662 offset: 784592 name: LINEDEFS
length: 15330 offset: 789256 name: SIDEDEFS
length: 1312 offset: 804588 name: VERTEXES
length: 7032 offset: 805900 name: SEGS
length: 708 offset: 812932 name: SSECTORS
length: 4928 offset: 813640 name: NODES
length: 1924 offset: 818568 name: SECTORS
length: 685 offset: 820492 name: REJECT
length: 19400 offset: 821180 name: BLOCKMAP
length: 0 offset: 840580 name: E1M9
length: 2370 offset: 840580 name: THINGS
length: 9142 offset: 842952 name: LINEDEFS
length: 27060 offset: 852096 name: SIDEDEFS
length: 2324 offset: 879156 name: VERTEXES
length: 11736 offset: 881480 name: SEGS
length: 1152 offset: 893216 name: SSECTORS
length: 8036 offset: 894368 name: NODES
length: 3822 offset: 902404 name: SECTORS
length: 2702 offset: 906228 name: REJECT
length: 6780 offset: 908932 name: BLOCKMAP
length: 9234 offset: 915712 name: TEXTURE1
length: 2804 offset: 924948 name: PNAMES
length: 11908 offset: 927752 name: GENMIDI
length: 5342 offset: 939660 name: DMXGUS
length: 31 offset: 945004 name: DPPISTOL
length: 5669 offset: 945036 name: DSPISTOL
length: 51 offset: 950708 name: DPSHOTGN
length: 9453 offset: 950760 name: DSSHOTGN
length: 38 offset: 960216 name: DPSGCOCK
length: 5906 offset: 960256 name: DSSGCOCK
length: 150 offset: 966164 name: DPSAWUP
length: 16297 offset: 966316 name: DSSAWUP
length: 24 offset: 982616 name: DPSAWIDL
length: 7539 offset: 982640 name: DSSAWIDL
length: 24 offset: 990180 name: DPSAWFUL
length: 18104 offset: 990204 name: DSSAWFUL
length: 29 offset: 1008308 name: DPSAWHIT
length: 8018 offset: 1008340 name: DSSAWHIT
length: 55 offset: 1016360 name: DPRLAUNC
length: 15491 offset: 1016416 name: DSRLAUNC
length: 41 offset: 1031908 name: DPRXPLOD
length: 14483 offset: 1031952 name: DSRXPLOD
length: 51 offset: 1046436 name: DPFIRSHT
length: 14748 offset: 1046488 name: DSFIRSHT
length: 33 offset: 1061236 name: DPFIRXPL
length: 11701 offset: 1061272 name: DSFIRXPL
length: 12 offset: 1072976 name: DPPSTART
length: 8236 offset: 1072988 name: DSPSTART
length: 11 offset: 1081224 name: DPPSTOP
length: 6666 offset: 1081236 name: DSPSTOP
length: 55 offset: 1087904 name: DPDOROPN
length: 13824 offset: 1087960 name: DSDOROPN
length: 52 offset: 1101784 name: DPDORCLS
length: 13890 offset: 1101836 name: DSDORCLS
length: 11 offset: 1115728 name: DPSTNMOV
length: 2967 offset: 1115740 name: DSSTNMOV
length: 12 offset: 1118708 name: DPSWTCHN
length: 6263 offset: 1118720 name: DSSWTCHN
length: 12 offset: 1124984 name: DPSWTCHX
length: 5411 offset: 1124996 name: DSSWTCHX
length: 39 offset: 1130408 name: DPPLPAIN
length: 15160 offset: 1130448 name: DSPLPAIN
length: 39 offset: 1145608 name: DPDMPAIN
length: 9519 offset: 1145648 name: DSDMPAIN
length: 42 offset: 1155168 name: DPPOPAIN
length: 8643 offset: 1155212 name: DSPOPAIN
length: 43 offset: 1163856 name: DPSLOP
length: 11126 offset: 1163900 name: DSSLOP
length: 57 offset: 1175028 name: DPITEMUP
length: 2271 offset: 1175088 name: DSITEMUP
length: 19 offset: 1177360 name: DPWPNUP
length: 5883 offset: 1177380 name: DSWPNUP
length: 14 offset: 1183264 name: DPOOF
length: 3918 offset: 1183280 name: DSOOF
length: 82 offset: 1187200 name: DPTELEPT
length: 15492 offset: 1187284 name: DSTELEPT
length: 63 offset: 1202776 name: DPPOSIT1
length: 5342 offset: 1202840 name: DSPOSIT1
length: 63 offset: 1208184 name: DPPOSIT2
length: 11286 offset: 1208248 name: DSPOSIT2
length: 63 offset: 1219536 name: DPPOSIT3
length: 11103 offset: 1219600 name: DSPOSIT3
length: 63 offset: 1230704 name: DPBGSIT1
length: 13634 offset: 1230768 name: DSBGSIT1
length: 63 offset: 1244404 name: DPBGSIT2
length: 16083 offset: 1244468 name: DSBGSIT2
length: 63 offset: 1260552 name: DPSGTSIT
length: 11172 offset: 1260616 name: DSSGTSIT
length: 133 offset: 1271788 name: DPBRSSIT
length: 13770 offset: 1271924 name: DSBRSSIT
length: 63 offset: 1285696 name: DPSGTATK
length: 9358 offset: 1285760 name: DSSGTATK
length: 63 offset: 1295120 name: DPCLAW
length: 6412 offset: 1295184 name: DSCLAW
length: 83 offset: 1301596 name: DPPLDETH
length: 11020 offset: 1301680 name: DSPLDETH
length: 14 offset: 1312700 name: DPPDIEHI
length: 10843 offset: 1312716 name: DSPDIEHI
length: 87 offset: 1323560 name: DPPODTH1
length: 12971 offset: 1323648 name: DSPODTH1
length: 87 offset: 1336620 name: DPPODTH2
length: 9342 offset: 1336708 name: DSPODTH2
length: 87 offset: 1346052 name: DPPODTH3
length: 10954 offset: 1346140 name: DSPODTH3
length: 87 offset: 1357096 name: DPBGDTH1
length: 7129 offset: 1357184 name: DSBGDTH1
length: 87 offset: 1364316 name: DPBGDTH2
length: 9319 offset: 1364404 name: DSBGDTH2
length: 87 offset: 1373724 name: DPSGTDTH
length: 12259 offset: 1373812 name: DSSGTDTH
length: 69 offset: 1386072 name: DPBRSDTH
length: 11043 offset: 1386144 name: DSBRSDTH
length: 107 offset: 1397188 name: DPPOSACT
length: 10782 offset: 1397296 name: DSPOSACT
length: 107 offset: 1408080 name: DPBGACT
length: 10032 offset: 1408188 name: DSBGACT
length: 107 offset: 1418220 name: DPDMACT
length: 11857 offset: 1418328 name: DSDMACT
length: 38 offset: 1430188 name: DPNOWAY
length: 3918 offset: 1430228 name: DSNOWAY
length: 122 offset: 1434148 name: DPBAREXP
length: 18600 offset: 1434272 name: DSBAREXP
length: 63 offset: 1452872 name: DPPUNCH
length: 2504 offset: 1452936 name: DSPUNCH
length: 19 offset: 1455440 name: DPTINK
length: 205 offset: 1455460 name: DSTINK
length: 55 offset: 1455668 name: DPBDOPN
length: 4189 offset: 1455724 name: DSBDOPN
length: 52 offset: 1459916 name: DPBDCLS
length: 4203 offset: 1459968 name: DSBDCLS
length: 19 offset: 1464172 name: DPITMBK
length: 11183 offset: 1464192 name: DSITMBK
length: 14 offset: 1475376 name: DPGETPOW
length: 7936 offset: 1475392 name: DSGETPOW
length: 17283 offset: 1483328 name: D_E1M1
length: 36776 offset: 1500612 name: D_E1M2
length: 19276 offset: 1537388 name: D_E1M3
length: 18216 offset: 1556664 name: D_E1M4
length: 9830 offset: 1574880 name: D_E1M5
length: 9456 offset: 1584712 name: D_E1M6
length: 8591 offset: 1594168 name: D_E1M7
length: 59535 offset: 1602760 name: D_E1M8
length: 21266 offset: 1662296 name: D_E1M9
length: 29082 offset: 1683564 name: D_INTER
length: 1485 offset: 1712648 name: D_INTRO
length: 13752 offset: 1714136 name: D_VICTOR
length: 631 offset: 1727888 name: D_INTROA
length: 68168 offset: 1728520 name: HELP1
length: 68168 offset: 1796688 name: HELP2
length: 68168 offset: 1864856 name: CREDIT
length: 68168 offset: 1933024 name: TITLEPIC
length: 48 offset: 2001192 name: AMMNUM0
length: 32 offset: 2001240 name: AMMNUM1
length: 60 offset: 2001272 name: AMMNUM2
length: 60 offset: 2001332 name: AMMNUM3
length: 44 offset: 2001392 name: AMMNUM4
length: 60 offset: 2001436 name: AMMNUM5
length: 56 offset: 2001496 name: AMMNUM6
length: 52 offset: 2001552 name: AMMNUM7
length: 60 offset: 2001604 name: AMMNUM8
length: 52 offset: 2001664 name: AMMNUM9
length: 13128 offset: 2001716 name: STBAR
length: 68 offset: 2014844 name: STGNUM0
length: 64 offset: 2014912 name: STGNUM1
length: 76 offset: 2014976 name: STGNUM2
length: 72 offset: 2015052 name: STGNUM3
length: 60 offset: 2015124 name: STGNUM4
length: 72 offset: 2015184 name: STGNUM5
length: 72 offset: 2015256 name: STGNUM6
length: 72 offset: 2015328 name: STGNUM7
length: 76 offset: 2015400 name: STGNUM8
length: 72 offset: 2015476 name: STGNUM9
length: 128 offset: 2015548 name: STTMINUS
length: 320 offset: 2015676 name: STTNUM0
length: 244 offset: 2015996 name: STTNUM1
length: 336 offset: 2016240 name: STTNUM2
length: 336 offset: 2016576 name: STTNUM3
length: 316 offset: 2016912 name: STTNUM4
length: 348 offset: 2017228 name: STTNUM5
length: 340 offset: 2017576 name: STTNUM6
length: 276 offset: 2017916 name: STTNUM7
length: 348 offset: 2018192 name: STTNUM8
length: 336 offset: 2018540 name: STTNUM9
length: 328 offset: 2018876 name: STTPRCNT
length: 68 offset: 2019204 name: STYSNUM0
length: 64 offset: 2019272 name: STYSNUM1
length: 76 offset: 2019336 name: STYSNUM2
length: 72 offset: 2019412 name: STYSNUM3
length: 60 offset: 2019484 name: STYSNUM4
length: 72 offset: 2019544 name: STYSNUM5
length: 72 offset: 2019616 name: STYSNUM6
length: 72 offset: 2019688 name: STYSNUM7
length: 76 offset: 2019760 name: STYSNUM8
length: 72 offset: 2019836 name: STYSNUM9
length: 104 offset: 2019908 name: STKEYS0
length: 104 offset: 2020012 name: STKEYS1
length: 104 offset: 2020116 name: STKEYS2
length: 120 offset: 2020220 name: STKEYS3
length: 120 offset: 2020340 name: STKEYS4
length: 120 offset: 2020460 name: STKEYS5
length: 392 offset: 2020580 name: STDISK
length: 328 offset: 2020972 name: STCDROM
length: 1648 offset: 2021300 name: STARMS
length: 72 offset: 2022948 name: STCFN033
length: 100 offset: 2023020 name: STCFN034
length: 116 offset: 2023120 name: STCFN035
length: 128 offset: 2023236 name: STCFN036
length: 144 offset: 2023364 name: STCFN037
length: 132 offset: 2023508 name: STCFN038
length: 60 offset: 2023640 name: STCFN039
length: 120 offset: 2023700 name: STCFN040
length: 120 offset: 2023820 name: STCFN041
length: 96 offset: 2023940 name: STCFN042
length: 76 offset: 2024036 name: STCFN043
length: 60 offset: 2024112 name: STCFN044
length: 80 offset: 2024172 name: STCFN045
length: 56 offset: 2024252 name: STCFN046
length: 100 offset: 2024308 name: STCFN047
length: 132 offset: 2024408 name: STCFN048
length: 84 offset: 2024540 name: STCFN049
length: 140 offset: 2024624 name: STCFN050
length: 132 offset: 2024764 name: STCFN051
length: 116 offset: 2024896 name: STCFN052
length: 124 offset: 2025012 name: STCFN053
length: 132 offset: 2025136 name: STCFN054
length: 120 offset: 2025268 name: STCFN055
length: 140 offset: 2025388 name: STCFN056
length: 132 offset: 2025528 name: STCFN057
length: 84 offset: 2025660 name: STCFN058
length: 72 offset: 2025744 name: STCFN059
length: 80 offset: 2025816 name: STCFN060
length: 80 offset: 2025896 name: STCFN061
length: 80 offset: 2025976 name: STCFN062
length: 128 offset: 2026056 name: STCFN063
length: 156 offset: 2026184 name: STCFN064
length: 132 offset: 2026340 name: STCFN065
length: 140 offset: 2026472 name: STCFN066
length: 140 offset: 2026612 name: STCFN067
length: 132 offset: 2026752 name: STCFN068
length: 132 offset: 2026884 name: STCFN069
length: 128 offset: 2027016 name: STCFN070
length: 132 offset: 2027144 name: STCFN071
length: 136 offset: 2027276 name: STCFN072
length: 72 offset: 2027412 name: STCFN073
length: 120 offset: 2027484 name: STCFN074
length: 140 offset: 2027604 name: STCFN075
length: 120 offset: 2027744 name: STCFN076
length: 148 offset: 2027864 name: STCFN077
length: 136 offset: 2028012 name: STCFN078
length: 124 offset: 2028148 name: STCFN079
length: 128 offset: 2028272 name: STCFN080
length: 136 offset: 2028400 name: STCFN081
length: 140 offset: 2028536 name: STCFN082
length: 120 offset: 2028676 name: STCFN083
length: 120 offset: 2028796 name: STCFN084
length: 132 offset: 2028916 name: STCFN085
length: 108 offset: 2029048 name: STCFN086
length: 148 offset: 2029156 name: STCFN087
length: 160 offset: 2029304 name: STCFN088
length: 124 offset: 2029464 name: STCFN089
length: 128 offset: 2029588 name: STCFN090
length: 92 offset: 2029716 name: STCFN091
length: 100 offset: 2029808 name: STCFN092
length: 92 offset: 2029908 name: STCFN093
length: 96 offset: 2030000 name: STCFN094
length: 104 offset: 2030096 name: STCFN095
length: 72 offset: 2030200 name: STCFN121
length: 1408 offset: 2030272 name: STFB1
length: 1408 offset: 2031680 name: STFB0
length: 1408 offset: 2033088 name: STFB2
length: 1408 offset: 2034496 name: STFB3
length: 1480 offset: 2035904 name: STPB1
length: 1480 offset: 2037384 name: STPB0
length: 1480 offset: 2038864 name: STPB2
length: 1480 offset: 2040344 name: STPB3
length: 808 offset: 2041824 name: STFST01
length: 808 offset: 2042632 name: STFST00
length: 808 offset: 2043440 name: STFST02
length: 884 offset: 2044248 name: STFTL00
length: 880 offset: 2045132 name: STFTR00
length: 844 offset: 2046012 name: STFOUCH0
length: 816 offset: 2046856 name: STFEVL0
length: 824 offset: 2047672 name: STFKILL0
length: 808 offset: 2048496 name: STFST11
length: 808 offset: 2049304 name: STFST10
length: 800 offset: 2050112 name: STFST12
length: 884 offset: 2050912 name: STFTL10
length: 888 offset: 2051796 name: STFTR10
length: 844 offset: 2052684 name: STFOUCH1
length: 816 offset: 2053528 name: STFEVL1
length: 824 offset: 2054344 name: STFKILL1
length: 828 offset: 2055168 name: STFST21
length: 824 offset: 2055996 name: STFST20
length: 824 offset: 2056820 name: STFST22
length: 896 offset: 2057644 name: STFTL20
length: 896 offset: 2058540 name: STFTR20
length: 844 offset: 2059436 name: STFOUCH2
length: 816 offset: 2060280 name: STFEVL2
length: 824 offset: 2061096 name: STFKILL2
length: 836 offset: 2061920 name: STFST31
length: 840 offset: 2062756 name: STFST30
length: 832 offset: 2063596 name: STFST32
length: 944 offset: 2064428 name: STFTL30
length: 908 offset: 2065372 name: STFTR30
length: 844 offset: 2066280 name: STFOUCH3
length: 816 offset: 2067124 name: STFEVL3
length: 824 offset: 2067940 name: STFKILL3
length: 836 offset: 2068764 name: STFST41
length: 844 offset: 2069600 name: STFST40
length: 844 offset: 2070444 name: STFST42
length: 984 offset: 2071288 name: STFTL40
length: 908 offset: 2072272 name: STFTR40
length: 844 offset: 2073180 name: STFOUCH4
length: 816 offset: 2074024 name: STFEVL4
length: 824 offset: 2074840 name: STFKILL4
length: 808 offset: 2075664 name: STFGOD0
length: 836 offset: 2076472 name: STFDEAD0
length: 6772 offset: 2077308 name: M_DOOM
length: 2312 offset: 2084080 name: M_RDTHIS
length: 1856 offset: 2086392 name: M_OPTION
length: 2220 offset: 2088248 name: M_QUITG
length: 2128 offset: 2090468 name: M_NGAME
length: 504 offset: 2092596 name: M_SKULL1
length: 504 offset: 2093100 name: M_SKULL2
length: 108 offset: 2093604 name: M_THERMO
length: 140 offset: 2093712 name: M_THERMR
length: 208 offset: 2093852 name: M_THERMM
length: 140 offset: 2094060 name: M_THERML
length: 2180 offset: 2094200 name: M_ENDGAM
length: 1408 offset: 2096380 name: M_PAUSE
length: 2448 offset: 2097788 name: M_MESSG
length: 628 offset: 2100236 name: M_MSGON
length: 728 offset: 2100864 name: M_MSGOFF
length: 3404 offset: 2101592 name: M_EPISOD
length: 4908 offset: 2104996 name: M_EPI1
length: 4220 offset: 2109904 name: M_EPI2
length: 1784 offset: 2114124 name: M_EPI3
length: 3232 offset: 2115908 name: M_HURT
length: 4248 offset: 2119140 name: M_JKILL
length: 4320 offset: 2123388 name: M_ROUGH
length: 4396 offset: 2127708 name: M_SKILL
length: 2452 offset: 2132104 name: M_NEWG
length: 3632 offset: 2134556 name: M_ULTRA
length: 2636 offset: 2138188 name: M_NMARE
length: 3192 offset: 2140824 name: M_SVOL
length: 2164 offset: 2144016 name: M_OPTTTL
length: 2364 offset: 2146180 name: M_SAVEG
length: 2332 offset: 2148544 name: M_LOADG
length: 1692 offset: 2150876 name: M_DISP
length: 3920 offset: 2152568 name: M_MSENS
length: 996 offset: 2156488 name: M_GDHIGH
length: 800 offset: 2157484 name: M_GDLOW
length: 3300 offset: 2158284 name: M_DETAIL
length: 4268 offset: 2161584 name: M_DISOPT
length: 2852 offset: 2165852 name: M_SCRNSZ
length: 2796 offset: 2168704 name: M_SGTTL
length: 2796 offset: 2171500 name: M_LGTTL
length: 2520 offset: 2174296 name: M_SFXVOL
length: 2976 offset: 2176816 name: M_MUSVOL
length: 192 offset: 2179792 name: M_LSLEFT
length: 192 offset: 2179984 name: M_LSCNTR
length: 192 offset: 2180176 name: M_LSRGHT
length: 44 offset: 2180368 name: BRDR_TL
length: 104 offset: 2180412 name: BRDR_T
length: 44 offset: 2180516 name: BRDR_TR
length: 60 offset: 2180560 name: BRDR_L
length: 60 offset: 2180620 name: BRDR_R
length: 44 offset: 2180680 name: BRDR_BL
length: 104 offset: 2180724 name: BRDR_B
length: 44 offset: 2180828 name: BRDR_BR
length: 68168 offset: 2180872 name: WIMAP0
length: 144 offset: 2249040 name: WIA00900
length: 144 offset: 2249184 name: WIA00901
length: 144 offset: 2249328 name: WIA00902
length: 208 offset: 2249472 name: WIA00800
length: 208 offset: 2249680 name: WIA00801
length: 208 offset: 2249888 name: WIA00802
length: 208 offset: 2250096 name: WIA00700
length: 208 offset: 2250304 name: WIA00701
length: 208 offset: 2250512 name: WIA00702
length: 144 offset: 2250720 name: WIA00600
length: 144 offset: 2250864 name: WIA00601
length: 144 offset: 2251008 name: WIA00602
length: 144 offset: 2251152 name: WIA00500
length: 144 offset: 2251296 name: WIA00501
length: 144 offset: 2251440 name: WIA00502
length: 144 offset: 2251584 name: WIA00400
length: 144 offset: 2251728 name: WIA00401
length: 144 offset: 2251872 name: WIA00402
length: 208 offset: 2252016 name: WIA00300
length: 208 offset: 2252224 name: WIA00301
length: 208 offset: 2252432 name: WIA00302
length: 208 offset: 2252640 name: WIA00200
length: 208 offset: 2252848 name: WIA00201
length: 208 offset: 2253056 name: WIA00202
length: 416 offset: 2253264 name: WIA00100
length: 416 offset: 2253680 name: WIA00101
length: 416 offset: 2254096 name: WIA00102
length: 144 offset: 2254512 name: WIA00000
length: 144 offset: 2254656 name: WIA00001
length: 144 offset: 2254800 name: WIA00002
length: 1080 offset: 2254944 name: WIURH0
length: 1080 offset: 2256024 name: WIURH1
length: 644 offset: 2257104 name: WISPLAT
length: 1084 offset: 2257748 name: WIOSTK
length: 1184 offset: 2258832 name: WIOSTI
length: 1844 offset: 2260016 name: WIF
length: 1156 offset: 2261860 name: WIMSTT
length: 1076 offset: 2263016 name: WIOSTS
length: 272 offset: 2264092 name: WIOSTF
length: 880 offset: 2264364 name: WITIME
length: 808 offset: 2265244 name: WIPAR
length: 860 offset: 2266052 name: WIMSTAR
length: 80 offset: 2266912 name: WIMINUS
length: 264 offset: 2266992 name: WIPCNT
length: 228 offset: 2267256 name: WINUM0
length: 136 offset: 2267484 name: WINUM1
length: 244 offset: 2267620 name: WINUM2
length: 236 offset: 2267864 name: WINUM3
length: 212 offset: 2268100 name: WINUM4
length: 244 offset: 2268312 name: WINUM5
length: 236 offset: 2268556 name: WINUM6
length: 188 offset: 2268792 name: WINUM7
length: 232 offset: 2268980 name: WINUM8
length: 232 offset: 2269212 name: WINUM9
length: 108 offset: 2269444 name: WICOLON
length: 1460 offset: 2269552 name: WISUCKS
length: 1136 offset: 2271012 name: WIFRGS
length: 1712 offset: 2272148 name: WILV00
length: 3064 offset: 2273860 name: WILV01
length: 3152 offset: 2276924 name: WILV02
length: 3896 offset: 2280076 name: WILV03
length: 2556 offset: 2283972 name: WILV04
length: 4556 offset: 2286528 name: WILV05
length: 3960 offset: 2291084 name: WILV06
length: 3660 offset: 2295044 name: WILV07
length: 2920 offset: 2298704 name: WILV08
length: 3964 offset: 2301624 name: WILV11
length: 1960 offset: 2305588 name: WILV12
length: 3628 offset: 2307548 name: WILV14
length: 4336 offset: 2311176 name: WILV15
length: 3208 offset: 2315512 name: WILV16
length: 3288 offset: 2318720 name: WILV17
length: 4656 offset: 2322008 name: WILV18
length: 2080 offset: 2326664 name: WILV20
length: 4064 offset: 2328744 name: WILV21
length: 2944 offset: 2332808 name: WILV22
length: 3004 offset: 2335752 name: WILV23
length: 3940 offset: 2338756 name: WILV24
length: 2304 offset: 2342696 name: WILV25
length: 2908 offset: 2345000 name: WILV26
length: 752 offset: 2347908 name: WILV27
length: 1984 offset: 2348660 name: WILV28
length: 2416 offset: 2350644 name: WILV13
length: 3508 offset: 2353060 name: WILV10
length: 404 offset: 2356568 name: WIP1
length: 512 offset: 2356972 name: WIP2
length: 500 offset: 2357484 name: WIP3
length: 480 offset: 2357984 name: WIP4
length: 404 offset: 2358464 name: WIBP1
length: 512 offset: 2358868 name: WIBP2
length: 500 offset: 2359380 name: WIBP3
length: 480 offset: 2359880 name: WIBP4
length: 532 offset: 2360360 name: WIKILRS
length: 904 offset: 2360892 name: WIVCTMS
length: 1592 offset: 2361796 name: WISCRT2
length: 2036 offset: 2363388 name: WIENTER
length: 0 offset: 0 name: S_START
length: 8180 offset: 2365424 name: CHGGA0
length: 8204 offset: 2373604 name: CHGGB0
length: 2684 offset: 2381808 name: CHGFA0
length: 2308 offset: 2384492 name: CHGFB0
length: 6692 offset: 2386800 name: SAWGA0
length: 6692 offset: 2393492 name: SAWGB0
length: 7852 offset: 2400184 name: SAWGC0
length: 7980 offset: 2408036 name: SAWGD0
length: 2632 offset: 2416016 name: PISGA0
length: 3768 offset: 2418648 name: PISGB0
length: 3664 offset: 2422416 name: PISGC0
length: 3616 offset: 2426080 name: PISGD0
length: 4892 offset: 2429696 name: PISGE0
length: 1408 offset: 2434588 name: PISFA0
length: 320 offset: 2435996 name: BAL1A0
length: 320 offset: 2436316 name: BAL1B0
length: 1316 offset: 2436636 name: BAL1C0
length: 1624 offset: 2437952 name: BAL1D0
length: 2064 offset: 2439576 name: BAL1E0
length: 76 offset: 2441640 name: PUFFA0
length: 144 offset: 2441716 name: PUFFB0
length: 256 offset: 2441860 name: PUFFC0
length: 376 offset: 2442116 name: PUFFD0
length: 76 offset: 2442492 name: BLUDA0
length: 132 offset: 2442568 name: BLUDB0
length: 216 offset: 2442700 name: BLUDC0
length: 340 offset: 2442916 name: BAL2A0
length: 316 offset: 2443256 name: BAL2B0
length: 1884 offset: 2443572 name: BAL2C0
length: 2360 offset: 2445456 name: BAL2D0
length: 2228 offset: 2447816 name: BAL2E0
length: 3788 offset: 2450044 name: MISLB0
length: 5976 offset: 2453832 name: MISLC0
length: 4260 offset: 2459808 name: MISLD0
length: 2184 offset: 2464068 name: TFOGA0
length: 1696 offset: 2466252 name: TFOGB0
length: 1396 offset: 2467948 name: TFOGC0
length: 1020 offset: 2469344 name: TFOGD0
length: 392 offset: 2470364 name: TFOGE0
length: 152 offset: 2470756 name: TFOGF0
length: 44 offset: 2470908 name: TFOGG0
length: 88 offset: 2470952 name: TFOGH0
length: 176 offset: 2471040 name: TFOGI0
length: 260 offset: 2471216 name: TFOGJ0
length: 1396 offset: 2471476 name: IFOGA0
length: 1052 offset: 2472872 name: IFOGB0
length: 388 offset: 2473924 name: IFOGC0
length: 144 offset: 2474312 name: IFOGD0
length: 44 offset: 2474456 name: IFOGE0
length: 244 offset: 2474500 name: APLSA0
length: 256 offset: 2474744 name: APLSB0
length: 628 offset: 2475000 name: APBXA0
length: 1236 offset: 2475628 name: APBXB0
length: 872 offset: 2476864 name: APBXC0
length: 460 offset: 2477736 name: APBXD0
length: 108 offset: 2478196 name: APBXE0
length: 1104 offset: 2478304 name: MANFA1
length: 1328 offset: 2479408 name: MANFA8A2
length: 1588 offset: 2480736 name: MANFA7A3
length: 1344 offset: 2482324 name: MANFA6A4
length: 944 offset: 2483668 name: MANFA5
length: 1092 offset: 2484612 name: MANFB1
length: 1332 offset: 2485704 name: MANFB8B2
length: 1588 offset: 2487036 name: MANFB7B3
length: 1232 offset: 2488624 name: MANFB6B4
length: 756 offset: 2489856 name: MANFB5
length: 1396 offset: 2490612 name: BOSFA0
length: 1444 offset: 2492008 name: BOSFB0
length: 1308 offset: 2493452 name: BOSFC0
length: 1368 offset: 2494760 name: BOSFD0
length: 3112 offset: 2496128 name: PUNGA0
length: 2596 offset: 2499240 name: PUNGB0
length: 4152 offset: 2501836 name: PUNGC0
length: 6716 offset: 2505988 name: PUNGD0
length: 5976 offset: 2512704 name: MISGA0
length: 6588 offset: 2518680 name: MISGB0
length: 1624 offset: 2525268 name: MISFA0
length: 3208 offset: 2526892 name: MISFB0
length: 4792 offset: 2530100 name: MISFC0
length: 4496 offset: 2534892 name: MISFD0
length: 264 offset: 2539388 name: MISLA1
length: 600 offset: 2539652 name: MISLA8A2
length: 892 offset: 2540252 name: MISLA7A3
length: 484 offset: 2541144 name: MISLA6A4
length: 264 offset: 2541628 name: MISLA5
length: 3400 offset: 2541892 name: SHTGA0
length: 8860 offset: 2545292 name: SHTGB0
length: 10368 offset: 2554152 name: SHTGC0
length: 10668 offset: 2564520 name: SHTGD0
length: 1156 offset: 2575188 name: SHTFA0
length: 1668 offset: 2576344 name: SHTFB0
length: 2000 offset: 2578012 name: SARGA1
length: 2384 offset: 2580012 name: SARGA2A8
length: 2388 offset: 2582396 name: SARGA3A7
length: 2160 offset: 2584784 name: SARGA4A6
length: 1640 offset: 2586944 name: SARGA5
length: 2080 offset: 2588584 name: SARGB1
length: 2040 offset: 2590664 name: SARGB2B8
length: 2164 offset: 2592704 name: SARGB3B7
length: 2056 offset: 2594868 name: SARGB4B6
length: 1848 offset: 2596924 name: SARGB5
length: 1996 offset: 2598772 name: SARGC1
length: 2172 offset: 2600768 name: SARGC2C8
length: 2288 offset: 2602940 name: SARGC3C7
length: 1988 offset: 2605228 name: SARGC4C6
length: 1640 offset: 2607216 name: SARGC5
length: 2080 offset: 2608856 name: SARGD1
length: 2144 offset: 2610936 name: SARGD2D8
length: 2176 offset: 2613080 name: SARGD3D7
length: 1832 offset: 2615256 name: SARGD4D6
length: 1848 offset: 2617088 name: SARGD5
length: 2144 offset: 2618936 name: SARGE1
length: 1920 offset: 2621080 name: SARGE2
length: 2232 offset: 2623000 name: SARGE3
length: 2028 offset: 2625232 name: SARGE4
length: 1844 offset: 2627260 name: SARGE5
length: 1816 offset: 2629104 name: SARGE6
length: 2336 offset: 2630920 name: SARGE7
length: 2216 offset: 2633256 name: SARGE8
length: 2148 offset: 2635472 name: SARGF1
length: 2124 offset: 2637620 name: SARGF2
length: 2560 offset: 2639744 name: SARGF3
length: 2144 offset: 2642304 name: SARGF4
length: 1976 offset: 2644448 name: SARGF5
length: 1964 offset: 2646424 name: SARGF6
length: 2660 offset: 2648388 name: SARGF7
length: 2456 offset: 2651048 name: SARGF8
length: 2172 offset: 2653504 name: SARGG1
length: 2012 offset: 2655676 name: SARGG2
length: 2436 offset: 2657688 name: SARGG3
length: 2088 offset: 2660124 name: SARGG4
length: 2036 offset: 2662212 name: SARGG5
length: 1936 offset: 2664248 name: SARGG6
length: 2528 offset: 2666184 name: SARGG7
length: 2292 offset: 2668712 name: SARGG8
length: 2088 offset: 2671004 name: SARGH1
length: 1972 offset: 2673092 name: SARGH2
length: 2172 offset: 2675064 name: SARGH3
length: 2000 offset: 2677236 name: SARGH4
length: 1560 offset: 2679236 name: SARGH5
length: 1696 offset: 2680796 name: SARGH6
length: 2156 offset: 2682492 name: SARGH7
length: 2108 offset: 2684648 name: SARGH8
length: 2340 offset: 2686756 name: SARGI0
length: 2248 offset: 2689096 name: SARGJ0
length: 1900 offset: 2691344 name: SARGK0
length: 1908 offset: 2693244 name: SARGL0
length: 1836 offset: 2695152 name: SARGM0
length: 1728 offset: 2696988 name: SARGN0
length: 1632 offset: 2698716 name: TROOA1
length: 1564 offset: 2700348 name: TROOA2A8
length: 1144 offset: 2701912 name: TROOA3A7
length: 1048 offset: 2703056 name: TROOA4A6
length: 1208 offset: 2704104 name: TROOA5
length: 1600 offset: 2705312 name: TROOB1
length: 1420 offset: 2706912 name: TROOB2B8
length: 1304 offset: 2708332 name: TROOB3B7
length: 1228 offset: 2709636 name: TROOB4B6
length: 1152 offset: 2710864 name: TROOB5
length: 1612 offset: 2712016 name: TROOC1
length: 1528 offset: 2713628 name: TROOC2C8
length: 1148 offset: 2715156 name: TROOC3C7
length: 1060 offset: 2716304 name: TROOC4C6
length: 1212 offset: 2717364 name: TROOC5
length: 1528 offset: 2718576 name: TROOD1
length: 1652 offset: 2720104 name: TROOD2D8
length: 1320 offset: 2721756 name: TROOD3D7
length: 1012 offset: 2723076 name: TROOD4D6
length: 1148 offset: 2724088 name: TROOD5
length: 1680 offset: 2725236 name: TROOE1
length: 1260 offset: 2726916 name: TROOE2E8
length: 1284 offset: 2728176 name: TROOE3E7
length: 1252 offset: 2729460 name: TROOE4E6
length: 1176 offset: 2730712 name: TROOE5
length: 1588 offset: 2731888 name: TROOF1
length: 1476 offset: 2733476 name: TROOF2F8
length: 1380 offset: 2734952 name: TROOF3F7
length: 1180 offset: 2736332 name: TROOF4F6
length: 1164 offset: 2737512 name: TROOF5
length: 1328 offset: 2738676 name: TROOG1
length: 1644 offset: 2740004 name: TROOG2G8
length: 1700 offset: 2741648 name: TROOG3G7
length: 1380 offset: 2743348 name: TROOG4G6
length: 1112 offset: 2744728 name: TROOG5
length: 1452 offset: 2745840 name: TROOH1
length: 1144 offset: 2747292 name: TROOH2H8
length: 1328 offset: 2748436 name: TROOH3H7
length: 1336 offset: 2749764 name: TROOH4H6
length: 1404 offset: 2751100 name: TROOH5
length: 1592 offset: 2752504 name: TROOI0
length: 1504 offset: 2754096 name: TROOJ0
length: 1300 offset: 2755600 name: TROOK0
length: 1292 offset: 2756900 name: TROOL0
length: 1232 offset: 2758192 name: TROOM0
length: 2212 offset: 2759424 name: TROON0
length: 2548 offset: 2761636 name: TROOO0
length: 2852 offset: 2764184 name: TROOP0
length: 2576 offset: 2767036 name: TROOQ0
length: 2008 offset: 2769612 name: TROOR0
length: 1824 offset: 2771620 name: TROOS0
length: 1456 offset: 2773444 name: TROOT0
length: 1240 offset: 2774900 name: TROOU0
length: 2288 offset: 2776140 name: BOSSA1
length: 2180 offset: 2778428 name: BOSSA2A8
length: 2456 offset: 2780608 name: BOSSA3A7
length: 2184 offset: 2783064 name: BOSSA4A6
length: 2148 offset: 2785248 name: BOSSA5
length: 2792 offset: 2787396 name: BOSSB1
length: 2412 offset: 2790188 name: BOSSB2B8
length: 2000 offset: 2792600 name: BOSSB3B7
length: 2156 offset: 2794600 name: BOSSB4B6
length: 2532 offset: 2796756 name: BOSSB5
length: 2288 offset: 2799288 name: BOSSC1
length: 2480 offset: 2801576 name: BOSSC2C8
length: 2400 offset: 2804056 name: BOSSC3C7
length: 2024 offset: 2806456 name: BOSSC4C6
length: 2148 offset: 2808480 name: BOSSC5
length: 2788 offset: 2810628 name: BOSSD1
length: 2380 offset: 2813416 name: BOSSD2D8
length: 2020 offset: 2815796 name: BOSSD3D7
length: 2224 offset: 2817816 name: BOSSD4D6
length: 2532 offset: 2820040 name: BOSSD5
length: 2792 offset: 2822572 name: BOSSE1
length: 2036 offset: 2825364 name: BOSSE2
length: 2508 offset: 2827400 name: BOSSE3
length: 2732 offset: 2829908 name: BOSSE4
length: 2540 offset: 2832640 name: BOSSE5
length: 2124 offset: 2835180 name: BOSSE6
length: 2380 offset: 2837304 name: BOSSE7
length: 2984 offset: 2839684 name: BOSSE8
length: 3068 offset: 2842668 name: BOSSF1
length: 2604 offset: 2845736 name: BOSSF2
length: 2316 offset: 2848340 name: BOSSF3
length: 2536 offset: 2850656 name: BOSSF4
length: 2544 offset: 2853192 name: BOSSF5
length: 2468 offset: 2855736 name: BOSSF6
length: 2112 offset: 2858204 name: BOSSF7
length: 2592 offset: 2860316 name: BOSSF8
length: 2400 offset: 2862908 name: BOSSG1
length: 2724 offset: 2865308 name: BOSSG2
length: 2308 offset: 2868032 name: BOSSG3
length: 2216 offset: 2870340 name: BOSSG4
length: 2216 offset: 2872556 name: BOSSG5
length: 2332 offset: 2874772 name: BOSSG6
length: 2200 offset: 2877104 name: BOSSG7
length: 2352 offset: 2879304 name: BOSSG8
length: 2692 offset: 2881656 name: BOSSH1
length: 2372 offset: 2884348 name: BOSSH2
length: 2508 offset: 2886720 name: BOSSH3
length: 2324 offset: 2889228 name: BOSSH4
length: 2376 offset: 2891552 name: BOSSH5
length: 2200 offset: 2893928 name: BOSSH6
length: 2272 offset: 2896128 name: BOSSH7
length: 2436 offset: 2898400 name: BOSSH8
length: 2692 offset: 2900836 name: BOSSI0
length: 2576 offset: 2903528 name: BOSSJ0
length: 2504 offset: 2906104 name: BOSSK0
length: 2032 offset: 2908608 name: BOSSL0
length: 1760 offset: 2910640 name: BOSSM0
length: 1784 offset: 2912400 name: BOSSN0
length: 1784 offset: 2914184 name: BOSSO0
length: 424 offset: 2915968 name: BAL7A1A5
length: 576 offset: 2916392 name: BAL7A2A8
length: 748 offset: 2916968 name: BAL7A3A7
length: 508 offset: 2917716 name: BAL7A4A6
length: 460 offset: 2918224 name: BAL7B1B5
length: 568 offset: 2918684 name: BAL7B2B8
length: 768 offset: 2919252 name: BAL7B3B7
length: 520 offset: 2920020 name: BAL7B4B6
length: 1020 offset: 2920540 name: BAL7C0
length: 1308 offset: 2921560 name: BAL7D0
length: 1776 offset: 2922868 name: BAL7E0
length: 1420 offset: 2924644 name: PLAYA1
length: 1332 offset: 2926064 name: PLAYA2A8
length: 1424 offset: 2927396 name: PLAYA3A7
length: 1388 offset: 2928820 name: PLAYA4A6
length: 1220 offset: 2930208 name: PLAYA5
length: 1452 offset: 2931428 name: PLAYB1
length: 1288 offset: 2932880 name: PLAYB2B8
length: 1300 offset: 2934168 name: PLAYB3B7
length: 1388 offset: 2935468 name: PLAYB4B6
length: 1312 offset: 2936856 name: PLAYB5
length: 1432 offset: 2938168 name: PLAYC1
length: 1436 offset: 2939600 name: PLAYC2C8
length: 1304 offset: 2941036 name: PLAYC3C7
length: 1352 offset: 2942340 name: PLAYC4C6
length: 1344 offset: 2943692 name: PLAYC5
length: 1440 offset: 2945036 name: PLAYD1
length: 1400 offset: 2946476 name: PLAYD2D8
length: 1228 offset: 2947876 name: PLAYD3D7
length: 1300 offset: 2949104 name: PLAYD4D6
length: 1348 offset: 2950404 name: PLAYD5
length: 1276 offset: 2951752 name: PLAYE1
length: 1368 offset: 2953028 name: PLAYE2E8
length: 1600 offset: 2954396 name: PLAYE3E7
length: 1420 offset: 2955996 name: PLAYE4E6
length: 1172 offset: 2957416 name: PLAYE5
length: 1280 offset: 2958588 name: PLAYF1
length: 1412 offset: 2959868 name: PLAYF2F8
length: 1648 offset: 2961280 name: PLAYF3F7
length: 1496 offset: 2962928 name: PLAYF4F6
length: 1120 offset: 2964424 name: PLAYF5
length: 1492 offset: 2965544 name: PLAYG1
length: 1316 offset: 2967036 name: PLAYG2G8
length: 1484 offset: 2968352 name: PLAYG3G7
length: 1496 offset: 2969836 name: PLAYG4G6
length: 1396 offset: 2971332 name: PLAYG5
length: 1636 offset: 2972728 name: PLAYH0
length: 1428 offset: 2974364 name: PLAYI0
length: 1532 offset: 2975792 name: PLAYJ0
length: 1412 offset: 2977324 name: PLAYK0
length: 1048 offset: 2978736 name: PLAYL0
length: 1052 offset: 2979784 name: PLAYM0
length: 1060 offset: 2980836 name: PLAYN0
length: 1668 offset: 2981896 name: PLAYO0
length: 2304 offset: 2983564 name: PLAYP0
length: 2432 offset: 2985868 name: PLAYQ0
length: 2304 offset: 2988300 name: PLAYR0
length: 1968 offset: 2990604 name: PLAYS0
length: 1748 offset: 2992572 name: PLAYT0
length: 1604 offset: 2994320 name: PLAYU0
length: 1384 offset: 2995924 name: PLAYV0
length: 1364 offset: 2997308 name: PLAYW0
length: 1392 offset: 2998672 name: POSSA1
length: 1316 offset: 3000064 name: POSSA2A8
length: 1408 offset: 3001380 name: POSSA3A7
length: 1352 offset: 3002788 name: POSSA4A6
length: 1220 offset: 3004140 name: POSSA5
length: 1416 offset: 3005360 name: POSSB1
length: 1260 offset: 3006776 name: POSSB2B8
length: 1284 offset: 3008036 name: POSSB3B7
length: 1356 offset: 3009320 name: POSSB4B6
length: 1300 offset: 3010676 name: POSSB5
length: 1404 offset: 3011976 name: POSSC1
length: 1412 offset: 3013380 name: POSSC2C8
length: 1304 offset: 3014792 name: POSSC3C7
length: 1336 offset: 3016096 name: POSSC4C6
length: 1336 offset: 3017432 name: POSSC5
length: 1428 offset: 3018768 name: POSSD1
length: 1372 offset: 3020196 name: POSSD2D8
length: 1208 offset: 3021568 name: POSSD3D7
length: 1292 offset: 3022776 name: POSSD4D6
length: 1312 offset: 3024068 name: POSSD5
length: 1248 offset: 3025380 name: POSSE1
length: 1356 offset: 3026628 name: POSSE2E8
length: 1584 offset: 3027984 name: POSSE3E7
length: 1420 offset: 3029568 name: POSSE4E6
length: 1156 offset: 3030988 name: POSSE5
length: 1248 offset: 3032144 name: POSSF1
length: 1416 offset: 3033392 name: POSSF2F8
length: 1644 offset: 3034808 name: POSSF3F7
length: 1480 offset: 3036452 name: POSSF4F6
length: 1112 offset: 3037932 name: POSSF5
length: 1484 offset: 3039044 name: POSSG1
length: 1288 offset: 3040528 name: POSSG2G8
length: 1424 offset: 3041816 name: POSSG3G7
length: 1472 offset: 3043240 name: POSSG4G6
length: 1384 offset: 3044712 name: POSSG5
length: 1604 offset: 3046096 name: POSSH0
length: 1276 offset: 3047700 name: POSSI0
length: 1224 offset: 3048976 name: POSSJ0
length: 1128 offset: 3050200 name: POSSK0
length: 988 offset: 3051328 name: POSSL0
length: 1824 offset: 3052316 name: POSSM0
length: 2408 offset: 3054140 name: POSSN0
length: 2524 offset: 3056548 name: POSSO0
length: 2368 offset: 3059072 name: POSSP0
length: 1992 offset: 3061440 name: POSSQ0
length: 1772 offset: 3063432 name: POSSR0
length: 1640 offset: 3065204 name: POSSS0
length: 1464 offset: 3066844 name: POSST0
length: 1352 offset: 3068308 name: POSSU0
length: 1316 offset: 3069660 name: SPOSA1
length: 1224 offset: 3070976 name: SPOSA2A8
length: 1320 offset: 3072200 name: SPOSA3A7
length: 1320 offset: 3073520 name: SPOSA4A6
length: 1212 offset: 3074840 name: SPOSA5
length: 1384 offset: 3076052 name: SPOSB1
length: 1104 offset: 3077436 name: SPOSB2B8
length: 1136 offset: 3078540 name: SPOSB3B7
length: 1312 offset: 3079676 name: SPOSB4B6
length: 1300 offset: 3080988 name: SPOSB5
length: 1336 offset: 3082288 name: SPOSC1
length: 1228 offset: 3083624 name: SPOSC2C8
length: 1256 offset: 3084852 name: SPOSC3C7
length: 1264 offset: 3086108 name: SPOSC4C6
length: 1332 offset: 3087372 name: SPOSC5
length: 1364 offset: 3088704 name: SPOSD1
length: 1240 offset: 3090068 name: SPOSD2D8
length: 1128 offset: 3091308 name: SPOSD3D7
length: 1228 offset: 3092436 name: SPOSD4D6
length: 1324 offset: 3093664 name: SPOSD5
length: 1240 offset: 3094988 name: SPOSE1
length: 1208 offset: 3096228 name: SPOSE2E8
length: 1428 offset: 3097436 name: SPOSE3E7
length: 1360 offset: 3098864 name: SPOSE4E6
length: 1156 offset: 3100224 name: SPOSE5
length: 1232 offset: 3101380 name: SPOSF1
length: 1296 offset: 3102612 name: SPOSF2F8
length: 1552 offset: 3103908 name: SPOSF3F7
length: 1476 offset: 3105460 name: SPOSF4F6
length: 1116 offset: 3106936 name: SPOSF5
length: 1356 offset: 3108052 name: SPOSG1
length: 1184 offset: 3109408 name: SPOSG2G8
length: 1396 offset: 3110592 name: SPOSG3G7
length: 1472 offset: 3111988 name: SPOSG4G6
length: 1332 offset: 3113460 name: SPOSG5
length: 1496 offset: 3114792 name: SPOSH0
length: 1320 offset: 3116288 name: SPOSI0
length: 1244 offset: 3117608 name: SPOSJ0
length: 1144 offset: 3118852 name: SPOSK0
length: 1056 offset: 3119996 name: SPOSL0
length: 1724 offset: 3121052 name: SPOSM0
length: 2376 offset: 3122776 name: SPOSN0
length: 2524 offset: 3125152 name: SPOSO0
length: 2368 offset: 3127676 name: SPOSP0
length: 1992 offset: 3130044 name: SPOSQ0
length: 1772 offset: 3132036 name: SPOSR0
length: 1640 offset: 3133808 name: SPOSS0
length: 1464 offset: 3135448 name: SPOST0
length: 1352 offset: 3136912 name: SPOSU0
length: 836 offset: 3138264 name: POL5A0
length: 244 offset: 3139100 name: CANDA0
length: 1100 offset: 3139344 name: CBRAA0
length: 904 offset: 3140444 name: SHOTA0
length: 1124 offset: 3141348 name: MGUNA0
length: 1124 offset: 3142472 name: LAUNA0
length: 1524 offset: 3143596 name: CSAWA0
length: 188 offset: 3145120 name: CLIPA0
length: 216 offset: 3145308 name: SHELA0
length: 364 offset: 3145524 name: ROCKA0
length: 340 offset: 3145888 name: STIMA0
length: 780 offset: 3146228 name: MEDIA0
length: 656 offset: 3147008 name: ARM1A0
length: 656 offset: 3147664 name: ARM1B0
length: 656 offset: 3148320 name: ARM2A0
length: 656 offset: 3148976 name: ARM2B0
length: 944 offset: 3149632 name: BAR1A0
length: 944 offset: 3150576 name: BAR1B0
length: 832 offset: 3151520 name: COLUA0
length: 796 offset: 3152352 name: BPAKA0
length: 1616 offset: 3153148 name: BROKA0
length: 704 offset: 3154764 name: AMMOA0
length: 664 offset: 3155468 name: SBOXA0
length: 4272 offset: 3156132 name: ELECA0
length: 332 offset: 3160404 name: BKEYA0
length: 332 offset: 3160736 name: BKEYB0
length: 332 offset: 3161068 name: YKEYA0
length: 332 offset: 3161400 name: YKEYB0
length: 332 offset: 3161732 name: RKEYA0
length: 332 offset: 3162064 name: RKEYB0
length: 1112 offset: 3162396 name: SUITA0
length: 604 offset: 3163508 name: PVISA0
length: 604 offset: 3164112 name: PVISB0
length: 944 offset: 3164716 name: BEXPA0
length: 924 offset: 3165660 name: BEXPB0
length: 1584 offset: 3166584 name: BEXPC0
length: 2696 offset: 3168168 name: BEXPD0
length: 3420 offset: 3170864 name: BEXPE0
length: 1004 offset: 3174284 name: PMAPA0
length: 1004 offset: 3175288 name: PMAPB0
length: 1004 offset: 3176292 name: PMAPC0
length: 1004 offset: 3177296 name: PMAPD0
length: 724 offset: 3178300 name: PINSA0
length: 724 offset: 3179024 name: PINSB0
length: 724 offset: 3179748 name: PINSC0
length: 724 offset: 3180472 name: PINSD0
length: 292 offset: 3181196 name: BON1A0
length: 292 offset: 3181488 name: BON1B0
length: 292 offset: 3181780 name: BON1C0
length: 292 offset: 3182072 name: BON1D0
length: 724 offset: 3182364 name: SOULA0
length: 724 offset: 3183088 name: SOULB0
length: 724 offset: 3183812 name: SOULC0
length: 724 offset: 3184536 name: SOULD0
length: 356 offset: 3185260 name: BON2A0
length: 356 offset: 3185616 name: BON2B0
length: 356 offset: 3185972 name: BON2C0
length: 356 offset: 3186328 name: BON2D0
length: 1120 offset: 3186684 name: TREDA0
length: 1060 offset: 3187804 name: TREDB0
length: 1048 offset: 3188864 name: TREDC0
length: 1088 offset: 3189912 name: TREDD0
length: 0 offset: 0 name: S_END
length: 0 offset: 0 name: P_START
length: 0 offset: 0 name: P1_START
length: 10056 offset: 3191000 name: WALL00_1
length: 2520 offset: 3201056 name: WALL00_2
length: 2520 offset: 3203576 name: WALL00_3
length: 2520 offset: 3206096 name: WALL00_5
length: 2520 offset: 3208616 name: WALL00_6
length: 2520 offset: 3211136 name: WALL00_7
length: 2520 offset: 3213656 name: WALL00_8
length: 1304 offset: 3216176 name: WALL01_1
length: 1304 offset: 3217480 name: WALL01_2
length: 1304 offset: 3218784 name: WALL01_3
length: 1304 offset: 3220088 name: WALL01_4
length: 1304 offset: 3221392 name: WALL01_5
length: 1304 offset: 3222696 name: WALL01_6
length: 1304 offset: 3224000 name: WALL01_7
length: 1304 offset: 3225304 name: WALL01_8
length: 1304 offset: 3226608 name: WALL01_9
length: 1304 offset: 3227912 name: WALL01_A
length: 1304 offset: 3229216 name: WALL01_B
length: 1304 offset: 3230520 name: WALL01_C
length: 5192 offset: 3231824 name: WALL02_1
length: 5192 offset: 3237016 name: WALL02_2
length: 1952 offset: 3242208 name: WALL02_3
length: 5192 offset: 3244160 name: WALL03_1
length: 5192 offset: 3249352 name: WALL03_4
length: 4680 offset: 3254544 name: WALL03_7
length: 1304 offset: 3259224 name: WALL04_2
length: 1304 offset: 3260528 name: WALL04_3
length: 1304 offset: 3261832 name: WALL04_4
length: 1304 offset: 3263136 name: WALL04_5
length: 1304 offset: 3264440 name: WALL04_7
length: 4168 offset: 3265744 name: WALL05_2
length: 5192 offset: 3269912 name: W13_1
length: 1304 offset: 3275104 name: W13_8
length: 1304 offset: 3276408 name: W13_A
length: 5192 offset: 3277712 name: W15_4
length: 5192 offset: 3282904 name: W15_5
length: 28080 offset: 3288096 name: W17_1
length: 36960 offset: 3316176 name: WALL24_1
length: 4680 offset: 3353136 name: W28_5
length: 4680 offset: 3357816 name: W28_6
length: 4680 offset: 3362496 name: W28_7
length: 4680 offset: 3367176 name: W28_8
length: 4680 offset: 3371856 name: W31_1
length: 4680 offset: 3376536 name: W32_1
length: 4680 offset: 3381216 name: W32_4
length: 4680 offset: 3385896 name: W33_5
length: 4680 offset: 3390576 name: W33_7
length: 1096 offset: 3395256 name: W33_8
length: 208 offset: 3396352 name: W46_37
length: 208 offset: 3396560 name: W46_38
length: 208 offset: 3396768 name: W46_39
length: 8776 offset: 3396976 name: WALL57_1
length: 8776 offset: 3405752 name: WALL57_2
length: 8776 offset: 3414528 name: WALL57_3
length: 8776 offset: 3423304 name: WALL57_4
length: 17544 offset: 3432080 name: WALL62_1
length: 8776 offset: 3449624 name: WALL62_2
length: 17544 offset: 3458400 name: W94_1
length: 3984 offset: 3475944 name: W111_2
length: 3984 offset: 3479928 name: W111_3
length: 3940 offset: 3483912 name: W112_1
length: 2100 offset: 3487852 name: W112_2
length: 2220 offset: 3489952 name: W112_3
length: 14312 offset: 3492172 name: W113_1
length: 4276 offset: 3506484 name: W113_2
length: 4212 offset: 3510760 name: W113_3
length: 4392 offset: 3514972 name: SW11_1
length: 4392 offset: 3519364 name: SW11_2
length: 4392 offset: 3523756 name: SW11_4
length: 4392 offset: 3528148 name: SW11_5
length: 4392 offset: 3532540 name: SW12_1
length: 4392 offset: 3536932 name: SW12_2
length: 4392 offset: 3541324 name: SW12_4
length: 4392 offset: 3545716 name: SW12_5
length: 8776 offset: 3550108 name: SW19_1
length: 8776 offset: 3558884 name: SW19_2
length: 8776 offset: 3567660 name: SW19_3
length: 8776 offset: 3576436 name: SW19_4
length: 4392 offset: 3585212 name: SW17_4
length: 4392 offset: 3589604 name: SW17_5
length: 4392 offset: 3593996 name: SW17_6
length: 4392 offset: 3598388 name: SW18_7
length: 4392 offset: 3602780 name: SW18_7
length: 1304 offset: 3607172 name: T14_5
length: 8776 offset: 3608476 name: AG128_1
length: 8776 offset: 3617252 name: AG128_2
length: 1104 offset: 3626028 name: AGB128_1
length: 8776 offset: 3627132 name: WLA128_1
length: 1952 offset: 3635908 name: SUPPORT2
length: 10376 offset: 3637860 name: TOMW2_1
length: 10376 offset: 3648236 name: TOMW2_2
length: 552 offset: 3658612 name: STEP03
length: 552 offset: 3659164 name: STEP04
length: 552 offset: 3659716 name: STEP05
length: 552 offset: 3660268 name: STEP06
length: 552 offset: 3660820 name: STEP07
length: 552 offset: 3661372 name: STEP08
length: 552 offset: 3661924 name: STEP09
length: 552 offset: 3662476 name: STEP10
length: 808 offset: 3663028 name: EXIT1
length: 208 offset: 3663836 name: EXIT2
length: 17544 offset: 3664044 name: PLAT2_1
length: 1104 offset: 3681588 name: TTALL1_2
length: 17544 offset: 3682692 name: TP2_1
length: 17544 offset: 3700236 name: TP2_2
length: 3648 offset: 3717780 name: COMP01_1
length: 3648 offset: 3721428 name: COMP01_5
length: 3648 offset: 3725076 name: COMP01_6
length: 3648 offset: 3728724 name: COMP1B_4
length: 3648 offset: 3732372 name: COMP1C_6
length: 4168 offset: 3736020 name: COMP02_1
length: 4168 offset: 3740188 name: COMP02_2
length: 4168 offset: 3744356 name: COMP02_3
length: 4168 offset: 3748524 name: COMP02_4
length: 4168 offset: 3752692 name: COMP02_5
length: 4168 offset: 3756860 name: COMP02_6
length: 4168 offset: 3761028 name: COMP02_7
length: 4168 offset: 3765196 name: COMP02_8
length: 4680 offset: 3769364 name: COMP03_1
length: 2344 offset: 3774044 name: COMP03_4
length: 4680 offset: 3776388 name: COMP03_5
length: 2344 offset: 3781068 name: COMP03_6
length: 2344 offset: 3783412 name: COMP03_7
length: 2344 offset: 3785756 name: COMP03_8
length: 4680 offset: 3788100 name: COMP03_9
length: 4680 offset: 3792780 name: COMP04_1
length: 4680 offset: 3797460 name: COMP04_2
length: 4680 offset: 3802140 name: COMP04_5
length: 4680 offset: 3806820 name: COMP04_6
length: 4680 offset: 3811500 name: COMP04_7
length: 4680 offset: 3816180 name: COMP04_8
length: 10088 offset: 3820860 name: DOOR2_1
length: 17544 offset: 3830948 name: DOOR2_4
length: 5192 offset: 3848492 name: DOOR2_5
length: 1952 offset: 3853684 name: DOOR3_4
length: 1952 offset: 3855636 name: DOOR3_5
length: 5192 offset: 3857588 name: DOOR3_6
length: 1104 offset: 3862780 name: DOORTRAK
length: 17544 offset: 3863884 name: DOOR9_1
length: 552 offset: 3881428 name: WARNA0
length: 552 offset: 3881980 name: WARNB0
length: 144 offset: 3882532 name: BLITA0
length: 144 offset: 3882676 name: BLITB0
length: 144 offset: 3882820 name: BLITC0
length: 144 offset: 3882964 name: WLITA0
length: 144 offset: 3883108 name: WLITB0
length: 144 offset: 3883252 name: WLITC0
length: 2120 offset: 3883396 name: NUKEDGE
length: 1716 offset: 3885516 name: FLAMP
length: 3476 offset: 3887232 name: TSCRN2
length: 3476 offset: 3890708 name: TSCRN3
length: 3476 offset: 3894184 name: TSCRN4
length: 3476 offset: 3897660 name: TSCRN5
length: 3476 offset: 3901136 name: TSCRN6
length: 3476 offset: 3904612 name: TSCRN8
length: 1924 offset: 3908088 name: PS20A0
length: 1320 offset: 3910012 name: SW1S0
length: 1320 offset: 3911332 name: SW1S1
length: 1320 offset: 3912652 name: SW2S0
length: 1320 offset: 3913972 name: SW2S1
length: 1320 offset: 3915292 name: SW3S0
length: 1320 offset: 3916612 name: SW3S1
length: 800 offset: 3917932 name: SW4S0
length: 800 offset: 3918732 name: SW4S1
length: 35080 offset: 3919532 name: SKY1
length: 0 offset: 0 name: P1_END
length: 0 offset: 0 name: P_END
length: 0 offset: 0 name: F_START
length: 0 offset: 0 name: F1_START
length: 4096 offset: 3954612 name: FLOOR0_1
length: 4096 offset: 3958708 name: FLOOR0_3
length: 4096 offset: 3962804 name: FLOOR0_6
length: 4096 offset: 3966900 name: FLOOR1_1
length: 4096 offset: 3970996 name: FLOOR1_7
length: 4096 offset: 3975092 name: FLOOR3_3
length: 4096 offset: 3979188 name: FLOOR4_1
length: 4096 offset: 3983284 name: FLOOR4_5
length: 4096 offset: 3987380 name: FLOOR4_6
length: 4096 offset: 3991476 name: FLOOR4_8
length: 4096 offset: 3995572 name: FLOOR5_1
length: 4096 offset: 3999668 name: FLOOR5_2
length: 4096 offset: 4003764 name: FLOOR5_3
length: 4096 offset: 4007860 name: FLOOR5_4
length: 4096 offset: 4011956 name: STEP1
length: 4096 offset: 4016052 name: STEP2
length: 4096 offset: 4020148 name: FLOOR6_1
length: 4096 offset: 4024244 name: FLOOR6_2
length: 4096 offset: 4028340 name: TLITE6_1
length: 4096 offset: 4032436 name: TLITE6_4
length: 4096 offset: 4036532 name: TLITE6_5
length: 4096 offset: 4040628 name: TLITE6_6
length: 4096 offset: 4044724 name: FLOOR7_1
length: 4096 offset: 4048820 name: FLOOR7_2
length: 4096 offset: 4052916 name: MFLR8_1
length: 4096 offset: 4057012 name: DEM1_1
length: 4096 offset: 4061108 name: DEM1_2
length: 4096 offset: 4065204 name: DEM1_3
length: 4096 offset: 4069300 name: DEM1_4
length: 4096 offset: 4073396 name: CEIL3_1
length: 4096 offset: 4077492 name: CEIL3_2
length: 4096 offset: 4081588 name: CEIL3_5
length: 4096 offset: 4085684 name: CEIL4_2
length: 4096 offset: 4089780 name: CEIL4_3
length: 4096 offset: 4093876 name: CEIL5_1
length: 4096 offset: 4097972 name: CEIL5_2
length: 4096 offset: 4102068 name: FLAT1
length: 4096 offset: 4106164 name: FLAT2
length: 4096 offset: 4110260 name: FLAT5
length: 4096 offset: 4114356 name: FLAT10
length: 4096 offset: 4118452 name: FLAT14
length: 4096 offset: 4122548 name: FLAT18
length: 4096 offset: 4126644 name: FLAT20
length: 4096 offset: 4130740 name: FLAT22
length: 4096 offset: 4134836 name: FLAT23
length: 4096 offset: 4138932 name: FLAT5_4
length: 4096 offset: 4143028 name: FLAT5_5
length: 4096 offset: 4147124 name: CONS1_1
length: 4096 offset: 4151220 name: CONS1_5
length: 4096 offset: 4155316 name: CONS1_7
length: 4096 offset: 4159412 name: NUKAGE1
length: 4096 offset: 4163508 name: NUKAGE2
length: 4096 offset: 4167604 name: NUKAGE3
length: 4096 offset: 4171700 name: F_SKY1
length: 0 offset: 0 name: F1_END
length: 0 offset: 0 name: F_END
map: 6
(1088,-3680)
(1024,-3680)
(1024,-3648)
(1088,-3648)
(1152,-3648)
(960,-3648)
(1280,-3552)
(832,-3552)
(1344,-3552)
(704,-3552)
(896,-3392)
(928,-3392)
(928,-3360)
(896,-3360)
(1184,-3392)
(1216,-3392)
(1216,-3360)
(1184,-3360)
(896,-3072)
(896,-3104)
(928,-3104)
(928,-3072)
(1216,-3072)
(1184,-3072)
(1184,-3104)
(1216,-3104)
(1344,-3360)
(1344,-3264)
(1344,-3200)
(1344,-2880)
(1344,-3104)
(1376,-3200)
(1376,-3104)
(1376,-3360)
(1376,-3264)
(1376,-3648)
(1376,-2944)
(704,-2944)
(832,-2944)
(968,-2880)
(1216,-2880)
(1472,-2880)
(1856,-2880)
(1528,-3680)
(1672,-3744)
(704,-3360)
(704,-3104)
(512,-3328)
(512,-3304)
(512,-3160)
(512,-3136)
(680,-3104)
(680,-3360)
(496,-3160)
(496,-3304)
(496,-3328)
(448,-3456)
(128,-3456)
(128,-3008)
(448,-3008)
(496,-3136)
(128,-3264)
(160,-3264)
(192,-3264)
(224,-3264)
(256,-3264)
(288,-3264)
(320,-3264)
(320,-3200)
(288,-3200)
(256,-3200)
(224,-3200)
(192,-3200)
(160,-3200)
(128,-3200)
(64,-3072)
(64,-3392)
(48,-3392)
(-64,-3328)
(-64,-3136)
(48,-3072)
(-256,-3328)
(-320,-3296)
(-320,-3168)
(-256,-3136)
(-128,-3120)
(-128,-3136)
(-256,-3120)
(-256,-3344)
(-128,-3328)
(-128,-3344)
(-336,-3296)
(-336,-3168)
(-336,-3120)
(-336,-3344)
(-96,-3344)
(64,-3520)
(-96,-3120)
(64,-2944)
(64,-2816)
(64,-3648)
(-640,-3648)
(-768,-3520)
(-768,-2944)
(-640,-2816)
(-640,-3520)
(-640,-2944)
(-88,-3136)
(-88,-3328)
(256,-3136)
(320,-3136)
(320,-3072)
(256,-3072)
(256,-3392)
(320,-3392)
(320,-3328)
(256,-3328)
(1248,-2528)
(1384,-2592)
(1472,-2560)
(1472,-2432)
(1536,-2432)
(1536,-2560)
(1552,-2560)
(1552,-2432)
(1664,-2560)
(1664,-2432)
(2736,-3648)
(2488,-3744)
(2240,-3776)
(1984,-3776)
(1920,-2920)
(2240,-2920)
(1520,-3168)
(1672,-3104)
(1896,-3104)
(2040,-3144)
(2128,-3272)
(2064,-3408)
(1784,-3448)
(1544,-3384)
(2752,-2784)
(2624,-2784)
(2520,-2560)
(2752,-2560)
(2944,-2656)
(2880,-2912)
(2880,-2880)
(3048,-2880)
(3048,-2944)
(2752,-3048)
(2752,-2912)
(2752,-3584)
(2752,-3360)
(2736,-3360)
(3304,-3040)
(3136,-3072)
(3112,-3360)
(2944,-3536)
(2816,-3232)
(3280,-3320)
(2984,-3200)
(2976,-3072)
(3264,-3616)
(3072,-3648)
(2944,-3648)
(3072,-4000)
(2944,-3776)
(3104,-3552)
(3352,-3568)
(3472,-3432)
(3408,-3432)
(3312,-3496)
(2208,-3680)
(2176,-3680)
(2016,-3680)
(2048,-3680)
(2176,-3776)
(2176,-3808)
(2176,-3840)
(2048,-3808)
(2048,-3776)
(2048,-3840)
(2048,-3872)
(2048,-3904)
(2176,-3872)
(2176,-3904)
(2240,-4096)
(2112,-4032)
(2240,-3968)
(2368,-3968)
(2368,-4096)
(2880,-3776)
(2880,-3904)
(2848,-3776)
(2848,-3904)
(2816,-3776)
(2816,-3904)
(2784,-3776)
(2784,-3904)
(2752,-3776)
(2752,-3904)
(2688,-3776)
(2720,-3904)
(2632,-3792)
(2688,-3920)
(2912,-3776)
(2912,-3904)
(2944,-3904)
(2944,-4000)
(2240,-3648)
(1984,-3648)
(2672,-3920)
(2616,-3792)
(2176,-3920)
(2048,-3920)
(2752,-2800)
(2960,-2656)
(3400,-3152)
(3448,-3520)
(2272,-3008)
(2432,-3112)
(2736,-3112)
(2752,-3112)
(3200,-4128)
(3328,-4128)
(2688,-4128)
(2816,-4128)
(2856,-4160)
(2912,-4160)
(2912,-4128)
(3104,-4128)
(3104,-4160)
(3160,-4160)
(3104,-4352)
(3104,-4384)
(3160,-4384)
(3160,-4352)
(2856,-4352)
(2856,-4384)
(2912,-4384)
(2912,-4352)
(2888,-4160)
(3128,-4352)
(3128,-4160)
(2888,-4352)
(2888,-4320)
(2888,-4192)
(3128,-4320)
(3128,-4192)
(3328,-4544)
(3072,-4544)
(2944,-4544)
(2688,-4544)
(3072,-4608)
(2944,-4608)
(3040,-4608)
(2976,-4608)
(2976,-4632)
(3040,-4632)
(3040,-4648)
(3040,-4672)
(2976,-4672)
(2976,-4648)
(3104,-4672)
(2912,-4672)
(3104,-4864)
(2912,-4864)
(2912,-4800)
(2912,-4736)
(2944,-4016)
(3072,-4016)
(2944,-4032)
(3072,-4032)
(3024,-4592)
(2992,-4592)
(2992,-4600)
(3024,-4600)
(3024,-4840)
(2992,-4840)
(2992,-4848)
(3024,-4848)
(-240,-3264)
(-208,-3264)
(-192,-3248)
(-192,-3216)
(-208,-3200)
(-240,-3200)
(-256,-3216)
(-256,-3248)
(1664,-2368)
(1600,-2368)
(1600,-2112)
(1600,-2624)
(1664,-2624)
(2560,-2112)
(2560,-2496)
(2496,-2496)
(2176,-2752)
(2176,-2816)
(1600,-2048)
(1664,-2048)
(2496,-2048)
(2560,-2048)
(1664,-2112)
(2496,-2112)
(1664,-2816)
(1600,-2816)
(1600,-2752)
(1664,-2752)
(2496,-2688)
(2496,-2752)
(2520,-2688)
(2496,-2560)
(1984,-2304)
(1984,-2240)
(1792,-2240)
(1792,-2304)
(1664,-2600)
(1664,-2392)
(2496,-2520)
(2200,-2752)
(2112,-2592)
(2336,-2592)
(2336,-2272)
(2112,-2272)
(2112,-2304)
(2144,-2304)
(2176,-2304)
(2208,-2304)
(2304,-2304)
(2304,-2560)
(2208,-2560)
(2176,-2560)
(2144,-2560)
(2112,-2560)
(1984,-2624)
(1984,-2560)
(1792,-2560)
(1792,-2624)
(1992,-2552)
(1784,-2552)
(1784,-2632)
(1992,-2632)
(1784,-2312)
(1992,-2312)
(1992,-2232)
(1784,-2232)
(3520,-3904)
(3328,-3968)
(3200,-3968)
(3200,-3744)
(3328,-3744)
(3360,-3648)
(3472,-3520)
(3520,-3584)
(3352,-3592)
(3304,-3968)
(3304,-3744)
(2344,-4096)
(2264,-4096)
(2264,-3968)
(2344,-3968)
(2176,-3704)
(2048,-3704)
(3520,-3840)
(3680,-3904)
(3584,-3904)
(3744,-3808)
(3584,-3840)
(3616,-3776)
(3552,-3552)
(3552,-3392)
(3648,-3264)
(3680,-3552)
(3680,-3392)
(3808,-3264)
(3496,-3032)
(3584,-2880)
(3456,-3032)
(3360,-2880)
(3320,-3040)
(3416,-3152)
(3536,-3840)
(3536,-3904)
(1344,-2486)
(1376,-2959)
(1664,-2880)
(1992,-2560)
(1992,-2304)
(1992,-2752)
(2176,-2592)
(1992,-2592)
(1992,-2112)
(2176,-2112)
(2176,-2272)
(1992,-2272)
(1664,-2312)
(1664,-2552)
(1664,-2232)
(1984,-2312)
(1984,-2232)
(1784,-2240)
(1792,-2312)
(1784,-2752)
(1984,-2552)
(1984,-2632)
(1784,-2560)
(1792,-2632)
(2176,-2048)
(2176,-2920)
(2176,-3648)
(1573,-3648)
(2176,-4064)
(1984,-3680)
(256,-3456)
(160,-3456)
(160,-3008)
(256,-3008)
(-768,-3496)
(-256,-2874)
(-128,-2851)
(-640,-3296)
(-640,-3168)
(-640,-3120)
(-128,-3613)
(-256,-3589)
(-336,-3575)
(472,-3392)
(320,-3008)
(2197,-3648)
(2435,-3920)
(2589,-3968)
(2336,-2112)
(2336,-2560)
(2336,-2752)
(2496,-2665)
(2944,-3669)
(3242,-3370)
(3353,-3601)
(3454,-3496)
(3512,-3574)
(3047,-3626)
(2752,-3296)
(3008,-2902)
(3215,-3404)
(2887,-3160)
(3345,-2939)
(3556,-3567)
(3680,-3546)
(3738,-3144)
(3672,-3032)
(3072,-3968)
(2944,-3968)
(2960,-2930)
(3104,-4544)
(2912,-4544)
(2856,-4544)
(3160,-4544)
(3072,-4600)
(2944,-4600)
(3024,-4544)
(2944,-4592)
(3104,-4840)
(2912,-4840)
(3024,-4864)
(2912,-4848)
read_map_linedef
LINEDEFS: LINEDEFS'
start_vertex: 0, end_vertex: 1, flags: 1, line_type: 0, sector_tag: 0, right_sidedef: 0, left_sidedef: 65535
start_vertex: 1, end_vertex: 2, flags: 1, line_type: 0, sector_tag: 0, right_sidedef: 1, left_sidedef: 65535
start_vertex: 3, end_vertex: 0, flags: 1, line_type: 0, sector_tag: 0, right_sidedef: 2, left_sidedef: 65535
start_vertex: 4, end_vertex: 3, flags: 1, line_type: 0, sector_tag: 0, right_sidedef: 3, left_sidedef: 65535
start_vertex: 2, end_vertex: 5, flags: 1, line_type: 0, sector_tag: 0, right_sidedef: 4, left_sidedef: 65535
start_vertex: 6, end_vertex: 4, flags: 1, line_type: 0, sector_tag: 0, right_sidedef: 5, left_sidedef: 65535
start_vertex: 5, end_vertex: 7, flags: 1, line_type: 0, sector_tag: 0, right_sidedef: 6, left_sidedef: 65535
start_vertex: 8, end_vertex: 6, flags: 1, line_type: 0, sector_tag: 0, right_sidedef: 7, left_sidedef: 65535
start_vertex: 7, end_vertex: 9, flags: 1, line_type: 0, sector_tag: 0, right_sidedef: 8, left_sidedef: 65535
start_vertex: 10, end_vertex: 11, flags: 1, line_type: 0, sector_tag: 0, right_sidedef: 9, left_sidedef: 65535
start_vertex: 11, end_vertex: 12, flags: 1, line_type: 0, sector_tag: 0, right_sidedef: 10, left_sidedef: 65535
start_vertex: 12, end_vertex: 13, flags: 1, line_type: 0, sector_tag: 0, right_sidedef: 11, left_sidedef: 65535
start_vertex: 13, end_vertex: 10, flags: 1, line_type: 0, sector_tag: 0, right_sidedef: 12, left_sidedef: 65535
start_vertex: 14, end_vertex: 15, flags: 1, line_type: 0, sector_tag: 0, right_sidedef: 13, left_sidedef: 65535
start_vertex: 15, end_vertex: 16, flags: 1, line_type: 0, sector_tag: 0, right_sidedef: 14, left_sidedef: 65535
start_vertex: 16, end_vertex: 17, flags: 1, line_type: 0, sector_tag: 0, right_sidedef: 15, left_sidedef: 65535
start_vertex: 17, end_vertex: 14, flags: 1, line_type: 0, sector_tag: 0, right_sidedef: 16, left_sidedef: 65535
start_vertex: 18, end_vertex: 19, flags: 1, line_type: 0, sector_tag: 0, right_sidedef: 17, left_sidedef: 65535
start_vertex: 19, end_vertex: 20, flags: 1, line_type: 0, sector_tag: 0, right_sidedef: 18, left_sidedef: 65535
start_vertex: 20, end_vertex: 21, flags: 1, line_type: 0, sector_tag: 0, right_sidedef: 19, left_sidedef: 65535
start_vertex: 21, end_vertex: 18, flags: 1, line_type: 0, sector_tag: 0, right_sidedef: 20, left_sidedef: 65535
start_vertex: 22, end_vertex: 23, flags: 1, line_type: 0, sector_tag: 0, right_sidedef: 21, left_sidedef: 65535
start_vertex: 23, end_vertex: 24, flags: 1, line_type: 0, sector_tag: 0, right_sidedef: 22, left_sidedef: 65535
start_vertex: 24, end_vertex: 25, flags: 1, line_type: 0, sector_tag: 0, right_sidedef: 23, left_sidedef: 65535
start_vertex: 25, end_vertex: 22, flags: 1, line_type: 0, sector_tag: 0, right_sidedef: 24, left_sidedef: 65535
start_vertex: 26, end_vertex: 8, flags: 1, line_type: 0, sector_tag: 0, right_sidedef: 25, left_sidedef: 65535
start_vertex: 27, end_vertex: 26, flags: 29, line_type: 0, sector_tag: 0, right_sidedef: 26, left_sidedef: 27
start_vertex: 28, end_vertex: 27, flags: 1, line_type: 0, sector_tag: 0, right_sidedef: 28, left_sidedef: 65535
start_vertex: 29, end_vertex: 30, flags: 1, line_type: 0, sector_tag: 0, right_sidedef: 29, left_sidedef: 65535
start_vertex: 30, end_vertex: 28, flags: 29, line_type: 0, sector_tag: 0, right_sidedef: 30, left_sidedef: 31
start_vertex: 31, end_vertex: 32, flags: 28, line_type: 0, sector_tag: 0, right_sidedef: 32, left_sidedef: 33
start_vertex: 33, end_vertex: 34, flags: 28, line_type: 0, sector_tag: 0, right_sidedef: 34, left_sidedef: 35
start_vertex: 27, end_vertex: 34, flags: 1, line_type: 0, sector_tag: 0, right_sidedef: 36, left_sidedef: 65535
start_vertex: 33, end_vertex: 26, flags: 1, line_type: 0, sector_tag: 0, right_sidedef: 37, left_sidedef: 65535
start_vertex: 31, end_vertex: 28, flags: 1, line_type: 0, sector_tag: 0, right_sidedef: 38, left_sidedef: 65535
start_vertex: 30, end_vertex: 32, flags: 1, line_type: 0, sector_tag: 0, right_sidedef: 39, left_sidedef: 65535
start_vertex: 34, end_vertex: 31, flags: 1, line_type: 0, sector_tag: 0, right_sidedef: 40, left_sidedef: 65535
start_vertex: 35, end_vertex: 33, flags: 1, line_type: 0, sector_tag: 0, right_sidedef: 41, left_sidedef: 65535
start_vertex: 32, end_vertex: 36, flags: 1, line_type: 0, sector_tag: 0, right_sidedef: 42, left_sidedef: 65535
start_vertex: 14, end_vertex: 11, flags: 12, line_type: 0, sector_tag: 0, right_sidedef: 43, left_sidedef: 44
start_vertex: 26, end_vertex: 15, flags: 12, line_type: 0, sector_tag: 0, right_sidedef: 45, left_sidedef: 46
start_vertex: 22, end_vertex: 30, flags: 12, line_type: 0, sector_tag: 0, right_sidedef: 47, left_sidedef: 48
start_vertex: 37, end_vertex: 38, flags: 1, line_type: 0, sector_tag: 0, right_sidedef: 49, left_sidedef: 65535
start_vertex: 38, end_vertex: 39, flags: 1, line_type: 0, sector_tag: 0, right_sidedef: 50, left_sidedef: 65535
start_vertex: 39, end_vertex: 40, flags: 1, line_type: 0, sector_tag: 0, right_sidedef: 51, left_sidedef: 65535
start_vertex: 36, end_vertex: 41, flags: 1, line_type: 0, sector_tag: 0, right_sidedef: 52, left_sidedef: 65535
start_vertex: 41, end_vertex: 42, flags: 1, line_type: 0, sector_tag: 0, right_sidedef: 53, left_sidedef: 65535
start_vertex: 43, end_vertex: 35, flags: 1, line_type: 0, sector_tag: 0, right_sidedef: 54, left_sidedef: 65535
start_vertex: 44, end_vertex: 43, flags: 1, line_type: 0, sector_tag: 0, right_sidedef: 55, left_sidedef: 65535
start_vertex: 3, end_vertex: 2, flags: 28, line_type: 0, sector_tag: 0, right_sidedef: 56, left_sidedef: 57
start_vertex: 20, end_vertex: 24, flags: 12, line_type: 0, sector_tag: 0, right_sidedef: 58, left_sidedef: 59
start_vertex: 17, end_vertex: 12, flags: 12, line_type: 0, sector_tag: 0, right_sidedef: 60, left_sidedef: 61
start_vertex: 12, end_vertex: 20, flags: 12, line_type: 0, sector_tag: 0, right_sidedef: 62, left_sidedef: 63
start_vertex: 13, end_vertex: 19, flags: 12, line_type: 0, sector_tag: 0, right_sidedef: 64, left_sidedef: 65
start_vertex: 21, end_vertex: 23, flags: 12, line_type: 0, sector_tag: 0, right_sidedef: 66, left_sidedef: 67
start_vertex: 9, end_vertex: 45, flags: 1, line_type: 0, sector_tag: 0, right_sidedef: 68, left_sidedef: 65535
start_vertex: 46, end_vertex: 37, flags: 1, line_type: 0, sector_tag: 0, right_sidedef: 69, left_sidedef: 65535
start_vertex: 46, end_vertex: 45, flags: 12, line_type: 0, sector_tag: 0, right_sidedef: 70, left_sidedef: 71
start_vertex: 47, end_vertex: 48, flags: 1, line_type: 0, sector_tag: 0, right_sidedef: 72, left_sidedef: 65535
start_vertex: 49, end_vertex: 50, flags: 1, line_type: 0, sector_tag: 0, right_sidedef: 73, left_sidedef: 65535
start_vertex: 50, end_vertex: 51, flags: 1, line_type: 0, sector_tag: 0, right_sidedef: 74, left_sidedef: 65535
start_vertex: 51, end_vertex: 46, flags: 1, line_type: 0, sector_tag: 0, right_sidedef: 75, left_sidedef: 65535
start_vertex: 45, end_vertex: 52, flags: 1, line_type: 0, sector_tag: 0, right_sidedef: 76, left_sidedef: 65535
start_vertex: 52, end_vertex: 47, flags: 1, line_type: 0, sector_tag: 0, right_sidedef: 77, left_sidedef: 65535
start_vertex: 53, end_vertex: 54, flags: 4, line_type: 0, sector_tag: 0, right_sidedef: 78, left_sidedef: 79
start_vertex: 48, end_vertex: 54, flags: 17, line_type: 0, sector_tag: 0, right_sidedef: 80, left_sidedef: 65535
start_vertex: 53, end_vertex: 49, flags: 17, line_type: 0, sector_tag: 0, right_sidedef: 81, left_sidedef: 65535
start_vertex: 54, end_vertex: 55, flags: 1, line_type: 0, sector_tag: 0, right_sidedef: 82, left_sidedef: 65535
start_vertex: 55, end_vertex: 56, flags: 1, line_type: 0, sector_tag: 0, right_sidedef: 83, left_sidedef: 65535
start_vertex: 56, end_vertex: 57, flags: 1, line_type: 0, sector_tag: 0, right_sidedef: 84, left_sidedef: 65535
start_vertex: 58, end_vertex: 59, flags: 1, line_type: 0, sector_tag: 0, right_sidedef: 85, left_sidedef: 65535
start_vertex: 60, end_vertex: 53, flags: 1, line_type: 0, sector_tag: 0, right_sidedef: 86, left_sidedef: 65535
start_vertex: 59, end_vertex: 60, flags: 1, line_type: 0, sector_tag: 0, right_sidedef: 87, left_sidedef: 65535
start_vertex: 61, end_vertex: 62, flags: 20, line_type: 0, sector_tag: 0, right_sidedef: 88, left_sidedef: 89
start_vertex: 62, end_vertex: 63, flags: 20, line_type: 0, sector_tag: 0, right_sidedef: 90, left_sidedef: 91
start_vertex: 63, end_vertex: 64, flags: 20, line_type: 0, sector_tag: 0, right_sidedef: 92, left_sidedef: 93
start_vertex: 64, end_vertex: 65, flags: 20, line_type: 0, sector_tag: 0, right_sidedef: 94, left_sidedef: 95
start_vertex: 65, end_vertex: 66, flags: 20, line_type: 0, sector_tag: 0, right_sidedef: 96, left_sidedef: 97
start_vertex: 66, end_vertex: 67, flags: 20, line_type: 0, sector_tag: 0, right_sidedef: 98, left_sidedef: 99
start_vertex: 67, end_vertex: 68, flags: 4, line_type: 0, sector_tag: 0, right_sidedef: 100, left_sidedef: 101
start_vertex: 68, end_vertex: 69, flags: 20, line_type: 0, sector_tag: 0, right_sidedef: 102, left_sidedef: 103
start_vertex: 69, end_vertex: 70, flags: 20, line_type: 0, sector_tag: 0, right_sidedef: 104, left_sidedef: 105
start_vertex: 70, end_vertex: 71, flags: 20, line_type: 0, sector_tag: 0, right_sidedef: 106, left_sidedef: 107
start_vertex: 71, end_vertex: 72, flags: 20, line_type: 0, sector_tag: 0, right_sidedef: 108, left_sidedef: 109
start_vertex: 72, end_vertex: 73, flags: 20, line_type: 0, sector_tag: 0, right_sidedef: 110, left_sidedef: 111
start_vertex: 73, end_vertex: 74, flags: 20, line_type: 0, sector_tag: 0, right_sidedef: 112, left_sidedef: 113
start_vertex: 62, end_vertex: 73, flags: 4, line_type: 0, sector_tag: 0, right_sidedef: 114, left_sidedef: 115
start_vertex: 63, end_vertex: 72, flags: 4, line_type: 0, sector_tag: 0, right_sidedef: 116, left_sidedef: 117
start_vertex: 64, end_vertex: 71, flags: 4, line_type: 0, sector_tag: 0, right_sidedef: 118, left_sidedef: 119
start_vertex: 65, end_vertex: 70, flags: 4, line_type: 0, sector_tag: 0, right_sidedef: 120, left_sidedef: 121
start_vertex: 66, end_vertex: 69, flags: 4, line_type: 0, sector_tag: 0, right_sidedef: 122, left_sidedef: 123
start_vertex: 61, end_vertex: 74, flags: 28, line_type: 0, sector_tag: 0, right_sidedef: 124, left_sidedef: 125
start_vertex: 74, end_vertex: 75, flags: 28, line_type: 0, sector_tag: 0, right_sidedef: 126, left_sidedef: 127
start_vertex: 75, end_vertex: 58, flags: 1, line_type: 0, sector_tag: 0, right_sidedef: 128, left_sidedef: 65535
start_vertex: 57, end_vertex: 76, flags: 1, line_type: 0, sector_tag: 0, right_sidedef: 129, left_sidedef: 65535
start_vertex: 76, end_vertex: 61, flags: 28, line_type: 0, sector_tag: 0, right_sidedef: 130, left_sidedef: 131
start_vertex: 76, end_vertex: 77, flags: 1, line_type: 0, sector_tag: 0, right_sidedef: 132, left_sidedef: 65535
start_vertex: 77, end_vertex: 78, flags: 1, line_type: 0, sector_tag: 0, right_sidedef: 133, left_sidedef: 65535
start_vertex: 79, end_vertex: 80, flags: 1, line_type: 0, sector_tag: 0, right_sidedef: 134, left_sidedef: 65535
start_vertex: 80, end_vertex: 75, flags: 1, line_type: 0, sector_tag: 0, right_sidedef: 135, left_sidedef: 65535
start_vertex: 81, end_vertex: 82, flags: 1, line_type: 0, sector_tag: 0, right_sidedef: 136, left_sidedef: 65535
start_vertex: 83, end_vertex: 84, flags: 1, line_type: 0, sector_tag: 0, right_sidedef: 137, left_sidedef: 65535
start_vertex: 85, end_vertex: 86, flags: 1, line_type: 0, sector_tag: 0, right_sidedef: 138, left_sidedef: 65535
start_vertex: 84, end_vertex: 87, flags: 1, line_type: 0, sector_tag: 0, right_sidedef: 139, left_sidedef: 65535
start_vertex: 88, end_vertex: 81, flags: 1, line_type: 0, sector_tag: 0, right_sidedef: 140, left_sidedef: 65535
start_vertex: 89, end_vertex: 90, flags: 1, line_type: 0, sector_tag: 0, right_sidedef: 141, left_sidedef: 65535
start_vertex: 82, end_vertex: 91, flags: 1, line_type: 0, sector_tag: 0, right_sidedef: 142, left_sidedef: 65535
start_vertex: 92, end_vertex: 83, flags: 1, line_type: 0, sector_tag: 0, right_sidedef: 143, left_sidedef: 65535
start_vertex: 87, end_vertex: 93, flags: 1, line_type: 0, sector_tag: 0, right_sidedef: 144, left_sidedef: 65535
start_vertex: 93, end_vertex: 92, flags: 1, line_type: 0, sector_tag: 0, right_sidedef: 145, left_sidedef: 65535
start_vertex: 91, end_vertex: 94, flags: 1, line_type: 0, sector_tag: 0, right_sidedef: 146, left_sidedef: 65535
start_vertex: 94, end_vertex: 88, flags: 1, line_type: 0, sector_tag: 0, right_sidedef: 147, left_sidedef: 65535
start_vertex: 90, end_vertex: 95, flags: 1, line_type: 0, sector_tag: 0, right_sidedef: 148, left_sidedef: 65535
start_vertex: 95, end_vertex: 96, flags: 1, line_type: 0, sector_tag: 0, right_sidedef: 149, left_sidedef: 65535
start_vertex: 97, end_vertex: 85, flags: 1, line_type: 0, sector_tag: 0, right_sidedef: 150, left_sidedef: 65535
start_vertex: 98, end_vertex: 97, flags: 1, line_type: 0, sector_tag: 0, right_sidedef: 151, left_sidedef: 65535
start_vertex: 79, end_vertex: 78, flags: 28, line_type: 0, sector_tag: 0, right_sidedef: 152, left_sidedef: 153
start_vertex: 89, end_vertex: 81, flags: 29, line_type: 0, sector_tag: 0, right_sidedef: 154, left_sidedef: 155
start_vertex: 88, end_vertex: 90, flags: 28, line_type: 0, sector_tag: 0, right_sidedef: 156, left_sidedef: 157
start_vertex: 84, end_vertex: 86, flags: 29, line_type: 0, sector_tag: 0, right_sidedef: 158, left_sidedef: 159
start_vertex: 85, end_vertex: 87, flags: 28, line_type: 0, sector_tag: 0, right_sidedef: 160, left_sidedef: 161
start_vertex: 82, end_vertex: 83, flags: 29, line_type: 0, sector_tag: 0, right_sidedef: 162, left_sidedef: 163
start_vertex: 92, end_vertex: 91, flags: 28, line_type: 0, sector_tag: 0, right_sidedef: 164, left_sidedef: 165
start_vertex: 99, end_vertex: 98, flags: 1, line_type: 0, sector_tag: 0, right_sidedef: 166, left_sidedef: 65535
start_vertex: 96, end_vertex: 100, flags: 1, line_type: 0, sector_tag: 0, right_sidedef: 167, left_sidedef: 65535
start_vertex: 100, end_vertex: 101, flags: 1, line_type: 0, sector_tag: 0, right_sidedef: 168, left_sidedef: 65535
start_vertex: 101, end_vertex: 102, flags: 1, line_type: 0, sector_tag: 0, right_sidedef: 169, left_sidedef: 65535
start_vertex: 102, end_vertex: 103, flags: 1, line_type: 0, sector_tag: 0, right_sidedef: 170, left_sidedef: 65535
start_vertex: 103, end_vertex: 104, flags: 1, line_type: 0, sector_tag: 0, right_sidedef: 171, left_sidedef: 65535
start_vertex: 104, end_vertex: 99, flags: 1, line_type: 0, sector_tag: 0, right_sidedef: 172, left_sidedef: 65535
start_vertex: 100, end_vertex: 105, flags: 156, line_type: 0, sector_tag: 0, right_sidedef: 173, left_sidedef: 174
start_vertex: 105, end_vertex: 106, flags: 156, line_type: 0, sector_tag: 0, right_sidedef: 175, left_sidedef: 176
start_vertex: 106, end_vertex: 99, flags: 156, line_type: 0, sector_tag: 0, right_sidedef: 177, left_sidedef: 178
start_vertex: 86, end_vertex: 107, flags: 1, line_type: 0, sector_tag: 0, right_sidedef: 179, left_sidedef: 65535
start_vertex: 107, end_vertex: 79, flags: 1, line_type: 0, sector_tag: 0, right_sidedef: 180, left_sidedef: 65535
start_vertex: 78, end_vertex: 108, flags: 1, line_type: 0, sector_tag: 0, right_sidedef: 181, left_sidedef: 65535
start_vertex: 108, end_vertex: 89, flags: 1, line_type: 0, sector_tag: 0, right_sidedef: 182, left_sidedef: 65535
start_vertex: 109, end_vertex: 110, flags: 28, line_type: 0, sector_tag: 0, right_sidedef: 183, left_sidedef: 184
start_vertex: 110, end_vertex: 111, flags: 28, line_type: 0, sector_tag: 0, right_sidedef: 185, left_sidedef: 186
start_vertex: 111, end_vertex: 112, flags: 28, line_type: 0, sector_tag: 0, right_sidedef: 187, left_sidedef: 188
start_vertex: 112, end_vertex: 109, flags: 28, line_type: 0, sector_tag: 0, right_sidedef: 189, left_sidedef: 190
start_vertex: 113, end_vertex: 114, flags: 28, line_type: 0, sector_tag: 0, right_sidedef: 191, left_sidedef: 192
start_vertex: 114, end_vertex: 115, flags: 28, line_type: 0, sector_tag: 0, right_sidedef: 193, left_sidedef: 194
start_vertex: 115, end_vertex: 116, flags: 28, line_type: 0, sector_tag: 0, right_sidedef: 195, left_sidedef: 196
start_vertex: 116, end_vertex: 113, flags: 28, line_type: 0, sector_tag: 0, right_sidedef: 197, left_sidedef: 198
start_vertex: 40, end_vertex: 117, flags: 1, line_type: 0, sector_tag: 0, right_sidedef: 199, left_sidedef: 65535
start_vertex: 118, end_vertex: 29, flags: 1, line_type: 0, sector_tag: 0, right_sidedef: 200, left_sidedef: 65535
start_vertex: 119, end_vertex: 118, flags: 1, line_type: 0, sector_tag: 0, right_sidedef: 201, left_sidedef: 65535
start_vertex: 117, end_vertex: 120, flags: 1, line_type: 0, sector_tag: 0, right_sidedef: 202, left_sidedef: 65535
start_vertex: 29, end_vertex: 40, flags: 12, line_type: 0, sector_tag: 0, right_sidedef: 203, left_sidedef: 204
start_vertex: 120, end_vertex: 119, flags: 12, line_type: 0, sector_tag: 0, right_sidedef: 205, left_sidedef: 206
start_vertex: 121, end_vertex: 122, flags: 4, line_type: 1, sector_tag: 0, right_sidedef: 207, left_sidedef: 208
start_vertex: 123, end_vertex: 124, flags: 4, line_type: 1, sector_tag: 0, right_sidedef: 209, left_sidedef: 210
start_vertex: 122, end_vertex: 119, flags: 1, line_type: 0, sector_tag: 0, right_sidedef: 211, left_sidedef: 65535
start_vertex: 120, end_vertex: 121, flags: 1, line_type: 0, sector_tag: 0, right_sidedef: 212, left_sidedef: 65535
start_vertex: 121, end_vertex: 124, flags: 17, line_type: 0, sector_tag: 0, right_sidedef: 213, left_sidedef: 65535
start_vertex: 123, end_vertex: 122, flags: 17, line_type: 0, sector_tag: 0, right_sidedef: 214, left_sidedef: 65535
start_vertex: 125, end_vertex: 123, flags: 1, line_type: 0, sector_tag: 0, right_sidedef: 215, left_sidedef: 65535
start_vertex: 124, end_vertex: 126, flags: 1, line_type: 0, sector_tag: 0, right_sidedef: 216, left_sidedef: 65535
start_vertex: 127, end_vertex: 128, flags: 1, line_type: 0, sector_tag: 0, right_sidedef: 217, left_sidedef: 65535
start_vertex: 128, end_vertex: 129, flags: 1, line_type: 0, sector_tag: 0, right_sidedef: 218, left_sidedef: 65535
start_vertex: 130, end_vertex: 44, flags: 1, line_type: 0, sector_tag: 0, right_sidedef: 219, left_sidedef: 65535
start_vertex: 42, end_vertex: 131, flags: 1, line_type: 0, sector_tag: 0, right_sidedef: 220, left_sidedef: 65535
start_vertex: 131, end_vertex: 132, flags: 1, line_type: 0, sector_tag: 0, right_sidedef: 221, left_sidedef: 65535
start_vertex: 133, end_vertex: 134, flags: 28, line_type: 0, sector_tag: 0, right_sidedef: 222, left_sidedef: 223
start_vertex: 134, end_vertex: 135, flags: 28, line_type: 0, sector_tag: 0, right_sidedef: 224, left_sidedef: 225
start_vertex: 135, end_vertex: 136, flags: 28, line_type: 0, sector_tag: 0, right_sidedef: 226, left_sidedef: 227
start_vertex: 136, end_vertex: 137, flags: 28, line_type: 0, sector_tag: 0, right_sidedef: 228, left_sidedef: 229
start_vertex: 137, end_vertex: 138, flags: 28, line_type: 0, sector_tag: 0, right_sidedef: 230, left_sidedef: 231
start_vertex: 138, end_vertex: 139, flags: 28, line_type: 0, sector_tag: 0, right_sidedef: 232, left_sidedef: 233
start_vertex: 139, end_vertex: 140, flags: 28, line_type: 0, sector_tag: 0, right_sidedef: 234, left_sidedef: 235
start_vertex: 140, end_vertex: 133, flags: 28, line_type: 0, sector_tag: 0, right_sidedef: 236, left_sidedef: 237
start_vertex: 141, end_vertex: 142, flags: 1, line_type: 0, sector_tag: 0, right_sidedef: 238, left_sidedef: 65535
start_vertex: 143, end_vertex: 144, flags: 1, line_type: 0, sector_tag: 0, right_sidedef: 239, left_sidedef: 65535
start_vertex: 144, end_vertex: 145, flags: 1, line_type: 0, sector_tag: 0, right_sidedef: 240, left_sidedef: 65535
start_vertex: 146, end_vertex: 147, flags: 1, line_type: 0, sector_tag: 0, right_sidedef: 241, left_sidedef: 65535
start_vertex: 148, end_vertex: 149, flags: 1, line_type: 0, sector_tag: 0, right_sidedef: 242, left_sidedef: 65535
start_vertex: 150, end_vertex: 151, flags: 1, line_type: 0, sector_tag: 0, right_sidedef: 243, left_sidedef: 65535
start_vertex: 152, end_vertex: 153, flags: 1, line_type: 0, sector_tag: 0, right_sidedef: 244, left_sidedef: 65535
start_vertex: 154, end_vertex: 127, flags: 1, line_type: 0, sector_tag: 0, right_sidedef: 245, left_sidedef: 65535
start_vertex: 153, end_vertex: 154, flags: 1, line_type: 0, sector_tag: 0, right_sidedef: 246, left_sidedef: 65535
start_vertex: 149, end_vertex: 155, flags: 1, line_type: 0, sector_tag: 0, right_sidedef: 247, left_sidedef: 65535
start_vertex: 156, end_vertex: 155, flags: 6, line_type: 0, sector_tag: 0, right_sidedef: 248, left_sidedef: 249
start_vertex: 157, end_vertex: 158, flags: 6, line_type: 0, sector_tag: 0, right_sidedef: 250, left_sidedef: 251
start_vertex: 159, end_vertex: 157, flags: 6, line_type: 0, sector_tag: 0, right_sidedef: 252, left_sidedef: 253
start_vertex: 160, end_vertex: 161, flags: 6, line_type: 0, sector_tag: 0, right_sidedef: 254, left_sidedef: 255
start_vertex: 162, end_vertex: 159, flags: 6, line_type: 0, sector_tag: 0, right_sidedef: 256, left_sidedef: 257
start_vertex: 161, end_vertex: 156, flags: 6, line_type: 0, sector_tag: 0, right_sidedef: 258, left_sidedef: 259
start_vertex: 163, end_vertex: 164, flags: 1, line_type: 0, sector_tag: 0, right_sidedef: 260, left_sidedef: 65535
start_vertex: 165, end_vertex: 152, flags: 1, line_type: 0, sector_tag: 0, right_sidedef: 261, left_sidedef: 65535
start_vertex: 164, end_vertex: 166, flags: 1, line_type: 0, sector_tag: 0, right_sidedef: 262, left_sidedef: 65535
start_vertex: 167, end_vertex: 165, flags: 1, line_type: 0, sector_tag: 0, right_sidedef: 263, left_sidedef: 65535
start_vertex: 141, end_vertex: 145, flags: 4, line_type: 0, sector_tag: 0, right_sidedef: 264, left_sidedef: 265
start_vertex: 153, end_vertex: 158, flags: 132, line_type: 0, sector_tag: 0, right_sidedef: 266, left_sidedef: 267
start_vertex: 158, end_vertex: 164, flags: 132, line_type: 0, sector_tag: 0, right_sidedef: 268, left_sidedef: 269
start_vertex: 150, end_vertex: 148, flags: 132, line_type: 88, sector_tag: 2, right_sidedef: 270, left_sidedef: 271
start_vertex: 158, end_vertex: 152, flags: 6, line_type: 0, sector_tag: 0, right_sidedef: 272, left_sidedef: 273
start_vertex: 168, end_vertex: 160, flags: 6, line_type: 0, sector_tag: 0, right_sidedef: 274, left_sidedef: 275
start_vertex: 163, end_vertex: 168, flags: 4, line_type: 0, sector_tag: 0, right_sidedef: 276, left_sidedef: 277
start_vertex: 169, end_vertex: 163, flags: 1, line_type: 0, sector_tag: 0, right_sidedef: 278, left_sidedef: 65535
start_vertex: 170, end_vertex: 171, flags: 4, line_type: 0, sector_tag: 0, right_sidedef: 279, left_sidedef: 280
start_vertex: 171, end_vertex: 172, flags: 4, line_type: 0, sector_tag: 0, right_sidedef: 281, left_sidedef: 282
start_vertex: 172, end_vertex: 169, flags: 4, line_type: 0, sector_tag: 0, right_sidedef: 283, left_sidedef: 284
start_vertex: 129, end_vertex: 173, flags: 1, line_type: 0, sector_tag: 0, right_sidedef: 285, left_sidedef: 65535
start_vertex: 173, end_vertex: 174, flags: 1, line_type: 0, sector_tag: 0, right_sidedef: 286, left_sidedef: 65535
start_vertex: 175, end_vertex: 130, flags: 1, line_type: 0, sector_tag: 0, right_sidedef: 287, left_sidedef: 65535
start_vertex: 176, end_vertex: 175, flags: 1, line_type: 0, sector_tag: 0, right_sidedef: 288, left_sidedef: 65535
start_vertex: 177, end_vertex: 178, flags: 1, line_type: 0, sector_tag: 0, right_sidedef: 289, left_sidedef: 65535
start_vertex: 178, end_vertex: 179, flags: 1, line_type: 0, sector_tag: 0, right_sidedef: 290, left_sidedef: 65535
start_vertex: 180, end_vertex: 181, flags: 1, line_type: 0, sector_tag: 0, right_sidedef: 291, left_sidedef: 65535
start_vertex: 182, end_vertex: 180, flags: 1, line_type: 0, sector_tag: 0, right_sidedef: 292, left_sidedef: 65535
start_vertex: 183, end_vertex: 182, flags: 1, line_type: 0, sector_tag: 0, right_sidedef: 293, left_sidedef: 65535
start_vertex: 184, end_vertex: 183, flags: 1, line_type: 0, sector_tag: 0, right_sidedef: 294, left_sidedef: 65535
start_vertex: 179, end_vertex: 185, flags: 1, line_type: 0, sector_tag: 0, right_sidedef: 295, left_sidedef: 65535
start_vertex: 185, end_vertex: 186, flags: 1, line_type: 0, sector_tag: 0, right_sidedef: 296, left_sidedef: 65535
start_vertex: 187, end_vertex: 188, flags: 1, line_type: 0, sector_tag: 0, right_sidedef: 297, left_sidedef: 65535
start_vertex: 174, end_vertex: 176, flags: 12, line_type: 0, sector_tag: 0, right_sidedef: 298, left_sidedef: 299
start_vertex: 181, end_vertex: 177, flags: 12, line_type: 0, sector_tag: 0, right_sidedef: 300, left_sidedef: 301
start_vertex: 180, end_vertex: 178, flags: 12, line_type: 0, sector_tag: 0, right_sidedef: 302, left_sidedef: 303
start_vertex: 182, end_vertex: 179, flags: 12, line_type: 0, sector_tag: 0, right_sidedef: 304, left_sidedef: 305
start_vertex: 183, end_vertex: 185, flags: 12, line_type: 0, sector_tag: 0, right_sidedef: 306, left_sidedef: 307
start_vertex: 184, end_vertex: 186, flags: 12, line_type: 0, sector_tag: 0, right_sidedef: 308, left_sidedef: 309
start_vertex: 187, end_vertex: 189, flags: 12, line_type: 0, sector_tag: 0, right_sidedef: 310, left_sidedef: 311
start_vertex: 190, end_vertex: 191, flags: 12, line_type: 0, sector_tag: 0, right_sidedef: 312, left_sidedef: 313
start_vertex: 192, end_vertex: 193, flags: 12, line_type: 0, sector_tag: 0, right_sidedef: 314, left_sidedef: 315
start_vertex: 194, end_vertex: 195, flags: 12, line_type: 0, sector_tag: 0, right_sidedef: 316, left_sidedef: 317
start_vertex: 196, end_vertex: 197, flags: 12, line_type: 0, sector_tag: 0, right_sidedef: 318, left_sidedef: 319
start_vertex: 198, end_vertex: 199, flags: 12, line_type: 0, sector_tag: 0, right_sidedef: 320, left_sidedef: 321
start_vertex: 200, end_vertex: 201, flags: 12, line_type: 0, sector_tag: 0, right_sidedef: 322, left_sidedef: 323
start_vertex: 202, end_vertex: 203, flags: 12, line_type: 0, sector_tag: 0, right_sidedef: 324, left_sidedef: 325
start_vertex: 204, end_vertex: 205, flags: 14, line_type: 0, sector_tag: 0, right_sidedef: 326, left_sidedef: 327
start_vertex: 204, end_vertex: 202, flags: 1, line_type: 0, sector_tag: 0, right_sidedef: 328, left_sidedef: 65535
start_vertex: 203, end_vertex: 205, flags: 1, line_type: 0, sector_tag: 0, right_sidedef: 329, left_sidedef: 65535
start_vertex: 202, end_vertex: 200, flags: 1, line_type: 0, sector_tag: 0, right_sidedef: 330, left_sidedef: 65535
start_vertex: 200, end_vertex: 198, flags: 1, line_type: 0, sector_tag: 0, right_sidedef: 331, left_sidedef: 65535
start_vertex: 198, end_vertex: 196, flags: 1, line_type: 0, sector_tag: 0, right_sidedef: 332, left_sidedef: 65535
start_vertex: 196, end_vertex: 194, flags: 1, line_type: 0, sector_tag: 0, right_sidedef: 333, left_sidedef: 65535
start_vertex: 194, end_vertex: 192, flags: 1, line_type: 0, sector_tag: 0, right_sidedef: 334, left_sidedef: 65535
start_vertex: 193, end_vertex: 195, flags: 1, line_type: 0, sector_tag: 0, right_sidedef: 335, left_sidedef: 65535
start_vertex: 195, end_vertex: 197, flags: 1, line_type: 0, sector_tag: 0, right_sidedef: 336, left_sidedef: 65535
start_vertex: 197, end_vertex: 199, flags: 1, line_type: 0, sector_tag: 0, right_sidedef: 337, left_sidedef: 65535
start_vertex: 199, end_vertex: 201, flags: 1, line_type: 0, sector_tag: 0, right_sidedef: 338, left_sidedef: 65535
start_vertex: 201, end_vertex: 203, flags: 1, line_type: 0, sector_tag: 0, right_sidedef: 339, left_sidedef: 65535
start_vertex: 192, end_vertex: 206, flags: 1, line_type: 0, sector_tag: 0, right_sidedef: 340, left_sidedef: 65535
start_vertex: 207, end_vertex: 193, flags: 1, line_type: 0, sector_tag: 0, right_sidedef: 341, left_sidedef: 65535
start_vertex: 208, end_vertex: 207, flags: 17, line_type: 0, sector_tag: 0, right_sidedef: 342, left_sidedef: 65535
start_vertex: 206, end_vertex: 167, flags: 17, line_type: 0, sector_tag: 0, right_sidedef: 343, left_sidedef: 65535
start_vertex: 208, end_vertex: 167, flags: 36, line_type: 1, sector_tag: 0, right_sidedef: 344, left_sidedef: 345
start_vertex: 206, end_vertex: 207, flags: 4, line_type: 1, sector_tag: 0, right_sidedef: 346, left_sidedef: 347
start_vertex: 209, end_vertex: 208, flags: 1, line_type: 0, sector_tag: 0, right_sidedef: 348, left_sidedef: 65535
start_vertex: 127, end_vertex: 210, flags: 156, line_type: 0, sector_tag: 0, right_sidedef: 349, left_sidedef: 350
start_vertex: 210, end_vertex: 211, flags: 28, line_type: 0, sector_tag: 0, right_sidedef: 351, left_sidedef: 352
start_vertex: 211, end_vertex: 35, flags: 156, line_type: 0, sector_tag: 0, right_sidedef: 353, left_sidedef: 354
start_vertex: 211, end_vertex: 130, flags: 28, line_type: 0, sector_tag: 0, right_sidedef: 355, left_sidedef: 356
start_vertex: 129, end_vertex: 210, flags: 28, line_type: 0, sector_tag: 0, right_sidedef: 357, left_sidedef: 358
start_vertex: 205, end_vertex: 212, flags: 1, line_type: 0, sector_tag: 0, right_sidedef: 359, left_sidedef: 65535
start_vertex: 212, end_vertex: 191, flags: 1, line_type: 0, sector_tag: 0, right_sidedef: 360, left_sidedef: 65535
start_vertex: 190, end_vertex: 213, flags: 1, line_type: 0, sector_tag: 0, right_sidedef: 361, left_sidedef: 65535
start_vertex: 213, end_vertex: 204, flags: 1, line_type: 0, sector_tag: 0, right_sidedef: 362, left_sidedef: 65535
start_vertex: 186, end_vertex: 214, flags: 1, line_type: 0, sector_tag: 0, right_sidedef: 363, left_sidedef: 65535
start_vertex: 214, end_vertex: 189, flags: 1, line_type: 0, sector_tag: 0, right_sidedef: 364, left_sidedef: 65535
start_vertex: 188, end_vertex: 215, flags: 1, line_type: 0, sector_tag: 0, right_sidedef: 365, left_sidedef: 65535
start_vertex: 215, end_vertex: 184, flags: 1, line_type: 0, sector_tag: 0, right_sidedef: 366, left_sidedef: 65535
start_vertex: 150, end_vertex: 162, flags: 6, line_type: 0, sector_tag: 0, right_sidedef: 367, left_sidedef: 368
start_vertex: 147, end_vertex: 216, flags: 1, line_type: 0, sector_tag: 0, right_sidedef: 369, left_sidedef: 65535
start_vertex: 216, end_vertex: 141, flags: 1, line_type: 0, sector_tag: 0, right_sidedef: 370, left_sidedef: 65535
start_vertex: 145, end_vertex: 217, flags: 1, line_type: 0, sector_tag: 0, right_sidedef: 371, left_sidedef: 65535
start_vertex: 217, end_vertex: 148, flags: 1, line_type: 0, sector_tag: 0, right_sidedef: 372, left_sidedef: 65535
start_vertex: 218, end_vertex: 170, flags: 1, line_type: 0, sector_tag: 0, right_sidedef: 373, left_sidedef: 65535
start_vertex: 170, end_vertex: 219, flags: 1, line_type: 0, sector_tag: 0, right_sidedef: 374, left_sidedef: 65535
start_vertex: 219, end_vertex: 169, flags: 12, line_type: 0, sector_tag: 0, right_sidedef: 375, left_sidedef: 376
start_vertex: 132, end_vertex: 220, flags: 1, line_type: 0, sector_tag: 0, right_sidedef: 377, left_sidedef: 65535
start_vertex: 220, end_vertex: 221, flags: 1, line_type: 0, sector_tag: 0, right_sidedef: 378, left_sidedef: 65535
start_vertex: 221, end_vertex: 222, flags: 1, line_type: 0, sector_tag: 0, right_sidedef: 379, left_sidedef: 65535
start_vertex: 222, end_vertex: 223, flags: 1, line_type: 0, sector_tag: 0, right_sidedef: 380, left_sidedef: 65535
start_vertex: 153, end_vertex: 223, flags: 29, line_type: 0, sector_tag: 0, right_sidedef: 381, left_sidedef: 382
start_vertex: 222, end_vertex: 154, flags: 29, line_type: 0, sector_tag: 0, right_sidedef: 383, left_sidedef: 384
start_vertex: 223, end_vertex: 150, flags: 1, line_type: 0, sector_tag: 0, right_sidedef: 385, left_sidedef: 65535
start_vertex: 224, end_vertex: 225, flags: 1, line_type: 0, sector_tag: 0, right_sidedef: 386, left_sidedef: 65535
start_vertex: 226, end_vertex: 227, flags: 1, line_type: 0, sector_tag: 0, right_sidedef: 387, left_sidedef: 65535
start_vertex: 227, end_vertex: 228, flags: 1, line_type: 0, sector_tag: 0, right_sidedef: 388, left_sidedef: 65535
start_vertex: 229, end_vertex: 230, flags: 1, line_type: 0, sector_tag: 0, right_sidedef: 389, left_sidedef: 65535
start_vertex: 231, end_vertex: 232, flags: 1, line_type: 0, sector_tag: 0, right_sidedef: 390, left_sidedef: 65535
start_vertex: 233, end_vertex: 224, flags: 1, line_type: 0, sector_tag: 0, right_sidedef: 391, left_sidedef: 65535
start_vertex: 234, end_vertex: 235, flags: 1, line_type: 0, sector_tag: 0, right_sidedef: 392, left_sidedef: 65535
start_vertex: 235, end_vertex: 236, flags: 1, line_type: 0, sector_tag: 0, right_sidedef: 393, left_sidedef: 65535
start_vertex: 236, end_vertex: 237, flags: 1, line_type: 0, sector_tag: 0, right_sidedef: 394, left_sidedef: 65535
start_vertex: 238, end_vertex: 239, flags: 1, line_type: 0, sector_tag: 0, right_sidedef: 395, left_sidedef: 65535
start_vertex: 239, end_vertex: 240, flags: 1, line_type: 0, sector_tag: 0, right_sidedef: 396, left_sidedef: 65535
start_vertex: 240, end_vertex: 241, flags: 1, line_type: 0, sector_tag: 0, right_sidedef: 397, left_sidedef: 65535
start_vertex: 228, end_vertex: 242, flags: 1, line_type: 0, sector_tag: 0, right_sidedef: 398, left_sidedef: 65535
start_vertex: 242, end_vertex: 229, flags: 1, line_type: 0, sector_tag: 0, right_sidedef: 399, left_sidedef: 65535
start_vertex: 237, end_vertex: 243, flags: 1, line_type: 0, sector_tag: 0, right_sidedef: 400, left_sidedef: 65535
start_vertex: 243, end_vertex: 234, flags: 1, line_type: 0, sector_tag: 0, right_sidedef: 401, left_sidedef: 65535
start_vertex: 232, end_vertex: 244, flags: 1, line_type: 0, sector_tag: 0, right_sidedef: 402, left_sidedef: 65535
start_vertex: 244, end_vertex: 233, flags: 1, line_type: 0, sector_tag: 0, right_sidedef: 403, left_sidedef: 65535
start_vertex: 241, end_vertex: 245, flags: 1, line_type: 0, sector_tag: 0, right_sidedef: 404, left_sidedef: 65535
start_vertex: 245, end_vertex: 238, flags: 1, line_type: 0, sector_tag: 0, right_sidedef: 405, left_sidedef: 65535
start_vertex: 245, end_vertex: 246, flags: 5, line_type: 0, sector_tag: 0, right_sidedef: 406, left_sidedef: 407
start_vertex: 246, end_vertex: 247, flags: 5, line_type: 0, sector_tag: 0, right_sidedef: 408, left_sidedef: 409
start_vertex: 247, end_vertex: 242, flags: 5, line_type: 0, sector_tag: 0, right_sidedef: 410, left_sidedef: 411
start_vertex: 248, end_vertex: 243, flags: 5, line_type: 0, sector_tag: 0, right_sidedef: 412, left_sidedef: 413
start_vertex: 244, end_vertex: 249, flags: 5, line_type: 0, sector_tag: 0, right_sidedef: 414, left_sidedef: 415
start_vertex: 249, end_vertex: 248, flags: 5, line_type: 0, sector_tag: 0, right_sidedef: 416, left_sidedef: 417
start_vertex: 250, end_vertex: 251, flags: 1, line_type: 0, sector_tag: 0, right_sidedef: 418, left_sidedef: 65535
start_vertex: 252, end_vertex: 253, flags: 1, line_type: 0, sector_tag: 0, right_sidedef: 419, left_sidedef: 65535
start_vertex: 251, end_vertex: 254, flags: 1, line_type: 0, sector_tag: 0, right_sidedef: 420, left_sidedef: 65535
start_vertex: 255, end_vertex: 252, flags: 1, line_type: 0, sector_tag: 0, right_sidedef: 421, left_sidedef: 65535
start_vertex: 229, end_vertex: 232, flags: 12, line_type: 36, sector_tag: 1, right_sidedef: 422, left_sidedef: 423
start_vertex: 234, end_vertex: 241, flags: 12, line_type: 0, sector_tag: 0, right_sidedef: 424, left_sidedef: 425
start_vertex: 166, end_vertex: 209, flags: 12, line_type: 0, sector_tag: 0, right_sidedef: 426, left_sidedef: 427
start_vertex: 253, end_vertex: 226, flags: 1, line_type: 0, sector_tag: 0, right_sidedef: 428, left_sidedef: 65535
start_vertex: 225, end_vertex: 250, flags: 1, line_type: 0, sector_tag: 0, right_sidedef: 429, left_sidedef: 65535
start_vertex: 238, end_vertex: 228, flags: 12, line_type: 0, sector_tag: 0, right_sidedef: 430, left_sidedef: 431
start_vertex: 233, end_vertex: 237, flags: 12, line_type: 0, sector_tag: 0, right_sidedef: 432, left_sidedef: 433
start_vertex: 252, end_vertex: 251, flags: 12, line_type: 0, sector_tag: 0, right_sidedef: 434, left_sidedef: 435
start_vertex: 254, end_vertex: 256, flags: 1, line_type: 0, sector_tag: 0, right_sidedef: 436, left_sidedef: 65535
start_vertex: 257, end_vertex: 255, flags: 1, line_type: 0, sector_tag: 0, right_sidedef: 437, left_sidedef: 65535
start_vertex: 258, end_vertex: 257, flags: 1, line_type: 0, sector_tag: 0, right_sidedef: 438, left_sidedef: 65535
start_vertex: 256, end_vertex: 259, flags: 1, line_type: 0, sector_tag: 0, right_sidedef: 439, left_sidedef: 65535
start_vertex: 259, end_vertex: 260, flags: 17, line_type: 0, sector_tag: 0, right_sidedef: 440, left_sidedef: 65535
start_vertex: 260, end_vertex: 261, flags: 1, line_type: 0, sector_tag: 0, right_sidedef: 441, left_sidedef: 65535
start_vertex: 262, end_vertex: 263, flags: 1, line_type: 0, sector_tag: 0, right_sidedef: 442, left_sidedef: 65535
start_vertex: 263, end_vertex: 258, flags: 17, line_type: 0, sector_tag: 0, right_sidedef: 443, left_sidedef: 65535
start_vertex: 263, end_vertex: 260, flags: 4, line_type: 1, sector_tag: 0, right_sidedef: 444, left_sidedef: 445
start_vertex: 259, end_vertex: 258, flags: 4, line_type: 1, sector_tag: 0, right_sidedef: 446, left_sidedef: 447
start_vertex: 261, end_vertex: 264, flags: 17, line_type: 0, sector_tag: 0, right_sidedef: 448, left_sidedef: 65535
start_vertex: 265, end_vertex: 262, flags: 17, line_type: 0, sector_tag: 0, right_sidedef: 449, left_sidedef: 65535
start_vertex: 264, end_vertex: 266, flags: 17, line_type: 0, sector_tag: 0, right_sidedef: 450, left_sidedef: 65535
start_vertex: 267, end_vertex: 268, flags: 17, line_type: 0, sector_tag: 0, right_sidedef: 451, left_sidedef: 65535
start_vertex: 268, end_vertex: 269, flags: 17, line_type: 11, sector_tag: 0, right_sidedef: 452, left_sidedef: 65535
start_vertex: 269, end_vertex: 265, flags: 17, line_type: 0, sector_tag: 0, right_sidedef: 453, left_sidedef: 65535
start_vertex: 266, end_vertex: 267, flags: 17, line_type: 0, sector_tag: 0, right_sidedef: 454, left_sidedef: 65535
start_vertex: 262, end_vertex: 261, flags: 12, line_type: 0, sector_tag: 0, right_sidedef: 455, left_sidedef: 456
start_vertex: 270, end_vertex: 209, flags: 1, line_type: 0, sector_tag: 0, right_sidedef: 457, left_sidedef: 65535
start_vertex: 166, end_vertex: 271, flags: 1, line_type: 0, sector_tag: 0, right_sidedef: 458, left_sidedef: 65535
start_vertex: 230, end_vertex: 272, flags: 1, line_type: 0, sector_tag: 0, right_sidedef: 459, left_sidedef: 65535
start_vertex: 272, end_vertex: 270, flags: 17, line_type: 0, sector_tag: 0, right_sidedef: 460, left_sidedef: 65535
start_vertex: 271, end_vertex: 273, flags: 17, line_type: 0, sector_tag: 0, right_sidedef: 461, left_sidedef: 65535
start_vertex: 273, end_vertex: 231, flags: 1, line_type: 0, sector_tag: 0, right_sidedef: 462, left_sidedef: 65535
start_vertex: 271, end_vertex: 270, flags: 4, line_type: 1, sector_tag: 0, right_sidedef: 463, left_sidedef: 464
start_vertex: 272, end_vertex: 273, flags: 4, line_type: 1, sector_tag: 0, right_sidedef: 465, left_sidedef: 466
start_vertex: 274, end_vertex: 275, flags: 4, line_type: 0, sector_tag: 0, right_sidedef: 467, left_sidedef: 468
start_vertex: 276, end_vertex: 277, flags: 4, line_type: 0, sector_tag: 0, right_sidedef: 469, left_sidedef: 470
start_vertex: 277, end_vertex: 274, flags: 4, line_type: 0, sector_tag: 0, right_sidedef: 471, left_sidedef: 472
start_vertex: 275, end_vertex: 276, flags: 4, line_type: 0, sector_tag: 0, right_sidedef: 473, left_sidedef: 474
start_vertex: 256, end_vertex: 257, flags: 12, line_type: 0, sector_tag: 0, right_sidedef: 475, left_sidedef: 476
start_vertex: 278, end_vertex: 279, flags: 4, line_type: 0, sector_tag: 0, right_sidedef: 477, left_sidedef: 478
start_vertex: 280, end_vertex: 281, flags: 4, line_type: 0, sector_tag: 0, right_sidedef: 479, left_sidedef: 480
start_vertex: 281, end_vertex: 278, flags: 4, line_type: 0, sector_tag: 0, right_sidedef: 481, left_sidedef: 482
start_vertex: 279, end_vertex: 280, flags: 4, line_type: 0, sector_tag: 0, right_sidedef: 483, left_sidedef: 484
start_vertex: 151, end_vertex: 146, flags: 1, line_type: 0, sector_tag: 0, right_sidedef: 485, left_sidedef: 65535
start_vertex: 282, end_vertex: 283, flags: 28, line_type: 48, sector_tag: 0, right_sidedef: 486, left_sidedef: 487
start_vertex: 283, end_vertex: 284, flags: 28, line_type: 48, sector_tag: 0, right_sidedef: 488, left_sidedef: 489
start_vertex: 284, end_vertex: 285, flags: 28, line_type: 48, sector_tag: 0, right_sidedef: 490, left_sidedef: 491
start_vertex: 285, end_vertex: 286, flags: 28, line_type: 48, sector_tag: 0, right_sidedef: 492, left_sidedef: 493
start_vertex: 286, end_vertex: 287, flags: 28, line_type: 48, sector_tag: 0, right_sidedef: 494, left_sidedef: 495
start_vertex: 287, end_vertex: 288, flags: 28, line_type: 48, sector_tag: 0, right_sidedef: 496, left_sidedef: 497
start_vertex: 288, end_vertex: 289, flags: 28, line_type: 48, sector_tag: 0, right_sidedef: 498, left_sidedef: 499
start_vertex: 289, end_vertex: 282, flags: 28, line_type: 48, sector_tag: 0, right_sidedef: 500, left_sidedef: 501
start_vertex: 290, end_vertex: 291, flags: 1, line_type: 0, sector_tag: 0, right_sidedef: 502, left_sidedef: 65535
start_vertex: 291, end_vertex: 292, flags: 1, line_type: 0, sector_tag: 0, right_sidedef: 503, left_sidedef: 65535
start_vertex: 293, end_vertex: 294, flags: 1, line_type: 0, sector_tag: 0, right_sidedef: 504, left_sidedef: 65535
start_vertex: 295, end_vertex: 296, flags: 1, line_type: 0, sector_tag: 0, right_sidedef: 505, left_sidedef: 65535
start_vertex: 296, end_vertex: 297, flags: 1, line_type: 0, sector_tag: 0, right_sidedef: 506, left_sidedef: 65535
start_vertex: 298, end_vertex: 299, flags: 1, line_type: 0, sector_tag: 0, right_sidedef: 507, left_sidedef: 65535
start_vertex: 300, end_vertex: 301, flags: 1, line_type: 0, sector_tag: 0, right_sidedef: 508, left_sidedef: 65535
start_vertex: 301, end_vertex: 302, flags: 1, line_type: 0, sector_tag: 0, right_sidedef: 509, left_sidedef: 65535
start_vertex: 302, end_vertex: 303, flags: 1, line_type: 0, sector_tag: 0, right_sidedef: 510, left_sidedef: 65535
start_vertex: 303, end_vertex: 295, flags: 1, line_type: 0, sector_tag: 0, right_sidedef: 511, left_sidedef: 65535
start_vertex: 292, end_vertex: 300, flags: 1, line_type: 0, sector_tag: 0, right_sidedef: 512, left_sidedef: 65535
start_vertex: 290, end_vertex: 304, flags: 12, line_type: 0, sector_tag: 0, right_sidedef: 513, left_sidedef: 514
start_vertex: 304, end_vertex: 305, flags: 12, line_type: 0, sector_tag: 0, right_sidedef: 515, left_sidedef: 516
start_vertex: 305, end_vertex: 297, flags: 12, line_type: 0, sector_tag: 0, right_sidedef: 517, left_sidedef: 518
start_vertex: 299, end_vertex: 306, flags: 1, line_type: 0, sector_tag: 0, right_sidedef: 519, left_sidedef: 65535
start_vertex: 306, end_vertex: 307, flags: 1, line_type: 0, sector_tag: 0, right_sidedef: 520, left_sidedef: 65535
start_vertex: 307, end_vertex: 308, flags: 1, line_type: 0, sector_tag: 0, right_sidedef: 521, left_sidedef: 65535
start_vertex: 308, end_vertex: 293, flags: 1, line_type: 0, sector_tag: 0, right_sidedef: 522, left_sidedef: 65535
start_vertex: 298, end_vertex: 309, flags: 12, line_type: 0, sector_tag: 0, right_sidedef: 523, left_sidedef: 524
start_vertex: 309, end_vertex: 294, flags: 12, line_type: 0, sector_tag: 0, right_sidedef: 525, left_sidedef: 526
start_vertex: 310, end_vertex: 311, flags: 1, line_type: 0, sector_tag: 0, right_sidedef: 527, left_sidedef: 65535
start_vertex: 142, end_vertex: 312, flags: 1, line_type: 0, sector_tag: 0, right_sidedef: 528, left_sidedef: 65535
start_vertex: 313, end_vertex: 143, flags: 1, line_type: 0, sector_tag: 0, right_sidedef: 529, left_sidedef: 65535
start_vertex: 312, end_vertex: 310, flags: 1, line_type: 0, sector_tag: 0, right_sidedef: 530, left_sidedef: 65535
start_vertex: 125, end_vertex: 126, flags: 12, line_type: 0, sector_tag: 0, right_sidedef: 531, left_sidedef: 532
start_vertex: 313, end_vertex: 310, flags: 12, line_type: 0, sector_tag: 0, right_sidedef: 533, left_sidedef: 534
start_vertex: 314, end_vertex: 315, flags: 28, line_type: 0, sector_tag: 0, right_sidedef: 535, left_sidedef: 536
start_vertex: 315, end_vertex: 316, flags: 28, line_type: 0, sector_tag: 0, right_sidedef: 537, left_sidedef: 538
start_vertex: 316, end_vertex: 317, flags: 28, line_type: 0, sector_tag: 0, right_sidedef: 539, left_sidedef: 540
start_vertex: 317, end_vertex: 314, flags: 28, line_type: 0, sector_tag: 0, right_sidedef: 541, left_sidedef: 542
start_vertex: 294, end_vertex: 318, flags: 1, line_type: 0, sector_tag: 0, right_sidedef: 543, left_sidedef: 65535
start_vertex: 318, end_vertex: 125, flags: 1, line_type: 0, sector_tag: 0, right_sidedef: 544, left_sidedef: 65535
start_vertex: 126, end_vertex: 319, flags: 1, line_type: 0, sector_tag: 0, right_sidedef: 545, left_sidedef: 65535
start_vertex: 319, end_vertex: 290, flags: 1, line_type: 0, sector_tag: 0, right_sidedef: 546, left_sidedef: 65535
start_vertex: 297, end_vertex: 320, flags: 1, line_type: 0, sector_tag: 0, right_sidedef: 547, left_sidedef: 65535
start_vertex: 320, end_vertex: 313, flags: 1, line_type: 0, sector_tag: 0, right_sidedef: 548, left_sidedef: 65535
start_vertex: 311, end_vertex: 321, flags: 1, line_type: 0, sector_tag: 0, right_sidedef: 549, left_sidedef: 65535
start_vertex: 321, end_vertex: 298, flags: 1, line_type: 0, sector_tag: 0, right_sidedef: 550, left_sidedef: 65535
start_vertex: 322, end_vertex: 323, flags: 1, line_type: 0, sector_tag: 0, right_sidedef: 551, left_sidedef: 65535
start_vertex: 323, end_vertex: 324, flags: 1, line_type: 0, sector_tag: 0, right_sidedef: 552, left_sidedef: 65535
start_vertex: 324, end_vertex: 325, flags: 1, line_type: 0, sector_tag: 0, right_sidedef: 553, left_sidedef: 65535
start_vertex: 325, end_vertex: 326, flags: 1, line_type: 0, sector_tag: 0, right_sidedef: 554, left_sidedef: 65535
start_vertex: 326, end_vertex: 327, flags: 1, line_type: 0, sector_tag: 0, right_sidedef: 555, left_sidedef: 65535
start_vertex: 327, end_vertex: 328, flags: 1, line_type: 0, sector_tag: 0, right_sidedef: 556, left_sidedef: 65535
start_vertex: 328, end_vertex: 329, flags: 1, line_type: 0, sector_tag: 0, right_sidedef: 557, left_sidedef: 65535
start_vertex: 329, end_vertex: 330, flags: 1, line_type: 0, sector_tag: 0, right_sidedef: 558, left_sidedef: 65535
start_vertex: 330, end_vertex: 331, flags: 1, line_type: 0, sector_tag: 0, right_sidedef: 559, left_sidedef: 65535
start_vertex: 331, end_vertex: 332, flags: 1, line_type: 0, sector_tag: 0, right_sidedef: 560, left_sidedef: 65535
start_vertex: 332, end_vertex: 333, flags: 1, line_type: 0, sector_tag: 0, right_sidedef: 561, left_sidedef: 65535
start_vertex: 333, end_vertex: 334, flags: 1, line_type: 0, sector_tag: 0, right_sidedef: 562, left_sidedef: 65535
start_vertex: 334, end_vertex: 335, flags: 1, line_type: 0, sector_tag: 0, right_sidedef: 563, left_sidedef: 65535
start_vertex: 335, end_vertex: 322, flags: 1, line_type: 0, sector_tag: 0, right_sidedef: 564, left_sidedef: 65535
start_vertex: 327, end_vertex: 334, flags: 12, line_type: 0, sector_tag: 0, right_sidedef: 565, left_sidedef: 566
start_vertex: 328, end_vertex: 333, flags: 12, line_type: 0, sector_tag: 0, right_sidedef: 567, left_sidedef: 568
start_vertex: 329, end_vertex: 332, flags: 12, line_type: 0, sector_tag: 0, right_sidedef: 569, left_sidedef: 570
start_vertex: 336, end_vertex: 337, flags: 28, line_type: 0, sector_tag: 0, right_sidedef: 571, left_sidedef: 572
start_vertex: 337, end_vertex: 338, flags: 28, line_type: 0, sector_tag: 0, right_sidedef: 573, left_sidedef: 574
start_vertex: 338, end_vertex: 339, flags: 28, line_type: 0, sector_tag: 0, right_sidedef: 575, left_sidedef: 576
start_vertex: 339, end_vertex: 336, flags: 28, line_type: 0, sector_tag: 0, right_sidedef: 577, left_sidedef: 578
start_vertex: 340, end_vertex: 341, flags: 28, line_type: 0, sector_tag: 0, right_sidedef: 579, left_sidedef: 580
start_vertex: 341, end_vertex: 342, flags: 28, line_type: 0, sector_tag: 0, right_sidedef: 581, left_sidedef: 582
start_vertex: 342, end_vertex: 343, flags: 28, line_type: 0, sector_tag: 0, right_sidedef: 583, left_sidedef: 584
start_vertex: 343, end_vertex: 340, flags: 28, line_type: 0, sector_tag: 0, right_sidedef: 585, left_sidedef: 586
start_vertex: 344, end_vertex: 345, flags: 28, line_type: 0, sector_tag: 0, right_sidedef: 587, left_sidedef: 588
start_vertex: 345, end_vertex: 346, flags: 28, line_type: 0, sector_tag: 0, right_sidedef: 589, left_sidedef: 590
start_vertex: 346, end_vertex: 347, flags: 28, line_type: 0, sector_tag: 0, right_sidedef: 591, left_sidedef: 592
start_vertex: 347, end_vertex: 344, flags: 28, line_type: 0, sector_tag: 0, right_sidedef: 593, left_sidedef: 594
start_vertex: 142, end_vertex: 144, flags: 4, line_type: 0, sector_tag: 0, right_sidedef: 595, left_sidedef: 596
start_vertex: 348, end_vertex: 349, flags: 1, line_type: 0, sector_tag: 0, right_sidedef: 597, left_sidedef: 65535
start_vertex: 350, end_vertex: 351, flags: 1, line_type: 0, sector_tag: 0, right_sidedef: 598, left_sidedef: 65535
start_vertex: 352, end_vertex: 353, flags: 1, line_type: 0, sector_tag: 0, right_sidedef: 599, left_sidedef: 65535
start_vertex: 349, end_vertex: 352, flags: 12, line_type: 0, sector_tag: 0, right_sidedef: 600, left_sidedef: 601
start_vertex: 219, end_vertex: 354, flags: 1, line_type: 0, sector_tag: 0, right_sidedef: 602, left_sidedef: 65535
start_vertex: 354, end_vertex: 355, flags: 1, line_type: 0, sector_tag: 0, right_sidedef: 603, left_sidedef: 65535
start_vertex: 353, end_vertex: 356, flags: 1, line_type: 0, sector_tag: 0, right_sidedef: 604, left_sidedef: 65535
start_vertex: 356, end_vertex: 169, flags: 1, line_type: 0, sector_tag: 0, right_sidedef: 605, left_sidedef: 65535
start_vertex: 349, end_vertex: 357, flags: 1, line_type: 0, sector_tag: 0, right_sidedef: 606, left_sidedef: 65535
start_vertex: 357, end_vertex: 350, flags: 1, line_type: 0, sector_tag: 0, right_sidedef: 607, left_sidedef: 65535
start_vertex: 351, end_vertex: 358, flags: 1, line_type: 0, sector_tag: 0, right_sidedef: 608, left_sidedef: 65535
start_vertex: 358, end_vertex: 352, flags: 1, line_type: 0, sector_tag: 0, right_sidedef: 609, left_sidedef: 65535
start_vertex: 191, end_vertex: 359, flags: 1, line_type: 0, sector_tag: 0, right_sidedef: 610, left_sidedef: 65535
start_vertex: 359, end_vertex: 360, flags: 1, line_type: 0, sector_tag: 0, right_sidedef: 611, left_sidedef: 65535
start_vertex: 360, end_vertex: 187, flags: 1, line_type: 0, sector_tag: 0, right_sidedef: 612, left_sidedef: 65535
start_vertex: 189, end_vertex: 361, flags: 1, line_type: 0, sector_tag: 0, right_sidedef: 613, left_sidedef: 65535
start_vertex: 361, end_vertex: 362, flags: 1, line_type: 0, sector_tag: 0, right_sidedef: 614, left_sidedef: 65535
start_vertex: 362, end_vertex: 190, flags: 1, line_type: 0, sector_tag: 0, right_sidedef: 615, left_sidedef: 65535
start_vertex: 174, end_vertex: 363, flags: 1, line_type: 0, sector_tag: 0, right_sidedef: 616, left_sidedef: 65535
start_vertex: 363, end_vertex: 177, flags: 1, line_type: 0, sector_tag: 0, right_sidedef: 617, left_sidedef: 65535
start_vertex: 181, end_vertex: 364, flags: 1, line_type: 0, sector_tag: 0, right_sidedef: 618, left_sidedef: 65535
start_vertex: 364, end_vertex: 176, flags: 1, line_type: 0, sector_tag: 0, right_sidedef: 619, left_sidedef: 65535
start_vertex: 355, end_vertex: 365, flags: 1, line_type: 0, sector_tag: 0, right_sidedef: 620, left_sidedef: 65535
start_vertex: 366, end_vertex: 367, flags: 1, line_type: 0, sector_tag: 0, right_sidedef: 621, left_sidedef: 65535
start_vertex: 368, end_vertex: 366, flags: 1, line_type: 0, sector_tag: 0, right_sidedef: 622, left_sidedef: 65535
start_vertex: 369, end_vertex: 370, flags: 1, line_type: 0, sector_tag: 0, right_sidedef: 623, left_sidedef: 65535
start_vertex: 370, end_vertex: 371, flags: 1, line_type: 0, sector_tag: 0, right_sidedef: 624, left_sidedef: 65535
start_vertex: 371, end_vertex: 372, flags: 1, line_type: 0, sector_tag: 0, right_sidedef: 625, left_sidedef: 65535
start_vertex: 372, end_vertex: 373, flags: 1, line_type: 0, sector_tag: 0, right_sidedef: 626, left_sidedef: 65535
start_vertex: 374, end_vertex: 368, flags: 1, line_type: 0, sector_tag: 0, right_sidedef: 627, left_sidedef: 65535
start_vertex: 375, end_vertex: 374, flags: 1, line_type: 0, sector_tag: 0, right_sidedef: 628, left_sidedef: 65535
start_vertex: 376, end_vertex: 375, flags: 1, line_type: 0, sector_tag: 0, right_sidedef: 629, left_sidedef: 65535
start_vertex: 373, end_vertex: 377, flags: 1, line_type: 0, sector_tag: 0, right_sidedef: 630, left_sidedef: 65535
start_vertex: 378, end_vertex: 376, flags: 1, line_type: 0, sector_tag: 0, right_sidedef: 631, left_sidedef: 65535
start_vertex: 377, end_vertex: 379, flags: 1, line_type: 0, sector_tag: 0, right_sidedef: 632, left_sidedef: 65535
start_vertex: 380, end_vertex: 378, flags: 1, line_type: 0, sector_tag: 0, right_sidedef: 633, left_sidedef: 65535
start_vertex: 155, end_vertex: 218, flags: 30, line_type: 0, sector_tag: 0, right_sidedef: 634, left_sidedef: 635
start_vertex: 365, end_vertex: 348, flags: 14, line_type: 0, sector_tag: 0, right_sidedef: 636, left_sidedef: 637
start_vertex: 369, end_vertex: 367, flags: 30, line_type: 0, sector_tag: 0, right_sidedef: 638, left_sidedef: 639
start_vertex: 155, end_vertex: 381, flags: 1, line_type: 0, sector_tag: 0, right_sidedef: 640, left_sidedef: 65535
start_vertex: 381, end_vertex: 380, flags: 1, line_type: 0, sector_tag: 0, right_sidedef: 641, left_sidedef: 65535
start_vertex: 379, end_vertex: 382, flags: 1, line_type: 0, sector_tag: 0, right_sidedef: 642, left_sidedef: 65535
start_vertex: 382, end_vertex: 218, flags: 1, line_type: 0, sector_tag: 0, right_sidedef: 643, left_sidedef: 65535
start_vertex: 365, end_vertex: 383, flags: 1, line_type: 0, sector_tag: 0, right_sidedef: 644, left_sidedef: 65535
start_vertex: 383, end_vertex: 369, flags: 1, line_type: 0, sector_tag: 0, right_sidedef: 645, left_sidedef: 65535
start_vertex: 367, end_vertex: 384, flags: 1, line_type: 0, sector_tag: 0, right_sidedef: 646, left_sidedef: 65535
start_vertex: 384, end_vertex: 348, flags: 1, line_type: 0, sector_tag: 0, right_sidedef: 647, left_sidedef: 65535
read_map_things
THINGS: THINGS
x_position: 1056 y_position: -3616 angle: 90 type: 1 flags: 7
x_position: 1056 y_position: -3616 angle: 90 type: 1 flags: 7
x_position: 1056 y_position: -3616 angle: 90 type: 1 flags: 7
x_position: 1056 y_position: -3616 angle: 90 type: 1 flags: 7
x_position: 1056 y_position: -3616 angle: 90 type: 1 flags: 7
x_position: 1056 y_position: -3616 angle: 90 type: 1 flags: 7
x_position: 1056 y_position: -3616 angle: 90 type: 1 flags: 7
x_position: 1056 y_position: -3616 angle: 90 type: 1 flags: 7
x_position: 1056 y_position: -3616 angle: 90 type: 1 flags: 7
x_position: 1056 y_position: -3616 angle: 90 type: 1 flags: 7
x_position: 1056 y_position: -3616 angle: 90 type: 1 flags: 7
x_position: 1056 y_position: -3616 angle: 90 type: 1 flags: 7
x_position: 1056 y_position: -3616 angle: 90 type: 1 flags: 7
x_position: 1056 y_position: -3616 angle: 90 type: 1 flags: 7
x_position: 1056 y_position: -3616 angle: 90 type: 1 flags: 7
x_position: 1056 y_position: -3616 angle: 90 type: 1 flags: 7
x_position: 1056 y_position: -3616 angle: 90 type: 1 flags: 7
x_position: 1056 y_position: -3616 angle: 90 type: 1 flags: 7
x_position: 1056 y_position: -3616 angle: 90 type: 1 flags: 7
x_position: 1056 y_position: -3616 angle: 90 type: 1 flags: 7
x_position: 1056 y_position: -3616 angle: 90 type: 1 flags: 7
x_position: 1056 y_position: -3616 angle: 90 type: 1 flags: 7
x_position: 1056 y_position: -3616 angle: 90 type: 1 flags: 7
x_position: 1056 y_position: -3616 angle: 90 type: 1 flags: 7
x_position: 1056 y_position: -3616 angle: 90 type: 1 flags: 7
x_position: 1056 y_position: -3616 angle: 90 type: 1 flags: 7
x_position: 1056 y_position: -3616 angle: 90 type: 1 flags: 7
x_position: 1056 y_position: -3616 angle: 90 type: 1 flags: 7
x_position: 1056 y_position: -3616 angle: 90 type: 1 flags: 7
x_position: 1056 y_position: -3616 angle: 90 type: 1 flags: 7
x_position: 1056 y_position: -3616 angle: 90 type: 1 flags: 7
x_position: 1056 y_position: -3616 angle: 90 type: 1 flags: 7
x_position: 1056 y_position: -3616 angle: 90 type: 1 flags: 7
x_position: 1056 y_position: -3616 angle: 90 type: 1 flags: 7
x_position: 1056 y_position: -3616 angle: 90 type: 1 flags: 7
x_position: 1056 y_position: -3616 angle: 90 type: 1 flags: 7
x_position: 1056 y_position: -3616 angle: 90 type: 1 flags: 7
x_position: 1056 y_position: -3616 angle: 90 type: 1 flags: 7
x_position: 1056 y_position: -3616 angle: 90 type: 1 flags: 7
x_position: 1056 y_position: -3616 angle: 90 type: 1 flags: 7
x_position: 1056 y_position: -3616 angle: 90 type: 1 flags: 7
x_position: 1056 y_position: -3616 angle: 90 type: 1 flags: 7
x_position: 1056 y_position: -3616 angle: 90 type: 1 flags: 7
x_position: 1056 y_position: -3616 angle: 90 type: 1 flags: 7
x_position: 1056 y_position: -3616 angle: 90 type: 1 flags: 7
x_position: 1056 y_position: -3616 angle: 90 type: 1 flags: 7
x_position: 1056 y_position: -3616 angle: 90 type: 1 flags: 7
x_position: 1056 y_position: -3616 angle: 90 type: 1 flags: 7
x_position: 1056 y_position: -3616 angle: 90 type: 1 flags: 7
x_position: 1056 y_position: -3616 angle: 90 type: 1 flags: 7
x_position: 1056 y_position: -3616 angle: 90 type: 1 flags: 7
x_position: 1056 y_position: -3616 angle: 90 type: 1 flags: 7
x_position: 1056 y_position: -3616 angle: 90 type: 1 flags: 7
x_position: 1056 y_position: -3616 angle: 90 type: 1 flags: 7
x_position: 1056 y_position: -3616 angle: 90 type: 1 flags: 7
x_position: 1056 y_position: -3616 angle: 90 type: 1 flags: 7
x_position: 1056 y_position: -3616 angle: 90 type: 1 flags: 7
x_position: 1056 y_position: -3616 angle: 90 type: 1 flags: 7
x_position: 1056 y_position: -3616 angle: 90 type: 1 flags: 7
x_position: 1056 y_position: -3616 angle: 90 type: 1 flags: 7
x_position: 1056 y_position: -3616 angle: 90 type: 1 flags: 7
x_position: 1056 y_position: -3616 angle: 90 type: 1 flags: 7
x_position: 1056 y_position: -3616 angle: 90 type: 1 flags: 7
x_position: 1056 y_position: -3616 angle: 90 type: 1 flags: 7
x_position: 1056 y_position: -3616 angle: 90 type: 1 flags: 7
x_position: 1056 y_position: -3616 angle: 90 type: 1 flags: 7
x_position: 1056 y_position: -3616 angle: 90 type: 1 flags: 7
x_position: 1056 y_position: -3616 angle: 90 type: 1 flags: 7
x_position: 1056 y_position: -3616 angle: 90 type: 1 flags: 7
x_position: 1056 y_position: -3616 angle: 90 type: 1 flags: 7
x_position: 1056 y_position: -3616 angle: 90 type: 1 flags: 7
x_position: 1056 y_position: -3616 angle: 90 type: 1 flags: 7
x_position: 1056 y_position: -3616 angle: 90 type: 1 flags: 7
x_position: 1056 y_position: -3616 angle: 90 type: 1 flags: 7
x_position: 1056 y_position: -3616 angle: 90 type: 1 flags: 7
x_position: 1056 y_position: -3616 angle: 90 type: 1 flags: 7
x_position: 1056 y_position: -3616 angle: 90 type: 1 flags: 7
x_position: 1056 y_position: -3616 angle: 90 type: 1 flags: 7
x_position: 1056 y_position: -3616 angle: 90 type: 1 flags: 7
x_position: 1056 y_position: -3616 angle: 90 type: 1 flags: 7
x_position: 1056 y_position: -3616 angle: 90 type: 1 flags: 7
x_position: 1056 y_position: -3616 angle: 90 type: 1 flags: 7
x_position: 1056 y_position: -3616 angle: 90 type: 1 flags: 7
x_position: 1056 y_position: -3616 angle: 90 type: 1 flags: 7
x_position: 1056 y_position: -3616 angle: 90 type: 1 flags: 7
x_position: 1056 y_position: -3616 angle: 90 type: 1 flags: 7
x_position: 1056 y_position: -3616 angle: 90 type: 1 flags: 7
x_position: 1056 y_position: -3616 angle: 90 type: 1 flags: 7
x_position: 1056 y_position: -3616 angle: 90 type: 1 flags: 7
x_position: 1056 y_position: -3616 angle: 90 type: 1 flags: 7
x_position: 1056 y_position: -3616 angle: 90 type: 1 flags: 7
x_position: 1056 y_position: -3616 angle: 90 type: 1 flags: 7
x_position: 1056 y_position: -3616 angle: 90 type: 1 flags: 7
x_position: 1056 y_position: -3616 angle: 90 type: 1 flags: 7
x_position: 1056 y_position: -3616 angle: 90 type: 1 flags: 7
x_position: 1056 y_position: -3616 angle: 90 type: 1 flags: 7
x_position: 1056 y_position: -3616 angle: 90 type: 1 flags: 7
x_position: 1056 y_position: -3616 angle: 90 type: 1 flags: 7
x_position: 1056 y_position: -3616 angle: 90 type: 1 flags: 7
x_position: 1056 y_position: -3616 angle: 90 type: 1 flags: 7
x_position: 1056 y_position: -3616 angle: 90 type: 1 flags: 7
x_position: 1056 y_position: -3616 angle: 90 type: 1 flags: 7
x_position: 1056 y_position: -3616 angle: 90 type: 1 flags: 7
x_position: 1056 y_position: -3616 angle: 90 type: 1 flags: 7
x_position: 1056 y_position: -3616 angle: 90 type: 1 flags: 7
x_position: 1056 y_position: -3616 angle: 90 type: 1 flags: 7
x_position: 1056 y_position: -3616 angle: 90 type: 1 flags: 7
x_position: 1056 y_position: -3616 angle: 90 type: 1 flags: 7
x_position: 1056 y_position: -3616 angle: 90 type: 1 flags: 7
x_position: 1056 y_position: -3616 angle: 90 type: 1 flags: 7
x_position: 1056 y_position: -3616 angle: 90 type: 1 flags: 7
x_position: 1056 y_position: -3616 angle: 90 type: 1 flags: 7
x_position: 1056 y_position: -3616 angle: 90 type: 1 flags: 7
x_position: 1056 y_position: -3616 angle: 90 type: 1 flags: 7
x_position: 1056 y_position: -3616 angle: 90 type: 1 flags: 7
x_position: 1056 y_position: -3616 angle: 90 type: 1 flags: 7
x_position: 1056 y_position: -3616 angle: 90 type: 1 flags: 7
x_position: 1056 y_position: -3616 angle: 90 type: 1 flags: 7
x_position: 1056 y_position: -3616 angle: 90 type: 1 flags: 7
x_position: 1056 y_position: -3616 angle: 90 type: 1 flags: 7
x_position: 1056 y_position: -3616 angle: 90 type: 1 flags: 7
x_position: 1056 y_position: -3616 angle: 90 type: 1 flags: 7
x_position: 1056 y_position: -3616 angle: 90 type: 1 flags: 7
x_position: 1056 y_position: -3616 angle: 90 type: 1 flags: 7
x_position: 1056 y_position: -3616 angle: 90 type: 1 flags: 7
x_position: 1056 y_position: -3616 angle: 90 type: 1 flags: 7
x_position: 1056 y_position: -3616 angle: 90 type: 1 flags: 7
x_position: 1056 y_position: -3616 angle: 90 type: 1 flags: 7
x_position: 1056 y_position: -3616 angle: 90 type: 1 flags: 7
x_position: 1056 y_position: -3616 angle: 90 type: 1 flags: 7
x_position: 1056 y_position: -3616 angle: 90 type: 1 flags: 7
x_position: 1056 y_position: -3616 angle: 90 type: 1 flags: 7
x_position: 1056 y_position: -3616 angle: 90 type: 1 flags: 7
x_position: 1056 y_position: -3616 angle: 90 type: 1 flags: 7
x_position: 1056 y_position: -3616 angle: 90 type: 1 flags: 7
x_position: 1056 y_position: -3616 angle: 90 type: 1 flags: 7
x_position: 1056 y_position: -3616 angle: 90 type: 1 flags: 7
x_position: 1056 y_position: -3616 angle: 90 type: 1 flags: 7
read_map_node
NODES: NODES
XPartition: 1552, YPartition: -2432, ChangeXPartition: 112, ChangeYPartition: 0, RightBoxTop: -2432, RightBoxBottom: -2560, RightBoxLeft: 1552, RightBoxRight: 1664, LeftBoxTop: -2048, LeftBoxBottom: -2368, LeftBoxLeft: 1600, LeftBoxRight: 1664, RightChildID: 32768, LeftChildID: 32769
XPartition: 1472, YPartition: -2432, ChangeXPartition: 0, ChangeYPartition: -128, RightBoxTop: -2432, RightBoxBottom: -2560, RightBoxLeft: 1344, RightBoxRight: 1472, LeftBoxTop: -2432, LeftBoxBottom: -2560, LeftBoxLeft: 1472, LeftBoxRight: 1536, RightChildID: 32770, LeftChildID: 32771
XPartition: 1536, YPartition: -2432, ChangeXPartition: 0, ChangeYPartition: -128, RightBoxTop: -2432, RightBoxBottom: -2560, RightBoxLeft: 1344, RightBoxRight: 1536, LeftBoxTop: -2432, LeftBoxBottom: -2560, LeftBoxLeft: 1536, LeftBoxRight: 1552, RightChildID: 1, LeftChildID: 32772
XPartition: 1552, YPartition: -2560, ChangeXPartition: 0, ChangeYPartition: 128, RightBoxTop: -2048, RightBoxBottom: -2560, RightBoxLeft: 1552, RightBoxRight: 1664, LeftBoxTop: -2432, LeftBoxBottom: -2560, LeftBoxLeft: 1344, LeftBoxRight: 1552, RightChildID: 0, LeftChildID: 2
XPartition: 1384, YPartition: -2592, ChangeXPartition: -40, ChangeYPartition: -288, RightBoxTop: -2592, RightBoxBottom: -2880, RightBoxLeft: 1344, RightBoxRight: 1384, LeftBoxTop: -2560, LeftBoxBottom: -2592, LeftBoxLeft: 1384, LeftBoxRight: 1472, RightChildID: 32775, LeftChildID: 32776
XPartition: 1600, YPartition: -2816, ChangeXPartition: 0, ChangeYPartition: 64, RightBoxTop: -2624, RightBoxBottom: -2816, RightBoxLeft: 1600, RightBoxRight: 1664, LeftBoxTop: -2560, LeftBoxBottom: -2880, LeftBoxLeft: 1344, LeftBoxRight: 1472, RightChildID: 32774, LeftChildID: 4
XPartition: 1472, YPartition: -2880, ChangeXPartition: 192, ChangeYPartition: 0, RightBoxTop: -2880, RightBoxBottom: -2959, RightBoxLeft: 1376, RightBoxRight: 1664, LeftBoxTop: -2560, LeftBoxBottom: -2880, LeftBoxLeft: 1344, LeftBoxRight: 1664, RightChildID: 32773, LeftChildID: 5
XPartition: 1536, YPartition: -2560, ChangeXPartition: -64, ChangeYPartition: 0, RightBoxTop: -2048, RightBoxBottom: -2560, RightBoxLeft: 1344, RightBoxRight: 1664, LeftBoxTop: -2560, LeftBoxBottom: -2959, LeftBoxLeft: 1344, LeftBoxRight: 1664, RightChildID: 3, LeftChildID: 6
XPartition: 2144, YPartition: -2304, ChangeXPartition: 0, ChangeYPartition: -256, RightBoxTop: -2304, RightBoxBottom: -2560, RightBoxLeft: 1992, RightBoxRight: 2144, LeftBoxTop: -2304, LeftBoxBottom: -2560, LeftBoxLeft: 2144, LeftBoxRight: 2176, RightChildID: 32777, LeftChildID: 32778
XPartition: 2112, YPartition: -2592, ChangeXPartition: 64, ChangeYPartition: 0, RightBoxTop: -2592, RightBoxBottom: -2752, RightBoxLeft: 1992, RightBoxRight: 2176, LeftBoxTop: -2560, LeftBoxBottom: -2592, LeftBoxLeft: 1992, LeftBoxRight: 2112, RightChildID: 32779, LeftChildID: 32780
XPartition: 2176, YPartition: -2560, ChangeXPartition: -32, ChangeYPartition: 0, RightBoxTop: -2304, RightBoxBottom: -2560, RightBoxLeft: 1992, RightBoxRight: 2176, LeftBoxTop: -2560, LeftBoxBottom: -2752, LeftBoxLeft: 1992, LeftBoxRight: 2176, RightChildID: 8, LeftChildID: 9
XPartition: 2176, YPartition: -2272, ChangeXPartition: -64, ChangeYPartition: 0, RightBoxTop: -2112, RightBoxBottom: -2272, RightBoxLeft: 1992, RightBoxRight: 2176, LeftBoxTop: -2272, LeftBoxBottom: -2304, LeftBoxLeft: 1992, LeftBoxRight: 2112, RightChildID: 32781, LeftChildID: 32782
XPartition: 2112, YPartition: -2304, ChangeXPartition: 32, ChangeYPartition: 0, RightBoxTop: -2304, RightBoxBottom: -2752, RightBoxLeft: 1992, RightBoxRight: 2176, LeftBoxTop: -2112, LeftBoxBottom: -2304, LeftBoxLeft: 1992, LeftBoxRight: 2176, RightChildID: 10, LeftChildID: 11
XPartition: 1792, YPartition: -2304, ChangeXPartition: 192, ChangeYPartition: 0, RightBoxTop: -2304, RightBoxBottom: -2312, RightBoxLeft: 1792, RightBoxRight: 1984, LeftBoxTop: -2240, LeftBoxBottom: -2304, LeftBoxLeft: 1792, LeftBoxRight: 1984, RightChildID: 32789, LeftChildID: 32790
XPartition: 1792, YPartition: -2240, ChangeXPartition: 0, ChangeYPartition: -64, RightBoxTop: -2240, RightBoxBottom: -2312, RightBoxLeft: 1784, RightBoxRight: 1792, LeftBoxTop: -2240, LeftBoxBottom: -2312, LeftBoxLeft: 1792, LeftBoxRight: 1984, RightChildID: 32788, LeftChildID: 13
XPartition: 1984, YPartition: -2240, ChangeXPartition: -192, ChangeYPartition: 0, RightBoxTop: -2232, RightBoxBottom: -2240, RightBoxLeft: 1784, RightBoxRight: 1984, LeftBoxTop: -2240, LeftBoxBottom: -2312, LeftBoxLeft: 1784, LeftBoxRight: 1984, RightChildID: 32787, LeftChildID: 14
XPartition: 1984, YPartition: -2304, ChangeXPartition: 0, ChangeYPartition: 64, RightBoxTop: -2232, RightBoxBottom: -2312, RightBoxLeft: 1984, RightBoxRight: 1992, LeftBoxTop: -2232, LeftBoxBottom: -2312, LeftBoxLeft: 1784, LeftBoxRight: 1984, RightChildID: 32786, LeftChildID: 15
XPartition: 1784, YPartition: -2232, ChangeXPartition: 0, ChangeYPartition: -80, RightBoxTop: -2232, RightBoxBottom: -2312, RightBoxLeft: 1664, RightBoxRight: 1784, LeftBoxTop: -2232, LeftBoxBottom: -2312, LeftBoxLeft: 1784, LeftBoxRight: 1992, RightChildID: 32785, LeftChildID: 16
XPartition: 1992, YPartition: -2232, ChangeXPartition: -208, ChangeYPartition: 0, RightBoxTop: -2112, RightBoxBottom: -2232, RightBoxLeft: 1664, RightBoxRight: 1992, LeftBoxTop: -2232, LeftBoxBottom: -2312, LeftBoxLeft: 1664, LeftBoxRight: 1992, RightChildID: 32784, LeftChildID: 17
XPartition: 1784, YPartition: -2312, ChangeXPartition: 208, ChangeYPartition: 0, RightBoxTop: -2312, RightBoxBottom: -2552, RightBoxLeft: 1664, RightBoxRight: 1992, LeftBoxTop: -2112, LeftBoxBottom: -2312, LeftBoxLeft: 1664, LeftBoxRight: 1992, RightChildID: 32783, LeftChildID: 18
XPartition: 1792, YPartition: -2624, ChangeXPartition: 192, ChangeYPartition: 0, RightBoxTop: -2624, RightBoxBottom: -2632, RightBoxLeft: 1792, RightBoxRight: 1984, LeftBoxTop: -2560, LeftBoxBottom: -2624, LeftBoxLeft: 1792, LeftBoxRight: 1984, RightChildID: 32796, LeftChildID: 32797
XPartition: 1792, YPartition: -2560, ChangeXPartition: 0, ChangeYPartition: -64, RightBoxTop: -2560, RightBoxBottom: -2632, RightBoxLeft: 1784, RightBoxRight: 1792, LeftBoxTop: -2560, LeftBoxBottom: -2632, LeftBoxLeft: 1792, LeftBoxRight: 1984, RightChildID: 32795, LeftChildID: 20
XPartition: 1984, YPartition: -2560, ChangeXPartition: -192, ChangeYPartition: 0, RightBoxTop: -2552, RightBoxBottom: -2560, RightBoxLeft: 1784, RightBoxRight: 1984, LeftBoxTop: -2560, LeftBoxBottom: -2632, LeftBoxLeft: 1784, LeftBoxRight: 1984, RightChildID: 32794, LeftChildID: 21
XPartition: 1984, YPartition: -2624, ChangeXPartition: 0, ChangeYPartition: 64, RightBoxTop: -2552, RightBoxBottom: -2632, RightBoxLeft: 1984, RightBoxRight: 1992, LeftBoxTop: -2552, LeftBoxBottom: -2632, LeftBoxLeft: 1784, LeftBoxRight: 1984, RightChildID: 32793, LeftChildID: 22
XPartition: 1784, YPartition: -2632, ChangeXPartition: 208, ChangeYPartition: 0, RightBoxTop: -2632, RightBoxBottom: -2752, RightBoxLeft: 1784, RightBoxRight: 1992, LeftBoxTop: -2552, LeftBoxBottom: -2632, LeftBoxLeft: 1784, LeftBoxRight: 1992, RightChildID: 32792, LeftChildID: 23
XPartition: 1784, YPartition: -2552, ChangeXPartition: 0, ChangeYPartition: -80, RightBoxTop: -2552, RightBoxBottom: -2752, RightBoxLeft: 1664, RightBoxRight: 1784, LeftBoxTop: -2552, LeftBoxBottom: -2752, LeftBoxLeft: 1784, LeftBoxRight: 1992, RightChildID: 32791, LeftChildID: 24
XPartition: 1992, YPartition: -2552, ChangeXPartition: -208, ChangeYPartition: 0, RightBoxTop: -2112, RightBoxBottom: -2552, RightBoxLeft: 1664, RightBoxRight: 1992, LeftBoxTop: -2552, LeftBoxBottom: -2752, LeftBoxLeft: 1664, LeftBoxRight: 1992, RightChildID: 19, LeftChildID: 25
XPartition: 1992, YPartition: -2632, ChangeXPartition: 0, ChangeYPartition: 80, RightBoxTop: -2112, RightBoxBottom: -2752, RightBoxLeft: 1992, RightBoxRight: 2176, LeftBoxTop: -2112, LeftBoxBottom: -2752, LeftBoxLeft: 1664, LeftBoxRight: 1992, RightChildID: 12, LeftChildID: 26
XPartition: 1664, YPartition: -2112, ChangeXPartition: 512, ChangeYPartition: 0, RightBoxTop: -2112, RightBoxBottom: -2752, RightBoxLeft: 1664, RightBoxRight: 2176, LeftBoxTop: -2048, LeftBoxBottom: -2112, LeftBoxLeft: 1664, LeftBoxRight: 2176, RightChildID: 27, LeftChildID: 32798
XPartition: 1920, YPartition: -2920, ChangeXPartition: 256, ChangeYPartition: 0, RightBoxTop: -2920, RightBoxBottom: -3144, RightBoxLeft: 1896, RightBoxRight: 2176, LeftBoxTop: -2880, LeftBoxBottom: -2920, LeftBoxLeft: 1664, LeftBoxRight: 1920, RightChildID: 32799, LeftChildID: 32800
XPartition: 1664, YPartition: -2880, ChangeXPartition: 192, ChangeYPartition: 0, RightBoxTop: -2880, RightBoxBottom: -3144, RightBoxLeft: 1664, RightBoxRight: 2176, LeftBoxTop: -2752, LeftBoxBottom: -2816, LeftBoxLeft: 1664, LeftBoxRight: 2176, RightChildID: 29, LeftChildID: 32801
XPartition: 2176, YPartition: -2752, ChangeXPartition: -512, ChangeYPartition: 0, RightBoxTop: -2048, RightBoxBottom: -2752, RightBoxLeft: 1664, RightBoxRight: 2176, LeftBoxTop: -2752, LeftBoxBottom: -3144, LeftBoxLeft: 1664, LeftBoxRight: 2176, RightChildID: 28, LeftChildID: 30
XPartition: 1664, YPartition: -2624, ChangeXPartition: 0, ChangeYPartition: -128, RightBoxTop: -2048, RightBoxBottom: -2959, RightBoxLeft: 1344, RightBoxRight: 1664, LeftBoxTop: -2048, LeftBoxBottom: -3144, LeftBoxLeft: 1664, LeftBoxRight: 2176, RightChildID: 7, LeftChildID: 31
XPartition: 1784, YPartition: -3448, ChangeXPartition: -240, ChangeYPartition: 64, RightBoxTop: -3104, RightBoxBottom: -3448, RightBoxLeft: 1520, RightBoxRight: 2128, LeftBoxTop: -3384, LeftBoxBottom: -3448, LeftBoxLeft: 1544, LeftBoxRight: 1784, RightChildID: 32802, LeftChildID: 32803
XPartition: 2128, YPartition: -3272, ChangeXPartition: -64, ChangeYPartition: -136, RightBoxTop: -3104, RightBoxBottom: -3448, RightBoxLeft: 1520, RightBoxRight: 2128, LeftBoxTop: -3272, LeftBoxBottom: -3408, LeftBoxLeft: 2064, LeftBoxRight: 2128, RightChildID: 33, LeftChildID: 32804
XPartition: 1520, YPartition: -3168, ChangeXPartition: 152, ChangeYPartition: 64, RightBoxTop: -3104, RightBoxBottom: -3448, RightBoxLeft: 1520, RightBoxRight: 2128, LeftBoxTop: -3104, LeftBoxBottom: -3168, LeftBoxLeft: 1520, LeftBoxRight: 1672, RightChildID: 34, LeftChildID: 32805
XPartition: 2064, YPartition: -3408, ChangeXPartition: -280, ChangeYPartition: -40, RightBoxTop: -3104, RightBoxBottom: -3448, RightBoxLeft: 1520, RightBoxRight: 2128, LeftBoxTop: -3408, LeftBoxBottom: -3648, LeftBoxLeft: 1573, LeftBoxRight: 2176, RightChildID: 35, LeftChildID: 32806
XPartition: 1544, YPartition: -3384, ChangeXPartition: -24, ChangeYPartition: 216, RightBoxTop: -3104, RightBoxBottom: -3648, RightBoxLeft: 1520, RightBoxRight: 2176, LeftBoxTop: -3104, LeftBoxBottom: -3648, LeftBoxLeft: 1376, LeftBoxRight: 1573, RightChildID: 36, LeftChildID: 32807
XPartition: 2040, YPartition: -3144, ChangeXPartition: 88, ChangeYPartition: -128, RightBoxTop: -3104, RightBoxBottom: -3648, RightBoxLeft: 1376, RightBoxRight: 2176, LeftBoxTop: -3144, LeftBoxBottom: -3272, LeftBoxLeft: 2040, LeftBoxRight: 2128, RightChildID: 37, LeftChildID: 32808
XPartition: 1672, YPartition: -3104, ChangeXPartition: 224, ChangeYPartition: 0, RightBoxTop: -3104, RightBoxBottom: -3648, RightBoxLeft: 1376, RightBoxRight: 2176, LeftBoxTop: -2959, LeftBoxBottom: -3104, LeftBoxLeft: 1376, LeftBoxRight: 1896, RightChildID: 38, LeftChildID: 32809
XPartition: 1344, YPartition: -3264, ChangeXPartition: 32, ChangeYPartition: 0, RightBoxTop: -3264, RightBoxBottom: -3360, RightBoxLeft: 1344, RightBoxRight: 1376, LeftBoxTop: -3104, LeftBoxBottom: -3200, LeftBoxLeft: 1344, LeftBoxRight: 1376, RightChildID: 32810, LeftChildID: 32811
XPartition: 1376, YPartition: -3200, ChangeXPartition: 0, ChangeYPartition: 96, RightBoxTop: -2959, RightBoxBottom: -3648, RightBoxLeft: 1376, RightBoxRight: 2176, LeftBoxTop: -3104, LeftBoxBottom: -3360, LeftBoxLeft: 1344, LeftBoxRight: 1376, RightChildID: 39, LeftChildID: 40
XPartition: 2048, YPartition: -3904, ChangeXPartition: 128, ChangeYPartition: 0, RightBoxTop: -3904, RightBoxBottom: -4064, RightBoxLeft: 2048, RightBoxRight: 2176, LeftBoxTop: -3872, LeftBoxBottom: -3904, LeftBoxLeft: 2048, LeftBoxRight: 2176, RightChildID: 32812, LeftChildID: 32813
XPartition: 2048, YPartition: -3840, ChangeXPartition: 128, ChangeYPartition: 0, RightBoxTop: -3840, RightBoxBottom: -3872, RightBoxLeft: 2048, RightBoxRight: 2176, LeftBoxTop: -3808, LeftBoxBottom: -3840, LeftBoxLeft: 2048, LeftBoxRight: 2176, RightChildID: 32814, LeftChildID: 32815
XPartition: 2048, YPartition: -3872, ChangeXPartition: 128, ChangeYPartition: 0, RightBoxTop: -3872, RightBoxBottom: -4064, RightBoxLeft: 2048, RightBoxRight: 2176, LeftBoxTop: -3808, LeftBoxBottom: -3872, LeftBoxLeft: 2048, LeftBoxRight: 2176, RightChildID: 42, LeftChildID: 43
XPartition: 1528, YPartition: -3680, ChangeXPartition: -152, ChangeYPartition: 32, RightBoxTop: -3648, RightBoxBottom: -3776, RightBoxLeft: 1376, RightBoxRight: 1984, LeftBoxTop: -3680, LeftBoxBottom: -3776, LeftBoxLeft: 1528, LeftBoxRight: 1984, RightChildID: 32816, LeftChildID: 32817
XPartition: 2016, YPartition: -3680, ChangeXPartition: -32, ChangeYPartition: -96, RightBoxTop: -3680, RightBoxBottom: -3776, RightBoxLeft: 1984, RightBoxRight: 2016, LeftBoxTop: -3680, LeftBoxBottom: -3776, LeftBoxLeft: 2048, LeftBoxRight: 2176, RightChildID: 32820, LeftChildID: 32821
XPartition: 2048, YPartition: -3680, ChangeXPartition: -32, ChangeYPartition: 0, RightBoxTop: -3648, RightBoxBottom: -3680, RightBoxLeft: 1984, RightBoxRight: 2176, LeftBoxTop: -3680, LeftBoxBottom: -3776, LeftBoxLeft: 1984, LeftBoxRight: 2176, RightChildID: 32819, LeftChildID: 46
XPartition: 2048, YPartition: -3776, ChangeXPartition: 128, ChangeYPartition: 0, RightBoxTop: -3776, RightBoxBottom: -3808, RightBoxLeft: 2048, RightBoxRight: 2176, LeftBoxTop: -3648, LeftBoxBottom: -3776, LeftBoxLeft: 1984, LeftBoxRight: 2176, RightChildID: 32818, LeftChildID: 47
XPartition: 1984, YPartition: -3648, ChangeXPartition: 0, ChangeYPartition: -128, RightBoxTop: -3648, RightBoxBottom: -3776, RightBoxLeft: 1376, RightBoxRight: 1984, LeftBoxTop: -3648, LeftBoxBottom: -3808, LeftBoxLeft: 1984, LeftBoxRight: 2176, RightChildID: 45, LeftChildID: 48
XPartition: 2048, YPartition: -3808, ChangeXPartition: 128, ChangeYPartition: 0, RightBoxTop: -3808, RightBoxBottom: -4064, RightBoxLeft: 2048, RightBoxRight: 2176, LeftBoxTop: -3648, LeftBoxBottom: -3808, LeftBoxLeft: 1376, LeftBoxRight: 2176, RightChildID: 44, LeftChildID: 49
XPartition: 2176, YPartition: -3648, ChangeXPartition: -192, ChangeYPartition: 0, RightBoxTop: -2959, RightBoxBottom: -3648, RightBoxLeft: 1344, RightBoxRight: 2176, LeftBoxTop: -3648, LeftBoxBottom: -4064, LeftBoxLeft: 1376, LeftBoxRight: 2176, RightChildID: 41, LeftChildID: 50
XPartition: 2040, YPartition: -3144, ChangeXPartition: -144, ChangeYPartition: 40, RightBoxTop: -2048, RightBoxBottom: -3144, RightBoxLeft: 1344, RightBoxRight: 2176, LeftBoxTop: -2959, LeftBoxBottom: -4064, LeftBoxLeft: 1344, LeftBoxRight: 2176, RightChildID: 32, LeftChildID: 51
XPartition: 224, YPartition: -3264, ChangeXPartition: 0, ChangeYPartition: 64, RightBoxTop: -3200, RightBoxBottom: -3264, RightBoxLeft: 224, RightBoxRight: 256, LeftBoxTop: -3200, LeftBoxBottom: -3264, LeftBoxLeft: 192, LeftBoxRight: 224, RightChildID: 32824, LeftChildID: 32825
XPartition: 192, YPartition: -3264, ChangeXPartition: 0, ChangeYPartition: 64, RightBoxTop: -3200, RightBoxBottom: -3264, RightBoxLeft: 192, RightBoxRight: 256, LeftBoxTop: -3200, LeftBoxBottom: -3264, LeftBoxLeft: 160, LeftBoxRight: 192, RightChildID: 53, LeftChildID: 32826
XPartition: 256, YPartition: -3200, ChangeXPartition: -32, ChangeYPartition: 0, RightBoxTop: -3008, RightBoxBottom: -3200, RightBoxLeft: 160, RightBoxRight: 256, LeftBoxTop: -3200, LeftBoxBottom: -3264, LeftBoxLeft: 160, LeftBoxRight: 256, RightChildID: 32823, LeftChildID: 54
XPartition: 160, YPartition: -3264, ChangeXPartition: 32, ChangeYPartition: 0, RightBoxTop: -3264, RightBoxBottom: -3456, RightBoxLeft: 160, RightBoxRight: 256, LeftBoxTop: -3008, LeftBoxBottom: -3264, LeftBoxLeft: 160, LeftBoxRight: 256, RightChildID: 32822, LeftChildID: 55
XPartition: -128, YPartition: -3120, ChangeXPartition: -128, ChangeYPartition: 0, RightBoxTop: -2851, RightBoxBottom: -3120, RightBoxLeft: -256, RightBoxRight: -128, LeftBoxTop: -3120, LeftBoxBottom: -3136, LeftBoxLeft: -256, LeftBoxRight: -128, RightChildID: 32830, LeftChildID: 32831
XPartition: -256, YPartition: -3136, ChangeXPartition: 128, ChangeYPartition: 0, RightBoxTop: -3136, RightBoxBottom: -3216, RightBoxLeft: -256, RightBoxRight: -128, LeftBoxTop: -2851, LeftBoxBottom: -3136, LeftBoxLeft: -256, LeftBoxRight: -128, RightChildID: 32829, LeftChildID: 57
XPartition: -256, YPartition: -3248, ChangeXPartition: 16, ChangeYPartition: -16, RightBoxTop: -3248, RightBoxBottom: -3264, RightBoxLeft: -256, RightBoxRight: -240, LeftBoxTop: -3200, LeftBoxBottom: -3264, LeftBoxLeft: -256, LeftBoxRight: -192, RightChildID: 32837, LeftChildID: 32838
XPartition: -240, YPartition: -3200, ChangeXPartition: -16, ChangeYPartition: -16, RightBoxTop: -3200, RightBoxBottom: -3216, RightBoxLeft: -256, RightBoxRight: -240, LeftBoxTop: -3200, LeftBoxBottom: -3264, LeftBoxLeft: -256, LeftBoxRight: -192, RightChildID: 32836, LeftChildID: 59
XPartition: -208, YPartition: -3200, ChangeXPartition: -32, ChangeYPartition: 0, RightBoxTop: -3200, RightBoxBottom: -3200, RightBoxLeft: -240, RightBoxRight: -208, LeftBoxTop: -3200, LeftBoxBottom: -3264, LeftBoxLeft: -256, LeftBoxRight: -192, RightChildID: 32835, LeftChildID: 60
XPartition: -192, YPartition: -3248, ChangeXPartition: 0, ChangeYPartition: 32, RightBoxTop: -3216, RightBoxBottom: -3248, RightBoxLeft: -192, RightBoxRight: -192, LeftBoxTop: -3200, LeftBoxBottom: -3264, LeftBoxLeft: -256, LeftBoxRight: -192, RightChildID: 32834, LeftChildID: 61
XPartition: -208, YPartition: -3264, ChangeXPartition: 16, ChangeYPartition: 16, RightBoxTop: -3248, RightBoxBottom: -3264, RightBoxLeft: -208, RightBoxRight: -192, LeftBoxTop: -3200, LeftBoxBottom: -3264, LeftBoxLeft: -256, LeftBoxRight: -192, RightChildID: 32833, LeftChildID: 62
XPartition: -240, YPartition: -3264, ChangeXPartition: 32, ChangeYPartition: 0, RightBoxTop: -3264, RightBoxBottom: -3264, RightBoxLeft: -240, RightBoxRight: -208, LeftBoxTop: -3200, LeftBoxBottom: -3264, LeftBoxLeft: -256, LeftBoxRight: -192, RightChildID: 32832, LeftChildID: 63
XPartition: -192, YPartition: -3216, ChangeXPartition: -16, ChangeYPartition: 16, RightBoxTop: -2851, RightBoxBottom: -3216, RightBoxLeft: -256, RightBoxRight: -128, LeftBoxTop: -3200, LeftBoxBottom: -3264, LeftBoxLeft: -256, LeftBoxRight: -192, RightChildID: 58, LeftChildID: 64
XPartition: -336, YPartition: -3168, ChangeXPartition: 0, ChangeYPartition: -128, RightBoxTop: -3168, RightBoxBottom: -3296, RightBoxLeft: -640, RightBoxRight: -336, LeftBoxTop: -3168, LeftBoxBottom: -3296, LeftBoxLeft: -336, LeftBoxRight: -320, RightChildID: 32840, LeftChildID: 32841
XPartition: -320, YPartition: -3296, ChangeXPartition: 0, ChangeYPartition: 128, RightBoxTop: -3168, RightBoxBottom: -3296, RightBoxLeft: -320, RightBoxRight: -256, LeftBoxTop: -3168, LeftBoxBottom: -3296, LeftBoxLeft: -640, LeftBoxRight: -320, RightChildID: 32839, LeftChildID: 66
XPartition: -256, YPartition: -3120, ChangeXPartition: -80, ChangeYPartition: 0, RightBoxTop: -2874, RightBoxBottom: -3120, RightBoxLeft: -640, RightBoxRight: -256, LeftBoxTop: -3120, LeftBoxBottom: -3168, LeftBoxLeft: -640, LeftBoxRight: -336, RightChildID: 32843, LeftChildID: 32844
XPartition: -320, YPartition: -3168, ChangeXPartition: 64, ChangeYPartition: 32, RightBoxTop: -3136, RightBoxBottom: -3168, RightBoxLeft: -320, RightBoxRight: -256, LeftBoxTop: -2874, LeftBoxBottom: -3168, LeftBoxLeft: -640, LeftBoxRight: -256, RightChildID: 32842, LeftChildID: 68
XPartition: -336, YPartition: -3168, ChangeXPartition: 16, ChangeYPartition: 0, RightBoxTop: -3168, RightBoxBottom: -3296, RightBoxLeft: -640, RightBoxRight: -256, LeftBoxTop: -2874, LeftBoxBottom: -3168, LeftBoxLeft: -640, LeftBoxRight: -256, RightChildID: 67, LeftChildID: 69
XPartition: -256, YPartition: -3136, ChangeXPartition: 0, ChangeYPartition: 16, RightBoxTop: -2851, RightBoxBottom: -3264, RightBoxLeft: -256, RightBoxRight: -128, LeftBoxTop: -2874, LeftBoxBottom: -3296, LeftBoxLeft: -640, LeftBoxRight: -256, RightChildID: 65, LeftChildID: 70
XPartition: -128, YPartition: -3328, ChangeXPartition: -128, ChangeYPartition: 0, RightBoxTop: -3328, RightBoxBottom: -3328, RightBoxLeft: -256, RightBoxRight: -128, LeftBoxTop: -3328, LeftBoxBottom: -3344, LeftBoxLeft: -256, LeftBoxRight: -128, RightChildID: 32846, LeftChildID: 32847
XPartition: -256, YPartition: -3344, ChangeXPartition: 128, ChangeYPartition: 0, RightBoxTop: -3344, RightBoxBottom: -3613, RightBoxLeft: -256, RightBoxRight: -128, LeftBoxTop: -3328, LeftBoxBottom: -3344, LeftBoxLeft: -256, LeftBoxRight: -128, RightChildID: 32845, LeftChildID: 72
XPartition: -336, YPartition: -3296, ChangeXPartition: 0, ChangeYPartition: -48, RightBoxTop: -3296, RightBoxBottom: -3575, RightBoxLeft: -640, RightBoxRight: -336, LeftBoxTop: -3344, LeftBoxBottom: -3589, LeftBoxLeft: -336, LeftBoxRight: -256, RightChildID: 32849, LeftChildID: 32850
XPartition: -256, YPartition: -3328, ChangeXPartition: -64, ChangeYPartition: 32, RightBoxTop: -3296, RightBoxBottom: -3328, RightBoxLeft: -320, RightBoxRight: -256, LeftBoxTop: -3296, LeftBoxBottom: -3589, LeftBoxLeft: -640, LeftBoxRight: -256, RightChildID: 32848, LeftChildID: 74
XPartition: -256, YPartition: -3344, ChangeXPartition: 0, ChangeYPartition: 16, RightBoxTop: -3328, RightBoxBottom: -3613, RightBoxLeft: -256, RightBoxRight: -128, LeftBoxTop: -3296, LeftBoxBottom: -3589, LeftBoxLeft: -640, LeftBoxRight: -256, RightChildID: 73, LeftChildID: 75
XPartition: -320, YPartition: -3296, ChangeXPartition: -16, ChangeYPartition: 0, RightBoxTop: -2851, RightBoxBottom: -3296, RightBoxLeft: -640, RightBoxRight: -128, LeftBoxTop: -3296, LeftBoxBottom: -3613, LeftBoxLeft: -640, LeftBoxRight: -128, RightChildID: 71, LeftChildID: 76
XPartition: -64, YPartition: -3136, ChangeXPartition: 0, ChangeYPartition: -192, RightBoxTop: -3136, RightBoxBottom: -3328, RightBoxLeft: -64, RightBoxRight: -64, LeftBoxTop: -3072, LeftBoxBottom: -3392, LeftBoxLeft: -64, LeftBoxRight: 64, RightChildID: 32851, LeftChildID: 32852
XPartition: -96, YPartition: -3120, ChangeXPartition: -32, ChangeYPartition: 0, RightBoxTop: -2816, RightBoxBottom: -3120, RightBoxLeft: -128, RightBoxRight: 64, LeftBoxTop: -3136, LeftBoxBottom: -3136, LeftBoxLeft: -128, LeftBoxRight: -64, RightChildID: 32853, LeftChildID: 32854
XPartition: -64, YPartition: -3136, ChangeXPartition: 112, ChangeYPartition: 64, RightBoxTop: -3072, RightBoxBottom: -3392, RightBoxLeft: -64, RightBoxRight: 64, LeftBoxTop: -2816, LeftBoxBottom: -3136, LeftBoxLeft: -128, LeftBoxRight: 64, RightChildID: 78, LeftChildID: 79
XPartition: -128, YPartition: -3344, ChangeXPartition: 32, ChangeYPartition: 0, RightBoxTop: -3344, RightBoxBottom: -3648, RightBoxLeft: -128, RightBoxRight: 64, LeftBoxTop: -3328, LeftBoxBottom: -3328, LeftBoxLeft: -128, LeftBoxRight: -64, RightChildID: 32855, LeftChildID: 32856
XPartition: 48, YPartition: -3392, ChangeXPartition: -112, ChangeYPartition: 64, RightBoxTop: -2816, RightBoxBottom: -3392, RightBoxLeft: -128, RightBoxRight: 64, LeftBoxTop: -3328, LeftBoxBottom: -3648, LeftBoxLeft: -128, LeftBoxRight: 64, RightChildID: 80, LeftChildID: 81
XPartition: -128, YPartition: -3120, ChangeXPartition: 0, ChangeYPartition: -16, RightBoxTop: -2851, RightBoxBottom: -3613, RightBoxLeft: -640, RightBoxRight: -128, LeftBoxTop: -2816, LeftBoxBottom: -3648, LeftBoxLeft: -128, LeftBoxRight: 64, RightChildID: 77, LeftChildID: 82
XPartition: 64, YPartition: -2816, ChangeXPartition: -704, ChangeYPartition: -128, RightBoxTop: -2816, RightBoxBottom: -2944, RightBoxLeft: -640, RightBoxRight: 64, LeftBoxTop: -2816, LeftBoxBottom: -3648, LeftBoxLeft: -640, LeftBoxRight: 64, RightChildID: 32828, LeftChildID: 83
XPartition: -640, YPartition: -3520, ChangeXPartition: 0, ChangeYPartition: 576, RightBoxTop: -2816, RightBoxBottom: -3648, RightBoxLeft: -640, RightBoxRight: 64, LeftBoxTop: -2816, LeftBoxBottom: -3520, LeftBoxLeft: -768, LeftBoxRight: -640, RightChildID: 84, LeftChildID: 32857
XPartition: 160, YPartition: -3200, ChangeXPartition: -32, ChangeYPartition: 0, RightBoxTop: -3008, RightBoxBottom: -3200, RightBoxLeft: 128, RightBoxRight: 160, LeftBoxTop: -3200, LeftBoxBottom: -3264, LeftBoxLeft: 128, LeftBoxRight: 160, RightChildID: 32859, LeftChildID: 32860
XPartition: 128, YPartition: -3264, ChangeXPartition: 32, ChangeYPartition: 0, RightBoxTop: -3264, RightBoxBottom: -3456, RightBoxLeft: 128, RightBoxRight: 160, LeftBoxTop: -3008, LeftBoxBottom: -3264, LeftBoxLeft: 128, LeftBoxRight: 160, RightChildID: 32858, LeftChildID: 86
XPartition: 64, YPartition: -3392, ChangeXPartition: 64, ChangeYPartition: 128, RightBoxTop: -3264, RightBoxBottom: -3456, RightBoxLeft: 64, RightBoxRight: 128, LeftBoxTop: -3072, LeftBoxBottom: -3392, LeftBoxLeft: 64, LeftBoxRight: 128, RightChildID: 32862, LeftChildID: 32863
XPartition: 128, YPartition: -3200, ChangeXPartition: -64, ChangeYPartition: 128, RightBoxTop: -3008, RightBoxBottom: -3200, RightBoxLeft: 64, RightBoxRight: 128, LeftBoxTop: -3072, LeftBoxBottom: -3456, LeftBoxLeft: 64, LeftBoxRight: 128, RightChildID: 32861, LeftChildID: 88
XPartition: 128, YPartition: -3264, ChangeXPartition: 0, ChangeYPartition: 64, RightBoxTop: -3008, RightBoxBottom: -3456, RightBoxLeft: 128, RightBoxRight: 160, LeftBoxTop: -3008, LeftBoxBottom: -3456, LeftBoxLeft: 64, LeftBoxRight: 128, RightChildID: 87, LeftChildID: 89
XPartition: 64, YPartition: -3520, ChangeXPartition: 0, ChangeYPartition: -128, RightBoxTop: -2816, RightBoxBottom: -3648, RightBoxLeft: -768, RightBoxRight: 64, LeftBoxTop: -3008, LeftBoxBottom: -3456, LeftBoxLeft: 64, LeftBoxRight: 160, RightChildID: 85, LeftChildID: 90
XPartition: -640, YPartition: -3520, ChangeXPartition: 704, ChangeYPartition: -128, RightBoxTop: -3496, RightBoxBottom: -3648, RightBoxLeft: -768, RightBoxRight: 64, LeftBoxTop: -2816, LeftBoxBottom: -3648, LeftBoxLeft: -768, LeftBoxRight: 160, RightChildID: 32827, LeftChildID: 91
XPartition: 160, YPartition: -3264, ChangeXPartition: 0, ChangeYPartition: 64, RightBoxTop: -3008, RightBoxBottom: -3456, RightBoxLeft: 160, RightBoxRight: 256, LeftBoxTop: -2816, LeftBoxBottom: -3648, LeftBoxLeft: -768, LeftBoxRight: 160, RightChildID: 56, LeftChildID: 92
XPartition: 1184, YPartition: -3392, ChangeXPartition: -256, ChangeYPartition: 0, RightBoxTop: -3360, RightBoxBottom: -3392, RightBoxLeft: 928, RightBoxRight: 1184, LeftBoxTop: -3392, LeftBoxBottom: -3392, LeftBoxLeft: 928, LeftBoxRight: 1184, RightChildID: 32864, LeftChildID: 32865
XPartition: 896, YPartition: -3360, ChangeXPartition: 0, ChangeYPartition: -32, RightBoxTop: -3360, RightBoxBottom: -3552, RightBoxLeft: 704, RightBoxRight: 896, LeftBoxTop: -3392, LeftBoxBottom: -3392, LeftBoxLeft: 896, LeftBoxRight: 928, RightChildID: 32866, LeftChildID: 32867
XPartition: 928, YPartition: -3392, ChangeXPartition: 0, ChangeYPartition: 32, RightBoxTop: -3360, RightBoxBottom: -3392, RightBoxLeft: 928, RightBoxRight: 1184, LeftBoxTop: -3360, LeftBoxBottom: -3552, LeftBoxLeft: 704, LeftBoxRight: 928, RightChildID: 94, LeftChildID: 95
XPartition: 1184, YPartition: -3392, ChangeXPartition: 32, ChangeYPartition: 0, RightBoxTop: -3392, RightBoxBottom: -3392, RightBoxLeft: 1184, RightBoxRight: 1216, LeftBoxTop: -3360, LeftBoxBottom: -3392, LeftBoxLeft: 1216, LeftBoxRight: 1344, RightChildID: 32868, LeftChildID: 32869
XPartition: 1344, YPartition: -3360, ChangeXPartition: -128, ChangeYPartition: -32, RightBoxTop: -3360, RightBoxBottom: -3392, RightBoxLeft: 1184, RightBoxRight: 1344, LeftBoxTop: -3360, LeftBoxBottom: -3552, LeftBoxLeft: 1216, LeftBoxRight: 1344, RightChildID: 97, LeftChildID: 32870
XPartition: 1184, YPartition: -3360, ChangeXPartition: 0, ChangeYPartition: -32, RightBoxTop: -3360, RightBoxBottom: -3552, RightBoxLeft: 704, RightBoxRight: 1184, LeftBoxTop: -3360, LeftBoxBottom: -3552, LeftBoxLeft: 1184, LeftBoxRight: 1344, RightChildID: 96, LeftChildID: 98
XPartition: 1152, YPartition: -3648, ChangeXPartition: -64, ChangeYPartition: 0, RightBoxTop: -3552, RightBoxBottom: -3648, RightBoxLeft: 832, RightBoxRight: 1280, LeftBoxTop: -3648, LeftBoxBottom: -3680, LeftBoxLeft: 1024, LeftBoxRight: 1088, RightChildID: 32871, LeftChildID: 32872
XPartition: 1344, YPartition: -3552, ChangeXPartition: -64, ChangeYPartition: 0, RightBoxTop: -3360, RightBoxBottom: -3552, RightBoxLeft: 704, RightBoxRight: 1344, LeftBoxTop: -3552, LeftBoxBottom: -3680, LeftBoxLeft: 832, LeftBoxRight: 1280, RightChildID: 99, LeftChildID: 100
XPartition: 896, YPartition: -3360, ChangeXPartition: 0, ChangeYPartition: 256, RightBoxTop: -3104, RightBoxBottom: -3360, RightBoxLeft: 896, RightBoxRight: 928, LeftBoxTop: -3104, LeftBoxBottom: -3360, LeftBoxLeft: 704, LeftBoxRight: 896, RightChildID: 32874, LeftChildID: 32875
XPartition: 928, YPartition: -3360, ChangeXPartition: 0, ChangeYPartition: 256, RightBoxTop: -3104, RightBoxBottom: -3360, RightBoxLeft: 928, RightBoxRight: 1344, LeftBoxTop: -3104, LeftBoxBottom: -3360, LeftBoxLeft: 704, LeftBoxRight: 928, RightChildID: 32873, LeftChildID: 102
XPartition: 928, YPartition: -3072, ChangeXPartition: 256, ChangeYPartition: 0, RightBoxTop: -3072, RightBoxBottom: -3104, RightBoxLeft: 928, RightBoxRight: 1184, LeftBoxTop: -3072, LeftBoxBottom: -3072, LeftBoxLeft: 928, LeftBoxRight: 1184, RightChildID: 32876, LeftChildID: 32877
XPartition: 1216, YPartition: -3072, ChangeXPartition: -32, ChangeYPartition: 0, RightBoxTop: -3072, RightBoxBottom: -3072, RightBoxLeft: 1184, RightBoxRight: 1216, LeftBoxTop: -3072, LeftBoxBottom: -3104, LeftBoxLeft: 1216, LeftBoxRight: 1344, RightChildID: 32878, LeftChildID: 32879
XPartition: 1184, YPartition: -3072, ChangeXPartition: 0, ChangeYPartition: -32, RightBoxTop: -3072, RightBoxBottom: -3104, RightBoxLeft: 928, RightBoxRight: 1184, LeftBoxTop: -3072, LeftBoxBottom: -3104, LeftBoxLeft: 1184, LeftBoxRight: 1344, RightChildID: 104, LeftChildID: 105
XPartition: 896, YPartition: -3072, ChangeXPartition: 0, ChangeYPartition: -32, RightBoxTop: -2944, RightBoxBottom: -3104, RightBoxLeft: 704, RightBoxRight: 896, LeftBoxTop: -3072, LeftBoxBottom: -3072, LeftBoxLeft: 896, LeftBoxRight: 928, RightChildID: 32880, LeftChildID: 32881
XPartition: 928, YPartition: -3104, ChangeXPartition: 0, ChangeYPartition: 32, RightBoxTop: -3072, RightBoxBottom: -3104, RightBoxLeft: 928, RightBoxRight: 1344, LeftBoxTop: -2944, LeftBoxBottom: -3104, LeftBoxLeft: 704, LeftBoxRight: 928, RightChildID: 106, LeftChildID: 107
XPartition: 832, YPartition: -2944, ChangeXPartition: 136, ChangeYPartition: 64, RightBoxTop: -2880, RightBoxBottom: -3104, RightBoxLeft: 832, RightBoxRight: 1344, LeftBoxTop: -2944, LeftBoxBottom: -2944, LeftBoxLeft: 704, LeftBoxRight: 832, RightChildID: 32882, LeftChildID: 32883
XPartition: 968, YPartition: -2880, ChangeXPartition: 248, ChangeYPartition: 0, RightBoxTop: -2880, RightBoxBottom: -3104, RightBoxLeft: 704, RightBoxRight: 1344, LeftBoxTop: -2486, LeftBoxBottom: -2880, LeftBoxLeft: 1216, LeftBoxRight: 1344, RightChildID: 109, LeftChildID: 32884
XPartition: 1216, YPartition: -3072, ChangeXPartition: 128, ChangeYPartition: -32, RightBoxTop: -2944, RightBoxBottom: -3104, RightBoxLeft: 704, RightBoxRight: 1344, LeftBoxTop: -2486, LeftBoxBottom: -3104, LeftBoxLeft: 704, LeftBoxRight: 1344, RightChildID: 108, LeftChildID: 110
XPartition: 896, YPartition: -3104, ChangeXPartition: 32, ChangeYPartition: 0, RightBoxTop: -3104, RightBoxBottom: -3360, RightBoxLeft: 704, RightBoxRight: 1344, LeftBoxTop: -2486, LeftBoxBottom: -3104, LeftBoxLeft: 704, LeftBoxRight: 1344, RightChildID: 103, LeftChildID: 111
XPartition: 928, YPartition: -3360, ChangeXPartition: 256, ChangeYPartition: 0, RightBoxTop: -3360, RightBoxBottom: -3680, RightBoxLeft: 704, RightBoxRight: 1344, LeftBoxTop: -2486, LeftBoxBottom: -3360, LeftBoxLeft: 704, LeftBoxRight: 1344, RightChildID: 101, LeftChildID: 112
XPartition: 512, YPartition: -3328, ChangeXPartition: 0, ChangeYPartition: 24, RightBoxTop: -3104, RightBoxBottom: -3360, RightBoxLeft: 512, RightBoxRight: 704, LeftBoxTop: -3160, LeftBoxBottom: -3304, LeftBoxLeft: 496, LeftBoxRight: 512, RightChildID: 32885, LeftChildID: 32886
XPartition: 288, YPartition: -3264, ChangeXPartition: 0, ChangeYPartition: 64, RightBoxTop: -3200, RightBoxBottom: -3264, RightBoxLeft: 288, RightBoxRight: 320, LeftBoxTop: -3200, LeftBoxBottom: -3264, LeftBoxLeft: 256, LeftBoxRight: 288, RightChildID: 32890, LeftChildID: 32891
XPartition: 320, YPartition: -3200, ChangeXPartition: -32, ChangeYPartition: 0, RightBoxTop: -3136, RightBoxBottom: -3200, RightBoxLeft: 256, RightBoxRight: 320, LeftBoxTop: -3200, LeftBoxBottom: -3264, LeftBoxLeft: 256, LeftBoxRight: 320, RightChildID: 32889, LeftChildID: 115
XPartition: 256, YPartition: -3264, ChangeXPartition: 32, ChangeYPartition: 0, RightBoxTop: -3264, RightBoxBottom: -3328, RightBoxLeft: 256, RightBoxRight: 320, LeftBoxTop: -3136, LeftBoxBottom: -3264, LeftBoxLeft: 256, LeftBoxRight: 320, RightChildID: 32888, LeftChildID: 116
XPartition: 320, YPartition: -3264, ChangeXPartition: 0, ChangeYPartition: 64, RightBoxTop: -3136, RightBoxBottom: -3328, RightBoxLeft: 320, RightBoxRight: 496, LeftBoxTop: -3136, LeftBoxBottom: -3328, LeftBoxLeft: 256, LeftBoxRight: 320, RightChildID: 32887, LeftChildID: 117
XPartition: 320, YPartition: -3392, ChangeXPartition: 0, ChangeYPartition: 64, RightBoxTop: -3328, RightBoxBottom: -3392, RightBoxLeft: 320, RightBoxRight: 496, LeftBoxTop: -3328, LeftBoxBottom: -3392, LeftBoxLeft: 256, LeftBoxRight: 320, RightChildID: 32893, LeftChildID: 32894
XPartition: 256, YPartition: -3392, ChangeXPartition: 64, ChangeYPartition: 0, RightBoxTop: -3392, RightBoxBottom: -3456, RightBoxLeft: 256, RightBoxRight: 472, LeftBoxTop: -3328, LeftBoxBottom: -3392, LeftBoxLeft: 256, LeftBoxRight: 496, RightChildID: 32892, LeftChildID: 119
XPartition: 320, YPartition: -3328, ChangeXPartition: -64, ChangeYPartition: 0, RightBoxTop: -3136, RightBoxBottom: -3328, RightBoxLeft: 256, RightBoxRight: 496, LeftBoxTop: -3328, LeftBoxBottom: -3456, LeftBoxLeft: 256, LeftBoxRight: 496, RightChildID: 118, LeftChildID: 120
XPartition: 320, YPartition: -3072, ChangeXPartition: -64, ChangeYPartition: 0, RightBoxTop: -3008, RightBoxBottom: -3072, RightBoxLeft: 256, RightBoxRight: 320, LeftBoxTop: -3072, LeftBoxBottom: -3136, LeftBoxLeft: 256, LeftBoxRight: 320, RightChildID: 32896, LeftChildID: 32897
XPartition: 320, YPartition: -3136, ChangeXPartition: 0, ChangeYPartition: 64, RightBoxTop: -3008, RightBoxBottom: -3136, RightBoxLeft: 320, RightBoxRight: 496, LeftBoxTop: -3008, LeftBoxBottom: -3136, LeftBoxLeft: 256, LeftBoxRight: 320, RightChildID: 32895, LeftChildID: 122
XPartition: 256, YPartition: -3136, ChangeXPartition: 64, ChangeYPartition: 0, RightBoxTop: -3136, RightBoxBottom: -3456, RightBoxLeft: 256, RightBoxRight: 496, LeftBoxTop: -3008, LeftBoxBottom: -3136, LeftBoxLeft: 256, LeftBoxRight: 496, RightChildID: 121, LeftChildID: 123
XPartition: 496, YPartition: -3304, ChangeXPartition: 0, ChangeYPartition: 144, RightBoxTop: -3104, RightBoxBottom: -3360, RightBoxLeft: 496, RightBoxRight: 704, LeftBoxTop: -3008, LeftBoxBottom: -3456, LeftBoxLeft: 256, LeftBoxRight: 496, RightChildID: 114, LeftChildID: 124
XPartition: 704, YPartition: -3552, ChangeXPartition: 0, ChangeYPartition: 192, RightBoxTop: -2486, RightBoxBottom: -3680, RightBoxLeft: 704, RightBoxRight: 1344, LeftBoxTop: -3008, LeftBoxBottom: -3456, LeftBoxLeft: 256, LeftBoxRight: 704, RightChildID: 113, LeftChildID: 125
XPartition: 256, YPartition: -3328, ChangeXPartition: 0, ChangeYPartition: -64, RightBoxTop: -2816, RightBoxBottom: -3648, RightBoxLeft: -768, RightBoxRight: 256, LeftBoxTop: -2486, LeftBoxBottom: -3680, LeftBoxLeft: 256, LeftBoxRight: 1344, RightChildID: 93, LeftChildID: 126
XPartition: 1344, YPartition: -3360, ChangeXPartition: 0, ChangeYPartition: 96, RightBoxTop: -2048, RightBoxBottom: -4064, RightBoxLeft: 1344, RightBoxRight: 2176, LeftBoxTop: -2486, LeftBoxBottom: -3680, LeftBoxLeft: -768, LeftBoxRight: 1344, RightChildID: 52, LeftChildID: 127
XPartition: 2432, YPartition: -3112, ChangeXPartition: 304, ChangeYPartition: 0, RightBoxTop: -3112, RightBoxBottom: -3360, RightBoxLeft: 2432, RightBoxRight: 2736, LeftBoxTop: -3008, LeftBoxBottom: -3112, LeftBoxLeft: 2272, LeftBoxRight: 2432, RightChildID: 32899, LeftChildID: 32900
XPartition: 2240, YPartition: -2920, ChangeXPartition: 32, ChangeYPartition: -88, RightBoxTop: -2920, RightBoxBottom: -3008, RightBoxLeft: 2176, RightBoxRight: 2272, LeftBoxTop: -3008, LeftBoxBottom: -3360, LeftBoxLeft: 2272, LeftBoxRight: 2736, RightChildID: 32898, LeftChildID: 129
XPartition: 2736, YPartition: -3112, ChangeXPartition: 0, ChangeYPartition: -248, RightBoxTop: -2920, RightBoxBottom: -3360, RightBoxLeft: 2176, RightBoxRight: 2736, LeftBoxTop: -3112, LeftBoxBottom: -3360, LeftBoxLeft: 2736, LeftBoxRight: 2752, RightChildID: 130, LeftChildID: 32901
XPartition: 2736, YPartition: -3648, ChangeXPartition: -496, ChangeYPartition: 0, RightBoxTop: -3360, RightBoxBottom: -3648, RightBoxLeft: 2240, RightBoxRight: 2736, LeftBoxTop: -3648, LeftBoxBottom: -3776, LeftBoxLeft: 2240, LeftBoxRight: 2736, RightChildID: 32902, LeftChildID: 32903
XPartition: 2240, YPartition: -3776, ChangeXPartition: -32, ChangeYPartition: 96, RightBoxTop: -3648, RightBoxBottom: -3776, RightBoxLeft: 2197, RightBoxRight: 2240, LeftBoxTop: -3648, LeftBoxBottom: -3680, LeftBoxLeft: 2176, LeftBoxRight: 2208, RightChildID: 32905, LeftChildID: 32906
XPartition: 2240, YPartition: -3648, ChangeXPartition: -64, ChangeYPartition: 0, RightBoxTop: -3648, RightBoxBottom: -3648, RightBoxLeft: 2176, RightBoxRight: 2240, LeftBoxTop: -3648, LeftBoxBottom: -3776, LeftBoxLeft: 2176, LeftBoxRight: 2240, RightChildID: 32904, LeftChildID: 133
XPartition: 2240, YPartition: -3776, ChangeXPartition: 0, ChangeYPartition: 128, RightBoxTop: -3360, RightBoxBottom: -3776, RightBoxLeft: 2240, RightBoxRight: 2736, LeftBoxTop: -3648, LeftBoxBottom: -3776, LeftBoxLeft: 2176, LeftBoxRight: 2240, RightChildID: 132, LeftChildID: 134
XPartition: 2752, YPartition: -3360, ChangeXPartition: -16, ChangeYPartition: 0, RightBoxTop: -2920, RightBoxBottom: -3360, RightBoxLeft: 2176, RightBoxRight: 2752, LeftBoxTop: -3360, LeftBoxBottom: -3776, LeftBoxLeft: 2176, LeftBoxRight: 2736, RightChildID: 131, LeftChildID: 135
XPartition: 2688, YPartition: -3920, ChangeXPartition: -16, ChangeYPartition: 0, RightBoxTop: -3792, RightBoxBottom: -3920, RightBoxLeft: 2435, RightBoxRight: 2688, LeftBoxTop: -3920, LeftBoxBottom: -3968, LeftBoxLeft: 2368, LeftBoxRight: 2672, RightChildID: 32907, LeftChildID: 32908
XPartition: 2368, YPartition: -3968, ChangeXPartition: 248, ChangeYPartition: 176, RightBoxTop: -3792, RightBoxBottom: -3968, RightBoxLeft: 2368, RightBoxRight: 2688, LeftBoxTop: -3920, LeftBoxBottom: -3968, LeftBoxLeft: 2176, LeftBoxRight: 2240, RightChildID: 137, LeftChildID: 32909
XPartition: 2688, YPartition: -3776, ChangeXPartition: 32, ChangeYPartition: -128, RightBoxTop: -3776, RightBoxBottom: -3920, RightBoxLeft: 2632, RightBoxRight: 2720, LeftBoxTop: -3776, LeftBoxBottom: -3904, LeftBoxLeft: 2688, LeftBoxRight: 2752, RightChildID: 32910, LeftChildID: 32911
XPartition: 2632, YPartition: -3792, ChangeXPartition: 56, ChangeYPartition: -128, RightBoxTop: -3792, RightBoxBottom: -3968, RightBoxLeft: 2176, RightBoxRight: 2688, LeftBoxTop: -3776, LeftBoxBottom: -3920, LeftBoxLeft: 2632, LeftBoxRight: 2752, RightChildID: 138, LeftChildID: 139
XPartition: 2736, YPartition: -3648, ChangeXPartition: -248, ChangeYPartition: -96, RightBoxTop: -2920, RightBoxBottom: -3776, RightBoxLeft: 2176, RightBoxRight: 2752, LeftBoxTop: -3776, LeftBoxBottom: -3968, LeftBoxLeft: 2176, LeftBoxRight: 2752, RightChildID: 136, LeftChildID: 140
XPartition: 2208, YPartition: -2304, ChangeXPartition: 0, ChangeYPartition: -256, RightBoxTop: -2304, RightBoxBottom: -2560, RightBoxLeft: 2176, RightBoxRight: 2208, LeftBoxTop: -2304, LeftBoxBottom: -2560, LeftBoxLeft: 2208, LeftBoxRight: 2304, RightChildID: 32914, LeftChildID: 32915
XPartition: 2336, YPartition: -2272, ChangeXPartition: -160, ChangeYPartition: 0, RightBoxTop: -2112, RightBoxBottom: -2272, RightBoxLeft: 2176, RightBoxRight: 2336, LeftBoxTop: -2304, LeftBoxBottom: -2560, LeftBoxLeft: 2176, LeftBoxRight: 2304, RightChildID: 32913, LeftChildID: 142
XPartition: 2336, YPartition: -2560, ChangeXPartition: 0, ChangeYPartition: 288, RightBoxTop: -2112, RightBoxBottom: -2560, RightBoxLeft: 2336, RightBoxRight: 2496, LeftBoxTop: -2112, LeftBoxBottom: -2560, LeftBoxLeft: 2176, LeftBoxRight: 2336, RightChildID: 32912, LeftChildID: 143
XPartition: 2336, YPartition: -2592, ChangeXPartition: 0, ChangeYPartition: 32, RightBoxTop: -2560, RightBoxBottom: -2752, RightBoxLeft: 2336, RightBoxRight: 2496, LeftBoxTop: -2592, LeftBoxBottom: -2752, LeftBoxLeft: 2176, LeftBoxRight: 2336, RightChildID: 32916, LeftChildID: 32917
XPartition: 2304, YPartition: -2560, ChangeXPartition: -96, ChangeYPartition: 0, RightBoxTop: -2112, RightBoxBottom: -2560, RightBoxLeft: 2176, RightBoxRight: 2496, LeftBoxTop: -2560, LeftBoxBottom: -2752, LeftBoxLeft: 2176, LeftBoxRight: 2496, RightChildID: 144, LeftChildID: 145
XPartition: 2176, YPartition: -2112, ChangeXPartition: 320, ChangeYPartition: 0, RightBoxTop: -2112, RightBoxBottom: -2752, RightBoxLeft: 2176, RightBoxRight: 2496, LeftBoxTop: -2048, LeftBoxBottom: -2112, LeftBoxLeft: 2176, LeftBoxRight: 2496, RightChildID: 146, LeftChildID: 32918
XPartition: 2624, YPartition: -2784, ChangeXPartition: -104, ChangeYPartition: 96, RightBoxTop: -2560, RightBoxBottom: -2784, RightBoxLeft: 2496, RightBoxRight: 2752, LeftBoxTop: -2665, LeftBoxBottom: -2688, LeftBoxLeft: 2496, LeftBoxRight: 2520, RightChildID: 32920, LeftChildID: 32921
XPartition: 2624, YPartition: -2784, ChangeXPartition: 128, ChangeYPartition: 224, RightBoxTop: -2560, RightBoxBottom: -2784, RightBoxLeft: 2624, RightBoxRight: 2752, LeftBoxTop: -2560, LeftBoxBottom: -2784, LeftBoxLeft: 2496, LeftBoxRight: 2752, RightChildID: 32919, LeftChildID: 148
XPartition: 2520, YPartition: -2560, ChangeXPartition: 232, ChangeYPartition: 0, RightBoxTop: -2560, RightBoxBottom: -2784, RightBoxLeft: 2496, RightBoxRight: 2752, LeftBoxTop: -2048, LeftBoxBottom: -2496, LeftBoxLeft: 2496, LeftBoxRight: 2560, RightChildID: 149, LeftChildID: 32922
XPartition: 2496, YPartition: -2112, ChangeXPartition: 0, ChangeYPartition: -384, RightBoxTop: -2048, RightBoxBottom: -2752, RightBoxLeft: 2176, RightBoxRight: 2496, LeftBoxTop: -2048, LeftBoxBottom: -2784, LeftBoxLeft: 2496, LeftBoxRight: 2752, RightChildID: 147, LeftChildID: 150
XPartition: 2176, YPartition: -2920, ChangeXPartition: 64, ChangeYPartition: 0, RightBoxTop: -2920, RightBoxBottom: -3968, RightBoxLeft: 2176, RightBoxRight: 2752, LeftBoxTop: -2048, LeftBoxBottom: -2784, LeftBoxLeft: 2176, LeftBoxRight: 2752, RightChildID: 141, LeftChildID: 151
XPartition: 2944, YPartition: -3648, ChangeXPartition: -192, ChangeYPartition: 64, RightBoxTop: -3536, RightBoxBottom: -3648, RightBoxLeft: 2752, RightBoxRight: 2944, LeftBoxTop: -3648, LeftBoxBottom: -3669, LeftBoxLeft: 2944, LeftBoxRight: 2944, RightChildID: 32924, LeftChildID: 32925
XPartition: 2944, YPartition: -3536, ChangeXPartition: -192, ChangeYPartition: -48, RightBoxTop: -3360, RightBoxBottom: -3584, RightBoxLeft: 2752, RightBoxRight: 2944, LeftBoxTop: -3536, LeftBoxBottom: -3669, LeftBoxLeft: 2752, LeftBoxRight: 2944, RightChildID: 32923, LeftChildID: 153
XPartition: 3352, YPartition: -3592, ChangeXPartition: 0, ChangeYPartition: 24, RightBoxTop: -3568, RightBoxBottom: -3592, RightBoxLeft: 3352, RightBoxRight: 3352, LeftBoxTop: -3592, LeftBoxBottom: -3601, LeftBoxLeft: 3352, LeftBoxRight: 3353, RightChildID: 32928, LeftChildID: 32929
XPartition: 3352, YPartition: -3568, ChangeXPartition: -88, ChangeYPartition: -48, RightBoxTop: -3370, RightBoxBottom: -3616, RightBoxLeft: 3104, RightBoxRight: 3352, LeftBoxTop: -3568, LeftBoxBottom: -3601, LeftBoxLeft: 3352, LeftBoxRight: 3353, RightChildID: 32927, LeftChildID: 155
XPartition: 3448, YPartition: -3520, ChangeXPartition: -96, ChangeYPartition: -48, RightBoxTop: -3432, RightBoxBottom: -3568, RightBoxLeft: 3312, RightBoxRight: 3454, LeftBoxTop: -3520, LeftBoxBottom: -3568, LeftBoxLeft: 3352, LeftBoxRight: 3448, RightChildID: 32931, LeftChildID: 32932
XPartition: 3408, YPartition: -3432, ChangeXPartition: -96, ChangeYPartition: -64, RightBoxTop: -3320, RightBoxBottom: -3496, RightBoxLeft: 3242, RightBoxRight: 3408, LeftBoxTop: -3432, LeftBoxBottom: -3568, LeftBoxLeft: 3312, LeftBoxRight: 3454, RightChildID: 32930, LeftChildID: 157
XPartition: 3312, YPartition: -3496, ChangeXPartition: 40, ChangeYPartition: -72, RightBoxTop: -3370, RightBoxBottom: -3616, RightBoxLeft: 3104, RightBoxRight: 3353, LeftBoxTop: -3320, LeftBoxBottom: -3568, LeftBoxLeft: 3242, LeftBoxRight: 3454, RightChildID: 156, LeftChildID: 158
XPartition: 3454, YPartition: -3496, ChangeXPartition: -6, ChangeYPartition: -23, RightBoxTop: -3320, RightBoxBottom: -3616, RightBoxLeft: 3104, RightBoxRight: 3454, LeftBoxTop: -3520, LeftBoxBottom: -3574, LeftBoxLeft: 3448, LeftBoxRight: 3512, RightChildID: 159, LeftChildID: 32933
XPartition: 3264, YPartition: -3616, ChangeXPartition: -160, ChangeYPartition: 64, RightBoxTop: -3320, RightBoxBottom: -3616, RightBoxLeft: 3104, RightBoxRight: 3512, LeftBoxTop: -3552, LeftBoxBottom: -3648, LeftBoxLeft: 3047, LeftBoxRight: 3264, RightChildID: 160, LeftChildID: 32934
XPartition: 2752, YPartition: -3048, ChangeXPartition: 224, ChangeYPartition: -24, RightBoxTop: -3048, RightBoxBottom: -3296, RightBoxLeft: 2752, RightBoxRight: 2976, LeftBoxTop: -2902, LeftBoxBottom: -3072, LeftBoxLeft: 2752, LeftBoxRight: 3008, RightChildID: 32935, LeftChildID: 32936
XPartition: 3112, YPartition: -3360, ChangeXPartition: -168, ChangeYPartition: -176, RightBoxTop: -3232, RightBoxBottom: -3536, RightBoxLeft: 2752, RightBoxRight: 3112, LeftBoxTop: -3360, LeftBoxBottom: -3626, LeftBoxLeft: 2944, LeftBoxRight: 3215, RightChildID: 32937, LeftChildID: 32938
XPartition: 2984, YPartition: -3200, ChangeXPartition: 152, ChangeYPartition: 128, RightBoxTop: -3072, RightBoxBottom: -3320, RightBoxLeft: 2984, RightBoxRight: 3280, LeftBoxTop: -3072, LeftBoxBottom: -3200, LeftBoxLeft: 2887, LeftBoxRight: 3136, RightChildID: 32939, LeftChildID: 32940
XPartition: 3280, YPartition: -3320, ChangeXPartition: -296, ChangeYPartition: 120, RightBoxTop: -3072, RightBoxBottom: -3320, RightBoxLeft: 2887, RightBoxRight: 3280, LeftBoxTop: -3160, LeftBoxBottom: -3404, LeftBoxLeft: 2816, LeftBoxRight: 3280, RightChildID: 164, LeftChildID: 32941
XPartition: 2816, YPartition: -3232, ChangeXPartition: 296, ChangeYPartition: -128, RightBoxTop: -3232, RightBoxBottom: -3626, RightBoxLeft: 2752, RightBoxRight: 3215, LeftBoxTop: -3072, LeftBoxBottom: -3404, LeftBoxLeft: 2816, LeftBoxRight: 3280, RightChildID: 163, LeftChildID: 165
XPartition: 2976, YPartition: -3072, ChangeXPartition: -160, ChangeYPartition: -160, RightBoxTop: -2902, RightBoxBottom: -3296, RightBoxLeft: 2752, RightBoxRight: 3008, LeftBoxTop: -3072, LeftBoxBottom: -3626, LeftBoxLeft: 2752, LeftBoxRight: 3280, RightChildID: 162, LeftChildID: 166
XPartition: 3104, YPartition: -3552, ChangeXPartition: 176, ChangeYPartition: 232, RightBoxTop: -3320, RightBoxBottom: -3648, RightBoxLeft: 3047, RightBoxRight: 3512, LeftBoxTop: -2902, LeftBoxBottom: -3626, LeftBoxLeft: 2752, LeftBoxRight: 3280, RightChildID: 161, LeftChildID: 167
XPartition: 3304, YPartition: -3040, ChangeXPartition: 96, ChangeYPartition: -112, RightBoxTop: -3040, RightBoxBottom: -3432, RightBoxLeft: 3136, RightBoxRight: 3472, LeftBoxTop: -3040, LeftBoxBottom: -3152, LeftBoxLeft: 3304, LeftBoxRight: 3400, RightChildID: 32942, LeftChildID: 32943
XPartition: 3472, YPartition: -3432, ChangeXPartition: -64, ChangeYPartition: 0, RightBoxTop: -3040, RightBoxBottom: -3432, RightBoxLeft: 3136, RightBoxRight: 3472, LeftBoxTop: -3432, LeftBoxBottom: -3496, LeftBoxLeft: 3408, LeftBoxRight: 3472, RightChildID: 169, LeftChildID: 32944
XPartition: 3136, YPartition: -3072, ChangeXPartition: 168, ChangeYPartition: 32, RightBoxTop: -3040, RightBoxBottom: -3496, RightBoxLeft: 3136, RightBoxRight: 3472, LeftBoxTop: -2944, LeftBoxBottom: -3072, LeftBoxLeft: 3048, LeftBoxRight: 3304, RightChildID: 170, LeftChildID: 32945
XPartition: 3304, YPartition: -3040, ChangeXPartition: 16, ChangeYPartition: 0, RightBoxTop: -3040, RightBoxBottom: -3040, RightBoxLeft: 3304, RightBoxRight: 3320, LeftBoxTop: -2939, LeftBoxBottom: -3040, LeftBoxLeft: 3320, LeftBoxRight: 3345, RightChildID: 32947, LeftChildID: 32948
XPartition: 3048, YPartition: -2880, ChangeXPartition: 0, ChangeYPartition: -64, RightBoxTop: -2880, RightBoxBottom: -2944, RightBoxLeft: 3008, RightBoxRight: 3048, LeftBoxTop: -2939, LeftBoxBottom: -3040, LeftBoxLeft: 3304, LeftBoxRight: 3345, RightChildID: 32946, LeftChildID: 172
XPartition: 3048, YPartition: -2944, ChangeXPartition: 256, ChangeYPartition: -96, RightBoxTop: -2944, RightBoxBottom: -3496, RightBoxLeft: 3048, RightBoxRight: 3472, LeftBoxTop: -2880, LeftBoxBottom: -3040, LeftBoxLeft: 3008, LeftBoxRight: 3345, RightChildID: 171, LeftChildID: 173
XPartition: 3680, YPartition: -3392, ChangeXPartition: 0, ChangeYPartition: -154, RightBoxTop: -3264, RightBoxBottom: -3567, RightBoxLeft: 3552, RightBoxRight: 3680, LeftBoxTop: -3144, LeftBoxBottom: -3392, LeftBoxLeft: 3680, LeftBoxRight: 3808, RightChildID: 32949, LeftChildID: 32950
XPartition: 3648, YPartition: -3264, ChangeXPartition: -152, ChangeYPartition: 232, RightBoxTop: -3032, RightBoxBottom: -3264, RightBoxLeft: 3496, RightBoxRight: 3738, LeftBoxTop: -3032, LeftBoxBottom: -3152, LeftBoxLeft: 3400, LeftBoxRight: 3456, RightChildID: 32952, LeftChildID: 32953
XPartition: 3496, YPartition: -3032, ChangeXPartition: -40, ChangeYPartition: 0, RightBoxTop: -2880, RightBoxBottom: -3032, RightBoxLeft: 3345, RightBoxRight: 3672, LeftBoxTop: -3032, LeftBoxBottom: -3264, LeftBoxLeft: 3400, LeftBoxRight: 3738, RightChildID: 32951, LeftChildID: 176
XPartition: 3552, YPartition: -3392, ChangeXPartition: 96, ChangeYPartition: 128, RightBoxTop: -3144, RightBoxBottom: -3567, RightBoxLeft: 3552, RightBoxRight: 3808, LeftBoxTop: -2880, LeftBoxBottom: -3264, LeftBoxLeft: 3345, LeftBoxRight: 3738, RightChildID: 175, LeftChildID: 177
XPartition: 3400, YPartition: -3152, ChangeXPartition: 72, ChangeYPartition: -280, RightBoxTop: -2880, RightBoxBottom: -3496, RightBoxLeft: 3008, RightBoxRight: 3472, LeftBoxTop: -2880, LeftBoxBottom: -3567, LeftBoxLeft: 3345, LeftBoxRight: 3808, RightChildID: 174, LeftChildID: 178
XPartition: 3472, YPartition: -3520, ChangeXPartition: 40, ChangeYPartition: -54, RightBoxTop: -2902, RightBoxBottom: -3648, RightBoxLeft: 2752, RightBoxRight: 3512, LeftBoxTop: -2880, LeftBoxBottom: -3567, LeftBoxLeft: 3008, LeftBoxRight: 3808, RightChildID: 168, LeftChildID: 179
XPartition: 2944, YPartition: -3536, ChangeXPartition: 128, ChangeYPartition: -112, RightBoxTop: -3536, RightBoxBottom: -3648, RightBoxLeft: 2944, RightBoxRight: 3072, LeftBoxTop: -2880, LeftBoxBottom: -3648, LeftBoxLeft: 2752, LeftBoxRight: 3808, RightChildID: 32926, LeftChildID: 180
XPartition: 2752, YPartition: -3360, ChangeXPartition: 192, ChangeYPartition: -176, RightBoxTop: -3360, RightBoxBottom: -3669, RightBoxLeft: 2752, RightBoxRight: 2944, LeftBoxTop: -2880, LeftBoxBottom: -3648, LeftBoxLeft: 2752, LeftBoxRight: 3808, RightChildID: 154, LeftChildID: 181
XPartition: 2784, YPartition: -3776, ChangeXPartition: 0, ChangeYPartition: -128, RightBoxTop: -3776, RightBoxBottom: -3904, RightBoxLeft: 2752, RightBoxRight: 2784, LeftBoxTop: -3776, LeftBoxBottom: -3904, LeftBoxLeft: 2784, LeftBoxRight: 2816, RightChildID: 32954, LeftChildID: 32955
XPartition: 2848, YPartition: -3776, ChangeXPartition: 0, ChangeYPartition: -128, RightBoxTop: -3776, RightBoxBottom: -3904, RightBoxLeft: 2816, RightBoxRight: 2848, LeftBoxTop: -3776, LeftBoxBottom: -3904, LeftBoxLeft: 2848, LeftBoxRight: 2880, RightChildID: 32956, LeftChildID: 32957
XPartition: 2816, YPartition: -3776, ChangeXPartition: 0, ChangeYPartition: -128, RightBoxTop: -3776, RightBoxBottom: -3904, RightBoxLeft: 2752, RightBoxRight: 2816, LeftBoxTop: -3776, LeftBoxBottom: -3904, LeftBoxLeft: 2816, LeftBoxRight: 2880, RightChildID: 183, LeftChildID: 184
XPartition: 2912, YPartition: -3776, ChangeXPartition: 0, ChangeYPartition: -128, RightBoxTop: -3776, RightBoxBottom: -3904, RightBoxLeft: 2880, RightBoxRight: 2912, LeftBoxTop: -3776, LeftBoxBottom: -3904, LeftBoxLeft: 2912, LeftBoxRight: 2944, RightChildID: 32959, LeftChildID: 32960
XPartition: 2944, YPartition: -3776, ChangeXPartition: 0, ChangeYPartition: 106, RightBoxTop: -3648, RightBoxBottom: -3968, RightBoxLeft: 2944, RightBoxRight: 3072, LeftBoxTop: -3776, LeftBoxBottom: -3904, LeftBoxLeft: 2880, LeftBoxRight: 2944, RightChildID: 32958, LeftChildID: 186
XPartition: 2880, YPartition: -3776, ChangeXPartition: 0, ChangeYPartition: -128, RightBoxTop: -3776, RightBoxBottom: -3904, RightBoxLeft: 2752, RightBoxRight: 2880, LeftBoxTop: -3648, LeftBoxBottom: -3968, LeftBoxLeft: 2880, LeftBoxRight: 3072, RightChildID: 185, LeftChildID: 187
XPartition: 3328, YPartition: -3744, ChangeXPartition: 32, ChangeYPartition: 96, RightBoxTop: -3574, RightBoxBottom: -3968, RightBoxLeft: 3328, RightBoxRight: 3520, LeftBoxTop: -3601, LeftBoxBottom: -3648, LeftBoxLeft: 3353, LeftBoxRight: 3360, RightChildID: 32961, LeftChildID: 32962
XPartition: 3328, YPartition: -3968, ChangeXPartition: 0, ChangeYPartition: 224, RightBoxTop: -3574, RightBoxBottom: -3968, RightBoxLeft: 3328, RightBoxRight: 3520, LeftBoxTop: -3744, LeftBoxBottom: -3968, LeftBoxLeft: 3200, LeftBoxRight: 3328, RightChildID: 189, LeftChildID: 32963
XPartition: 3584, YPartition: -3840, ChangeXPartition: 0, ChangeYPartition: -64, RightBoxTop: -3840, RightBoxBottom: -3904, RightBoxLeft: 3520, RightBoxRight: 3584, LeftBoxTop: -3840, LeftBoxBottom: -3904, LeftBoxLeft: 3584, LeftBoxRight: 3680, RightChildID: 32964, LeftChildID: 32965
XPartition: 3584, YPartition: -3840, ChangeXPartition: 32, ChangeYPartition: 64, RightBoxTop: -3776, RightBoxBottom: -3840, RightBoxLeft: 3584, RightBoxRight: 3616, LeftBoxTop: -3546, LeftBoxBottom: -3776, LeftBoxLeft: 3556, LeftBoxRight: 3680, RightChildID: 32966, LeftChildID: 32967
XPartition: 3520, YPartition: -3840, ChangeXPartition: 16, ChangeYPartition: 0, RightBoxTop: -3840, RightBoxBottom: -3904, RightBoxLeft: 3520, RightBoxRight: 3680, LeftBoxTop: -3546, LeftBoxBottom: -3840, LeftBoxLeft: 3556, LeftBoxRight: 3680, RightChildID: 191, LeftChildID: 192
XPartition: 3680, YPartition: -3546, ChangeXPartition: 0, ChangeYPartition: -5, RightBoxTop: -3546, RightBoxBottom: -3904, RightBoxLeft: 3520, RightBoxRight: 3680, LeftBoxTop: -3552, LeftBoxBottom: -3904, LeftBoxLeft: 3680, LeftBoxRight: 3744, RightChildID: 193, LeftChildID: 32968
XPartition: 3520, YPartition: -3584, ChangeXPartition: 0, ChangeYPartition: -256, RightBoxTop: -3574, RightBoxBottom: -3968, RightBoxLeft: 3200, RightBoxRight: 3520, LeftBoxTop: -3546, LeftBoxBottom: -3904, LeftBoxLeft: 3520, LeftBoxRight: 3744, RightChildID: 190, LeftChildID: 194
XPartition: 3072, YPartition: -3648, ChangeXPartition: 0, ChangeYPartition: -320, RightBoxTop: -3648, RightBoxBottom: -3968, RightBoxLeft: 2752, RightBoxRight: 3072, LeftBoxTop: -3546, LeftBoxBottom: -3968, LeftBoxLeft: 3200, LeftBoxRight: 3744, RightChildID: 188, LeftChildID: 195
XPartition: 3264, YPartition: -3616, ChangeXPartition: -192, ChangeYPartition: -32, RightBoxTop: -2880, RightBoxBottom: -3669, RightBoxLeft: 2752, RightBoxRight: 3808, LeftBoxTop: -3546, LeftBoxBottom: -3968, LeftBoxLeft: 2752, LeftBoxRight: 3744, RightChildID: 182, LeftChildID: 196
XPartition: 2752, YPartition: -2912, ChangeXPartition: 128, ChangeYPartition: 0, RightBoxTop: -2912, RightBoxBottom: -3048, RightBoxLeft: 2752, RightBoxRight: 2960, LeftBoxTop: -2880, LeftBoxBottom: -2912, LeftBoxLeft: 2880, LeftBoxRight: 2880, RightChildID: 32970, LeftChildID: 32971
XPartition: 2880, YPartition: -2880, ChangeXPartition: -128, ChangeYPartition: 80, RightBoxTop: -2656, RightBoxBottom: -2930, RightBoxLeft: 2752, RightBoxRight: 3048, LeftBoxTop: -2880, LeftBoxBottom: -3048, LeftBoxLeft: 2752, LeftBoxRight: 2960, RightChildID: 32969, LeftChildID: 198
XPartition: 2752, YPartition: -2784, ChangeXPartition: 192, ChangeYPartition: 128, RightBoxTop: -2656, RightBoxBottom: -3048, RightBoxLeft: 2752, RightBoxRight: 3048, LeftBoxTop: -2560, LeftBoxBottom: -2784, LeftBoxLeft: 2752, LeftBoxRight: 2944, RightChildID: 199, LeftChildID: 32972
XPartition: 2752, YPartition: -3048, ChangeXPartition: 296, ChangeYPartition: 168, RightBoxTop: -2880, RightBoxBottom: -3968, RightBoxLeft: 2752, RightBoxRight: 3808, LeftBoxTop: -2560, LeftBoxBottom: -3048, LeftBoxLeft: 2752, LeftBoxRight: 3048, RightChildID: 197, LeftChildID: 200
XPartition: 2752, YPartition: -3776, ChangeXPartition: 0, ChangeYPartition: -128, RightBoxTop: -2048, RightBoxBottom: -3968, RightBoxLeft: 2176, RightBoxRight: 2752, LeftBoxTop: -2560, LeftBoxBottom: -3968, LeftBoxLeft: 2752, LeftBoxRight: 3808, RightChildID: 152, LeftChildID: 201
XPartition: 2912, YPartition: -4160, ChangeXPartition: 192, ChangeYPartition: 0, RightBoxTop: -4160, RightBoxBottom: -4352, RightBoxLeft: 2912, RightBoxRight: 3104, LeftBoxTop: -4128, LeftBoxBottom: -4160, LeftBoxLeft: 2912, LeftBoxRight: 3104, RightChildID: 32973, LeftChildID: 32974
XPartition: 3104, YPartition: -4352, ChangeXPartition: -192, ChangeYPartition: 0, RightBoxTop: -4128, RightBoxBottom: -4352, RightBoxLeft: 2912, RightBoxRight: 3104, LeftBoxTop: -4352, LeftBoxBottom: -4544, LeftBoxLeft: 2912, LeftBoxRight: 3104, RightChildID: 203, LeftChildID: 32975
XPartition: 2888, YPartition: -4352, ChangeXPartition: 0, ChangeYPartition: 32, RightBoxTop: -4160, RightBoxBottom: -4352, RightBoxLeft: 2888, RightBoxRight: 2912, LeftBoxTop: -4160, LeftBoxBottom: -4352, LeftBoxLeft: 2856, LeftBoxRight: 2888, RightChildID: 32978, LeftChildID: 32979
XPartition: 2856, YPartition: -4384, ChangeXPartition: 56, ChangeYPartition: 0, RightBoxTop: -4384, RightBoxBottom: -4544, RightBoxLeft: 2856, RightBoxRight: 2912, LeftBoxTop: -4160, LeftBoxBottom: -4352, LeftBoxLeft: 2856, LeftBoxRight: 2912, RightChildID: 32977, LeftChildID: 205
XPartition: 2856, YPartition: -4352, ChangeXPartition: 0, ChangeYPartition: -32, RightBoxTop: -4128, RightBoxBottom: -4544, RightBoxLeft: 2688, RightBoxRight: 2856, LeftBoxTop: -4160, LeftBoxBottom: -4544, LeftBoxLeft: 2856, LeftBoxRight: 2912, RightChildID: 32976, LeftChildID: 206
XPartition: 2912, YPartition: -4160, ChangeXPartition: 0, ChangeYPartition: 32, RightBoxTop: -4128, RightBoxBottom: -4544, RightBoxLeft: 2912, RightBoxRight: 3104, LeftBoxTop: -4128, LeftBoxBottom: -4544, LeftBoxLeft: 2688, LeftBoxRight: 2912, RightChildID: 204, LeftChildID: 207
XPartition: 3128, YPartition: -4320, ChangeXPartition: 0, ChangeYPartition: -32, RightBoxTop: -4160, RightBoxBottom: -4352, RightBoxLeft: 3104, RightBoxRight: 3128, LeftBoxTop: -4160, LeftBoxBottom: -4352, LeftBoxLeft: 3128, LeftBoxRight: 3160, RightChildID: 32982, LeftChildID: 32983
XPartition: 3104, YPartition: -4384, ChangeXPartition: 56, ChangeYPartition: 0, RightBoxTop: -4384, RightBoxBottom: -4544, RightBoxLeft: 3104, RightBoxRight: 3160, LeftBoxTop: -4160, LeftBoxBottom: -4352, LeftBoxLeft: 3104, LeftBoxRight: 3160, RightChildID: 32981, LeftChildID: 209
XPartition: 3160, YPartition: -4384, ChangeXPartition: 0, ChangeYPartition: 32, RightBoxTop: -4128, RightBoxBottom: -4544, RightBoxLeft: 3160, RightBoxRight: 3328, LeftBoxTop: -4160, LeftBoxBottom: -4544, LeftBoxLeft: 3104, LeftBoxRight: 3160, RightChildID: 32980, LeftChildID: 210
XPartition: 3104, YPartition: -4128, ChangeXPartition: 0, ChangeYPartition: -32, RightBoxTop: -4128, RightBoxBottom: -4544, RightBoxLeft: 2688, RightBoxRight: 3104, LeftBoxTop: -4128, LeftBoxBottom: -4544, LeftBoxLeft: 3104, LeftBoxRight: 3328, RightChildID: 208, LeftChildID: 211
XPartition: 3072, YPartition: -4000, ChangeXPartition: -128, ChangeYPartition: 0, RightBoxTop: -3968, RightBoxBottom: -4000, RightBoxLeft: 2944, RightBoxRight: 3072, LeftBoxTop: -4000, LeftBoxBottom: -4016, LeftBoxLeft: 2944, LeftBoxRight: 3072, RightChildID: 32984, LeftChildID: 32985
XPartition: 2944, YPartition: -4032, ChangeXPartition: 128, ChangeYPartition: 0, RightBoxTop: -4032, RightBoxBottom: -4128, RightBoxLeft: 2944, RightBoxRight: 3104, LeftBoxTop: -4016, LeftBoxBottom: -4032, LeftBoxLeft: 2944, LeftBoxRight: 3072, RightChildID: 32986, LeftChildID: 32987
XPartition: 3072, YPartition: -4016, ChangeXPartition: -128, ChangeYPartition: 0, RightBoxTop: -3968, RightBoxBottom: -4016, RightBoxLeft: 2944, RightBoxRight: 3072, LeftBoxTop: -4016, LeftBoxBottom: -4128, LeftBoxLeft: 2944, LeftBoxRight: 3104, RightChildID: 213, LeftChildID: 214
XPartition: 2240, YPartition: -4096, ChangeXPartition: 0, ChangeYPartition: 128, RightBoxTop: -3968, RightBoxBottom: -4096, RightBoxLeft: 2240, RightBoxRight: 2368, LeftBoxTop: -3968, LeftBoxBottom: -4096, LeftBoxLeft: 2176, LeftBoxRight: 2240, RightChildID: 32988, LeftChildID: 32989
XPartition: 2589, YPartition: -3968, ChangeXPartition: -221, ChangeYPartition: -128, RightBoxTop: -3968, RightBoxBottom: -4096, RightBoxLeft: 2368, RightBoxRight: 2589, LeftBoxTop: -4032, LeftBoxBottom: -4128, LeftBoxLeft: 2912, LeftBoxRight: 2944, RightChildID: 32990, LeftChildID: 32991
XPartition: 2368, YPartition: -3968, ChangeXPartition: 0, ChangeYPartition: -128, RightBoxTop: -3968, RightBoxBottom: -4096, RightBoxLeft: 2176, RightBoxRight: 2368, LeftBoxTop: -3968, LeftBoxBottom: -4128, LeftBoxLeft: 2368, LeftBoxRight: 2944, RightChildID: 216, LeftChildID: 217
XPartition: 2944, YPartition: -4000, ChangeXPartition: 0, ChangeYPartition: 32, RightBoxTop: -3968, RightBoxBottom: -4128, RightBoxLeft: 2944, RightBoxRight: 3104, LeftBoxTop: -3968, LeftBoxBottom: -4128, LeftBoxLeft: 2176, LeftBoxRight: 2944, RightChildID: 215, LeftChildID: 218
XPartition: 3200, YPartition: -4128, ChangeXPartition: 128, ChangeYPartition: 0, RightBoxTop: -4128, RightBoxBottom: -4544, RightBoxLeft: 2688, RightBoxRight: 3328, LeftBoxTop: -3968, LeftBoxBottom: -4128, LeftBoxLeft: 2176, LeftBoxRight: 3104, RightChildID: 212, LeftChildID: 219
XPartition: 2992, YPartition: -4592, ChangeXPartition: 0, ChangeYPartition: -8, RightBoxTop: -4592, RightBoxBottom: -4600, RightBoxLeft: 2944, RightBoxRight: 2992, LeftBoxTop: -4592, LeftBoxBottom: -4600, LeftBoxLeft: 2992, LeftBoxRight: 3024, RightChildID: 32995, LeftChildID: 32996
XPartition: 3024, YPartition: -4592, ChangeXPartition: -32, ChangeYPartition: 0, RightBoxTop: -4544, RightBoxBottom: -4592, RightBoxLeft: 2944, RightBoxRight: 3024, LeftBoxTop: -4592, LeftBoxBottom: -4600, LeftBoxLeft: 2944, LeftBoxRight: 3024, RightChildID: 32994, LeftChildID: 221
XPartition: 3024, YPartition: -4600, ChangeXPartition: 0, ChangeYPartition: 8, RightBoxTop: -4544, RightBoxBottom: -4600, RightBoxLeft: 3024, RightBoxRight: 3072, LeftBoxTop: -4544, LeftBoxBottom: -4600, LeftBoxLeft: 2944, LeftBoxRight: 3024, RightChildID: 32993, LeftChildID: 222
XPartition: 2992, YPartition: -4600, ChangeXPartition: 32, ChangeYPartition: 0, RightBoxTop: -4600, RightBoxBottom: -4608, RightBoxLeft: 2944, RightBoxRight: 3072, LeftBoxTop: -4544, LeftBoxBottom: -4600, LeftBoxLeft: 2944, LeftBoxRight: 3072, RightChildID: 32992, LeftChildID: 223
XPartition: 3040, YPartition: -4632, ChangeXPartition: -64, ChangeYPartition: 0, RightBoxTop: -4608, RightBoxBottom: -4632, RightBoxLeft: 2976, RightBoxRight: 3040, LeftBoxTop: -4632, LeftBoxBottom: -4648, LeftBoxLeft: 2976, LeftBoxRight: 3040, RightChildID: 32997, LeftChildID: 32998
XPartition: 3072, YPartition: -4608, ChangeXPartition: -32, ChangeYPartition: 0, RightBoxTop: -4544, RightBoxBottom: -4608, RightBoxLeft: 2944, RightBoxRight: 3072, LeftBoxTop: -4608, LeftBoxBottom: -4648, LeftBoxLeft: 2976, LeftBoxRight: 3040, RightChildID: 224, LeftChildID: 225
XPartition: 2992, YPartition: -4840, ChangeXPartition: 0, ChangeYPartition: -8, RightBoxTop: -4840, RightBoxBottom: -4848, RightBoxLeft: 2912, RightBoxRight: 2992, LeftBoxTop: -4840, LeftBoxBottom: -4848, LeftBoxLeft: 2992, LeftBoxRight: 3024, RightChildID: 33002, LeftChildID: 33003
XPartition: 2992, YPartition: -4848, ChangeXPartition: 32, ChangeYPartition: 0, RightBoxTop: -4848, RightBoxBottom: -4864, RightBoxLeft: 2912, RightBoxRight: 3024, LeftBoxTop: -4840, LeftBoxBottom: -4848, LeftBoxLeft: 2912, LeftBoxRight: 3024, RightChildID: 33001, LeftChildID: 227
XPartition: 3024, YPartition: -4848, ChangeXPartition: 0, ChangeYPartition: 8, RightBoxTop: -4840, RightBoxBottom: -4864, RightBoxLeft: 3024, RightBoxRight: 3104, LeftBoxTop: -4840, LeftBoxBottom: -4864, LeftBoxLeft: 2912, LeftBoxRight: 3024, RightChildID: 33000, LeftChildID: 228
XPartition: 3024, YPartition: -4840, ChangeXPartition: -32, ChangeYPartition: 0, RightBoxTop: -4672, RightBoxBottom: -4840, RightBoxLeft: 2912, RightBoxRight: 3104, LeftBoxTop: -4840, LeftBoxBottom: -4864, LeftBoxLeft: 2912, LeftBoxRight: 3104, RightChildID: 32999, LeftChildID: 229
XPartition: 3040, YPartition: -4672, ChangeXPartition: 64, ChangeYPartition: 0, RightBoxTop: -4672, RightBoxBottom: -4864, RightBoxLeft: 2912, RightBoxRight: 3104, LeftBoxTop: -4648, LeftBoxBottom: -4672, LeftBoxLeft: 2976, LeftBoxRight: 3040, RightChildID: 230, LeftChildID: 33004
XPartition: 3040, YPartition: -4648, ChangeXPartition: -64, ChangeYPartition: 0, RightBoxTop: -4544, RightBoxBottom: -4648, RightBoxLeft: 2944, RightBoxRight: 3072, LeftBoxTop: -4648, LeftBoxBottom: -4864, LeftBoxLeft: 2912, LeftBoxRight: 3104, RightChildID: 226, LeftChildID: 231
XPartition: 3072, YPartition: -4544, ChangeXPartition: -128, ChangeYPartition: 0, RightBoxTop: -3968, RightBoxBottom: -4544, RightBoxLeft: 2176, RightBoxRight: 3328, LeftBoxTop: -4544, LeftBoxBottom: -4864, LeftBoxLeft: 2912, LeftBoxRight: 3104, RightChildID: 220, LeftChildID: 232
XPartition: 3304, YPartition: -3968, ChangeXPartition: -104, ChangeYPartition: 0, RightBoxTop: -2048, RightBoxBottom: -3968, RightBoxLeft: 2176, RightBoxRight: 3808, LeftBoxTop: -3968, LeftBoxBottom: -4864, LeftBoxLeft: 2176, LeftBoxRight: 3328, RightChildID: 202, LeftChildID: 233
XPartition: 2176, YPartition: -3776, ChangeXPartition: 0, ChangeYPartition: -32, RightBoxTop: -2048, RightBoxBottom: -4064, RightBoxLeft: -768, RightBoxRight: 2176, LeftBoxTop: -2048, LeftBoxBottom: -4864, LeftBoxLeft: 2176, LeftBoxRight: 3808, RightChildID: 128, LeftChildID: 234
read_map_subsectors
SSECTORS: SSECTORSL 
seg_count: 4 first_seg_id: 0
seg_count: 5 first_seg_id: 4
seg_count: 2 first_seg_id: 9
seg_count: 4 first_seg_id: 11
seg_count: 4 first_seg_id: 15
seg_count: 3 first_seg_id: 19
seg_count: 5 first_seg_id: 22
seg_count: 1 first_seg_id: 27
seg_count: 1 first_seg_id: 28
seg_count: 5 first_seg_id: 29
seg_count: 4 first_seg_id: 34
seg_count: 3 first_seg_id: 38
seg_count: 2 first_seg_id: 41
seg_count: 3 first_seg_id: 43
seg_count: 2 first_seg_id: 46
seg_count: 6 first_seg_id: 48
seg_count: 3 first_seg_id: 54
seg_count: 2 first_seg_id: 57
seg_count: 4 first_seg_id: 59
seg_count: 3 first_seg_id: 63
seg_count: 3 first_seg_id: 66
seg_count: 2 first_seg_id: 69
seg_count: 4 first_seg_id: 71
seg_count: 6 first_seg_id: 75
seg_count: 2 first_seg_id: 81
seg_count: 4 first_seg_id: 83
seg_count: 3 first_seg_id: 87
seg_count: 3 first_seg_id: 90
seg_count: 2 first_seg_id: 93
seg_count: 4 first_seg_id: 95
seg_count: 2 first_seg_id: 99
seg_count: 2 first_seg_id: 101
seg_count: 2 first_seg_id: 103
seg_count: 3 first_seg_id: 105
seg_count: 8 first_seg_id: 108
seg_count: 1 first_seg_id: 116
seg_count: 1 first_seg_id: 117
seg_count: 1 first_seg_id: 118
seg_count: 3 first_seg_id: 119
seg_count: 6 first_seg_id: 122
seg_count: 1 first_seg_id: 128
seg_count: 2 first_seg_id: 129
seg_count: 4 first_seg_id: 131
seg_count: 4 first_seg_id: 135
seg_count: 5 first_seg_id: 139
seg_count: 4 first_seg_id: 144
seg_count: 4 first_seg_id: 148
seg_count: 4 first_seg_id: 152
seg_count: 3 first_seg_id: 156
seg_count: 2 first_seg_id: 159
seg_count: 4 first_seg_id: 161
seg_count: 4 first_seg_id: 165
seg_count: 2 first_seg_id: 169
seg_count: 6 first_seg_id: 171
seg_count: 5 first_seg_id: 177
seg_count: 5 first_seg_id: 182
seg_count: 4 first_seg_id: 187
seg_count: 4 first_seg_id: 191
seg_count: 4 first_seg_id: 195
seg_count: 4 first_seg_id: 199
seg_count: 2 first_seg_id: 203
seg_count: 2 first_seg_id: 205
seg_count: 2 first_seg_id: 207
seg_count: 4 first_seg_id: 209
seg_count: 1 first_seg_id: 213
seg_count: 1 first_seg_id: 214
seg_count: 1 first_seg_id: 215
seg_count: 1 first_seg_id: 216
seg_count: 1 first_seg_id: 217
seg_count: 1 first_seg_id: 218
seg_count: 8 first_seg_id: 219
seg_count: 2 first_seg_id: 227
seg_count: 2 first_seg_id: 229
seg_count: 4 first_seg_id: 231
seg_count: 1 first_seg_id: 235
seg_count: 3 first_seg_id: 236
seg_count: 2 first_seg_id: 239
seg_count: 2 first_seg_id: 241
seg_count: 1 first_seg_id: 243
seg_count: 4 first_seg_id: 244
seg_count: 1 first_seg_id: 248
seg_count: 3 first_seg_id: 249
seg_count: 2 first_seg_id: 252
seg_count: 1 first_seg_id: 254
seg_count: 5 first_seg_id: 255
seg_count: 4 first_seg_id: 260
seg_count: 2 first_seg_id: 264
seg_count: 4 first_seg_id: 266
seg_count: 2 first_seg_id: 270
seg_count: 3 first_seg_id: 272
seg_count: 2 first_seg_id: 275
seg_count: 2 first_seg_id: 277
seg_count: 4 first_seg_id: 279
seg_count: 2 first_seg_id: 283
seg_count: 2 first_seg_id: 285
seg_count: 3 first_seg_id: 287
seg_count: 4 first_seg_id: 290
seg_count: 1 first_seg_id: 294
seg_count: 3 first_seg_id: 295
seg_count: 1 first_seg_id: 298
seg_count: 1 first_seg_id: 299
seg_count: 2 first_seg_id: 300
seg_count: 3 first_seg_id: 302
seg_count: 5 first_seg_id: 305
seg_count: 4 first_seg_id: 310
seg_count: 8 first_seg_id: 314
seg_count: 4 first_seg_id: 322
seg_count: 2 first_seg_id: 326
seg_count: 4 first_seg_id: 328
seg_count: 1 first_seg_id: 332
seg_count: 1 first_seg_id: 333
seg_count: 2 first_seg_id: 334
seg_count: 2 first_seg_id: 336
seg_count: 1 first_seg_id: 338
seg_count: 5 first_seg_id: 339
seg_count: 1 first_seg_id: 344
seg_count: 3 first_seg_id: 345
seg_count: 7 first_seg_id: 348
seg_count: 3 first_seg_id: 355
seg_count: 4 first_seg_id: 358
seg_count: 3 first_seg_id: 362
seg_count: 3 first_seg_id: 365
seg_count: 4 first_seg_id: 368
seg_count: 4 first_seg_id: 372
seg_count: 3 first_seg_id: 376
seg_count: 2 first_seg_id: 379
seg_count: 4 first_seg_id: 381
seg_count: 3 first_seg_id: 385
seg_count: 2 first_seg_id: 388
seg_count: 4 first_seg_id: 390
seg_count: 2 first_seg_id: 394
seg_count: 2 first_seg_id: 396
seg_count: 1 first_seg_id: 398
seg_count: 4 first_seg_id: 399
seg_count: 2 first_seg_id: 403
seg_count: 4 first_seg_id: 405
seg_count: 1 first_seg_id: 409
seg_count: 3 first_seg_id: 410
seg_count: 2 first_seg_id: 413
seg_count: 4 first_seg_id: 415
seg_count: 2 first_seg_id: 419
seg_count: 1 first_seg_id: 421
seg_count: 4 first_seg_id: 422
seg_count: 4 first_seg_id: 426
seg_count: 5 first_seg_id: 430
seg_count: 2 first_seg_id: 435
seg_count: 4 first_seg_id: 437
seg_count: 4 first_seg_id: 441
seg_count: 4 first_seg_id: 445
seg_count: 3 first_seg_id: 449
seg_count: 2 first_seg_id: 452
seg_count: 2 first_seg_id: 454
seg_count: 5 first_seg_id: 456
seg_count: 2 first_seg_id: 461
seg_count: 5 first_seg_id: 463
seg_count: 3 first_seg_id: 468
seg_count: 2 first_seg_id: 471
seg_count: 1 first_seg_id: 473
seg_count: 1 first_seg_id: 474
seg_count: 4 first_seg_id: 475
seg_count: 1 first_seg_id: 479
seg_count: 1 first_seg_id: 480
seg_count: 2 first_seg_id: 481
seg_count: 4 first_seg_id: 483
seg_count: 1 first_seg_id: 487
seg_count: 2 first_seg_id: 488
seg_count: 3 first_seg_id: 490
seg_count: 4 first_seg_id: 493
seg_count: 2 first_seg_id: 497
seg_count: 4 first_seg_id: 499
seg_count: 3 first_seg_id: 503
seg_count: 2 first_seg_id: 506
seg_count: 2 first_seg_id: 508
seg_count: 4 first_seg_id: 510
seg_count: 4 first_seg_id: 514
seg_count: 1 first_seg_id: 518
seg_count: 2 first_seg_id: 519
seg_count: 2 first_seg_id: 521
seg_count: 2 first_seg_id: 523
seg_count: 1 first_seg_id: 525
seg_count: 1 first_seg_id: 526
seg_count: 4 first_seg_id: 527
seg_count: 2 first_seg_id: 531
seg_count: 4 first_seg_id: 533
seg_count: 2 first_seg_id: 537
seg_count: 2 first_seg_id: 539
seg_count: 4 first_seg_id: 541
seg_count: 4 first_seg_id: 545
seg_count: 4 first_seg_id: 549
seg_count: 4 first_seg_id: 553
seg_count: 4 first_seg_id: 557
seg_count: 4 first_seg_id: 561
seg_count: 4 first_seg_id: 565
seg_count: 6 first_seg_id: 569
seg_count: 1 first_seg_id: 575
seg_count: 6 first_seg_id: 576
seg_count: 6 first_seg_id: 582
seg_count: 2 first_seg_id: 588
seg_count: 1 first_seg_id: 590
seg_count: 2 first_seg_id: 591
seg_count: 2 first_seg_id: 593
seg_count: 6 first_seg_id: 595
seg_count: 3 first_seg_id: 601
seg_count: 1 first_seg_id: 604
seg_count: 2 first_seg_id: 605
seg_count: 2 first_seg_id: 607
seg_count: 3 first_seg_id: 609
seg_count: 6 first_seg_id: 612
seg_count: 6 first_seg_id: 618
seg_count: 2 first_seg_id: 624
seg_count: 5 first_seg_id: 626
seg_count: 6 first_seg_id: 631
seg_count: 6 first_seg_id: 637
seg_count: 2 first_seg_id: 643
seg_count: 5 first_seg_id: 645
seg_count: 6 first_seg_id: 650
seg_count: 3 first_seg_id: 656
seg_count: 4 first_seg_id: 659
seg_count: 2 first_seg_id: 663
seg_count: 4 first_seg_id: 665
seg_count: 8 first_seg_id: 669
seg_count: 2 first_seg_id: 677
seg_count: 2 first_seg_id: 679
seg_count: 1 first_seg_id: 681
seg_count: 6 first_seg_id: 682
seg_count: 3 first_seg_id: 688
seg_count: 3 first_seg_id: 691
seg_count: 2 first_seg_id: 694
seg_count: 4 first_seg_id: 696
seg_count: 4 first_seg_id: 700
seg_count: 4 first_seg_id: 704
seg_count: 8 first_seg_id: 708
seg_count: 3 first_seg_id: 716
seg_count: 3 first_seg_id: 719
seg_count: 2 first_seg_id: 722
seg_count: 4 first_seg_id: 724
seg_count: 4 first_seg_id: 728
read_map_segs
SEAGS: SEGS
start_vertex_id: 123 end_vertex_id: 124 angle: 16384 linedef_id: 152 direction: 0 offset: 0
start_vertex_id: 125 end_vertex_id: 123 angle: 32768 linedef_id: 157 direction: 0 offset: 0
start_vertex_id: 124 end_vertex_id: 126 angle: 0 linedef_id: 158 direction: 0 offset: 0
start_vertex_id: 126 end_vertex_id: 125 angle: 49152 linedef_id: 384 direction: 1 offset: 0
start_vertex_id: 290 end_vertex_id: 291 angle: 32768 linedef_id: 360 direction: 0 offset: 0
start_vertex_id: 291 end_vertex_id: 292 angle: 16384 linedef_id: 361 direction: 0 offset: 0
start_vertex_id: 300 end_vertex_id: 301 angle: 0 linedef_id: 366 direction: 0 offset: 0
start_vertex_id: 292 end_vertex_id: 300 angle: 16384 linedef_id: 370 direction: 0 offset: 0
start_vertex_id: 304 end_vertex_id: 290 angle: 49152 linedef_id: 371 direction: 1 offset: 0
start_vertex_id: 385 end_vertex_id: 120 angle: 4223 linedef_id: 148 direction: 0 offset: 104
start_vertex_id: 120 end_vertex_id: 119 angle: 49152 linedef_id: 150 direction: 0 offset: 0
start_vertex_id: 119 end_vertex_id: 120 angle: 16384 linedef_id: 150 direction: 1 offset: 0
start_vertex_id: 121 end_vertex_id: 122 angle: 49152 linedef_id: 151 direction: 0 offset: 0
start_vertex_id: 122 end_vertex_id: 119 angle: 32768 linedef_id: 153 direction: 0 offset: 0
start_vertex_id: 120 end_vertex_id: 121 angle: 0 linedef_id: 154 direction: 0 offset: 0
start_vertex_id: 122 end_vertex_id: 121 angle: 16384 linedef_id: 151 direction: 1 offset: 0
start_vertex_id: 124 end_vertex_id: 123 angle: 49152 linedef_id: 152 direction: 1 offset: 0
start_vertex_id: 121 end_vertex_id: 124 angle: 0 linedef_id: 155 direction: 0 offset: 0
start_vertex_id: 123 end_vertex_id: 122 angle: 32768 linedef_id: 156 direction: 0 offset: 0
start_vertex_id: 386 end_vertex_id: 36 angle: 16384 linedef_id: 38 direction: 0 offset: 144
start_vertex_id: 36 end_vertex_id: 41 angle: 6133 linedef_id: 45 direction: 0 offset: 0
start_vertex_id: 41 end_vertex_id: 387 angle: 0 linedef_id: 46 direction: 0 offset: 0
start_vertex_id: 293 end_vertex_id: 294 angle: 0 linedef_id: 362 direction: 0 offset: 0
start_vertex_id: 306 end_vertex_id: 307 angle: 32768 linedef_id: 375 direction: 0 offset: 0
start_vertex_id: 307 end_vertex_id: 308 angle: 16384 linedef_id: 376 direction: 0 offset: 0
start_vertex_id: 308 end_vertex_id: 293 angle: 16384 linedef_id: 377 direction: 0 offset: 0
start_vertex_id: 294 end_vertex_id: 309 angle: 49152 linedef_id: 379 direction: 1 offset: 0
start_vertex_id: 118 end_vertex_id: 29 angle: 47713 linedef_id: 146 direction: 0 offset: 0
start_vertex_id: 119 end_vertex_id: 118 angle: 36406 linedef_id: 147 direction: 0 offset: 0
start_vertex_id: 326 end_vertex_id: 327 angle: 0 linedef_id: 402 direction: 0 offset: 0
start_vertex_id: 334 end_vertex_id: 335 angle: 32768 linedef_id: 410 direction: 0 offset: 0
start_vertex_id: 327 end_vertex_id: 334 angle: 49152 linedef_id: 412 direction: 0 offset: 0
start_vertex_id: 388 end_vertex_id: 340 angle: 16384 linedef_id: 422 direction: 0 offset: 72
start_vertex_id: 345 end_vertex_id: 389 angle: 16384 linedef_id: 424 direction: 0 offset: 0
start_vertex_id: 327 end_vertex_id: 328 angle: 0 linedef_id: 403 direction: 0 offset: 0
start_vertex_id: 333 end_vertex_id: 334 angle: 32768 linedef_id: 409 direction: 0 offset: 0
start_vertex_id: 334 end_vertex_id: 327 angle: 16384 linedef_id: 412 direction: 1 offset: 0
start_vertex_id: 328 end_vertex_id: 333 angle: 49152 linedef_id: 413 direction: 0 offset: 0
start_vertex_id: 298 end_vertex_id: 390 angle: 32768 linedef_id: 378 direction: 0 offset: 0
start_vertex_id: 322 end_vertex_id: 391 angle: 0 linedef_id: 398 direction: 0 offset: 0
start_vertex_id: 343 end_vertex_id: 392 angle: 16384 linedef_id: 422 direction: 0 offset: 0
start_vertex_id: 335 end_vertex_id: 322 angle: 49152 linedef_id: 411 direction: 0 offset: 0
start_vertex_id: 392 end_vertex_id: 388 angle: 16384 linedef_id: 422 direction: 0 offset: 40
start_vertex_id: 393 end_vertex_id: 394 angle: 0 linedef_id: 372 direction: 0 offset: 328
start_vertex_id: 395 end_vertex_id: 325 angle: 32768 linedef_id: 400 direction: 0 offset: 160
start_vertex_id: 396 end_vertex_id: 346 angle: 16384 linedef_id: 424 direction: 0 offset: 40
start_vertex_id: 325 end_vertex_id: 326 angle: 49152 linedef_id: 401 direction: 0 offset: 0
start_vertex_id: 389 end_vertex_id: 396 angle: 16384 linedef_id: 424 direction: 0 offset: 8
start_vertex_id: 290 end_vertex_id: 397 angle: 16384 linedef_id: 371 direction: 0 offset: 0
start_vertex_id: 398 end_vertex_id: 126 angle: 16384 linedef_id: 384 direction: 0 offset: 8
start_vertex_id: 126 end_vertex_id: 319 angle: 16384 linedef_id: 392 direction: 0 offset: 0
start_vertex_id: 319 end_vertex_id: 290 angle: 16384 linedef_id: 393 direction: 0 offset: 0
start_vertex_id: 340 end_vertex_id: 341 angle: 32768 linedef_id: 419 direction: 0 offset: 0
start_vertex_id: 344 end_vertex_id: 345 angle: 0 linedef_id: 423 direction: 0 offset: 0
start_vertex_id: 399 end_vertex_id: 304 angle: 16384 linedef_id: 371 direction: 0 offset: 136
start_vertex_id: 304 end_vertex_id: 393 angle: 0 linedef_id: 372 direction: 0 offset: 0
start_vertex_id: 346 end_vertex_id: 347 angle: 32768 linedef_id: 425 direction: 0 offset: 0
start_vertex_id: 397 end_vertex_id: 399 angle: 16384 linedef_id: 371 direction: 0 offset: 56
start_vertex_id: 347 end_vertex_id: 344 angle: 49152 linedef_id: 426 direction: 0 offset: 0
start_vertex_id: 314 end_vertex_id: 315 angle: 16384 linedef_id: 386 direction: 0 offset: 0
start_vertex_id: 345 end_vertex_id: 400 angle: 32768 linedef_id: 423 direction: 1 offset: 0
start_vertex_id: 346 end_vertex_id: 345 angle: 49152 linedef_id: 424 direction: 1 offset: 0
start_vertex_id: 401 end_vertex_id: 346 angle: 0 linedef_id: 425 direction: 1 offset: 200
start_vertex_id: 315 end_vertex_id: 316 angle: 32768 linedef_id: 387 direction: 0 offset: 0
start_vertex_id: 347 end_vertex_id: 401 angle: 0 linedef_id: 425 direction: 1 offset: 0
start_vertex_id: 402 end_vertex_id: 347 angle: 16384 linedef_id: 426 direction: 1 offset: 72
start_vertex_id: 316 end_vertex_id: 317 angle: 49152 linedef_id: 388 direction: 0 offset: 0
start_vertex_id: 403 end_vertex_id: 344 angle: 32768 linedef_id: 423 direction: 1 offset: 200
start_vertex_id: 344 end_vertex_id: 402 angle: 16384 linedef_id: 426 direction: 1 offset: 0
start_vertex_id: 317 end_vertex_id: 314 angle: 0 linedef_id: 389 direction: 0 offset: 0
start_vertex_id: 400 end_vertex_id: 403 angle: 32768 linedef_id: 423 direction: 1 offset: 8
start_vertex_id: 315 end_vertex_id: 314 angle: 49152 linedef_id: 386 direction: 1 offset: 0
start_vertex_id: 316 end_vertex_id: 315 angle: 0 linedef_id: 387 direction: 1 offset: 0
start_vertex_id: 317 end_vertex_id: 316 angle: 16384 linedef_id: 388 direction: 1 offset: 0
start_vertex_id: 314 end_vertex_id: 317 angle: 32768 linedef_id: 389 direction: 1 offset: 0
start_vertex_id: 404 end_vertex_id: 309 angle: 32768 linedef_id: 378 direction: 0 offset: 392
start_vertex_id: 309 end_vertex_id: 294 angle: 16384 linedef_id: 379 direction: 0 offset: 0
start_vertex_id: 125 end_vertex_id: 398 angle: 16384 linedef_id: 384 direction: 0 offset: 0
start_vertex_id: 294 end_vertex_id: 318 angle: 16384 linedef_id: 390 direction: 0 offset: 0
start_vertex_id: 318 end_vertex_id: 125 angle: 16384 linedef_id: 391 direction: 0 offset: 0
start_vertex_id: 341 end_vertex_id: 342 angle: 49152 linedef_id: 420 direction: 0 offset: 0
start_vertex_id: 390 end_vertex_id: 404 angle: 32768 linedef_id: 378 direction: 0 offset: 184
start_vertex_id: 342 end_vertex_id: 343 angle: 0 linedef_id: 421 direction: 0 offset: 0
start_vertex_id: 336 end_vertex_id: 337 angle: 16384 linedef_id: 415 direction: 0 offset: 0
start_vertex_id: 405 end_vertex_id: 340 angle: 0 linedef_id: 419 direction: 1 offset: 200
start_vertex_id: 343 end_vertex_id: 406 angle: 32768 linedef_id: 421 direction: 1 offset: 0
start_vertex_id: 340 end_vertex_id: 343 angle: 49152 linedef_id: 422 direction: 1 offset: 0
start_vertex_id: 337 end_vertex_id: 338 angle: 32768 linedef_id: 416 direction: 0 offset: 0
start_vertex_id: 341 end_vertex_id: 405 angle: 0 linedef_id: 419 direction: 1 offset: 0
start_vertex_id: 407 end_vertex_id: 341 angle: 16384 linedef_id: 420 direction: 1 offset: 72
start_vertex_id: 338 end_vertex_id: 339 angle: 49152 linedef_id: 417 direction: 0 offset: 0
start_vertex_id: 342 end_vertex_id: 407 angle: 16384 linedef_id: 420 direction: 1 offset: 0
start_vertex_id: 408 end_vertex_id: 342 angle: 32768 linedef_id: 421 direction: 1 offset: 200
start_vertex_id: 339 end_vertex_id: 336 angle: 0 linedef_id: 418 direction: 0 offset: 0
start_vertex_id: 406 end_vertex_id: 408 angle: 32768 linedef_id: 421 direction: 1 offset: 8
start_vertex_id: 337 end_vertex_id: 336 angle: 49152 linedef_id: 415 direction: 1 offset: 0
start_vertex_id: 338 end_vertex_id: 337 angle: 0 linedef_id: 416 direction: 1 offset: 0
start_vertex_id: 339 end_vertex_id: 338 angle: 16384 linedef_id: 417 direction: 1 offset: 0
start_vertex_id: 336 end_vertex_id: 339 angle: 32768 linedef_id: 418 direction: 1 offset: 0
start_vertex_id: 301 end_vertex_id: 409 angle: 0 linedef_id: 367 direction: 0 offset: 0
start_vertex_id: 394 end_vertex_id: 304 angle: 32768 linedef_id: 372 direction: 1 offset: 320
start_vertex_id: 131 end_vertex_id: 410 angle: 0 linedef_id: 163 direction: 0 offset: 0
start_vertex_id: 136 end_vertex_id: 135 angle: 29941 linedef_id: 166 direction: 1 offset: 0
start_vertex_id: 387 end_vertex_id: 42 angle: 0 linedef_id: 46 direction: 0 offset: 192
start_vertex_id: 42 end_vertex_id: 131 angle: 59710 linedef_id: 162 direction: 0 offset: 0
start_vertex_id: 298 end_vertex_id: 299 angle: 49152 linedef_id: 365 direction: 0 offset: 0
start_vertex_id: 299 end_vertex_id: 306 angle: 32768 linedef_id: 374 direction: 0 offset: 0
start_vertex_id: 309 end_vertex_id: 298 angle: 0 linedef_id: 378 direction: 1 offset: 0
start_vertex_id: 133 end_vertex_id: 134 angle: 4156 linedef_id: 164 direction: 0 offset: 0
start_vertex_id: 134 end_vertex_id: 135 angle: 0 linedef_id: 165 direction: 0 offset: 0
start_vertex_id: 135 end_vertex_id: 136 angle: 62710 linedef_id: 166 direction: 0 offset: 0
start_vertex_id: 136 end_vertex_id: 137 angle: 55435 linedef_id: 167 direction: 0 offset: 0
start_vertex_id: 137 end_vertex_id: 138 angle: 44565 linedef_id: 168 direction: 0 offset: 0
start_vertex_id: 138 end_vertex_id: 139 angle: 34249 linedef_id: 169 direction: 0 offset: 0
start_vertex_id: 139 end_vertex_id: 140 angle: 30049 linedef_id: 170 direction: 0 offset: 0
start_vertex_id: 140 end_vertex_id: 133 angle: 17538 linedef_id: 171 direction: 0 offset: 0
start_vertex_id: 140 end_vertex_id: 139 angle: 62818 linedef_id: 170 direction: 1 offset: 0
start_vertex_id: 138 end_vertex_id: 137 angle: 11796 linedef_id: 168 direction: 1 offset: 0
start_vertex_id: 134 end_vertex_id: 133 angle: 36925 linedef_id: 164 direction: 1 offset: 0
start_vertex_id: 139 end_vertex_id: 138 angle: 1480 linedef_id: 169 direction: 1 offset: 0
start_vertex_id: 411 end_vertex_id: 211 angle: 32768 linedef_id: 251 direction: 0 offset: 64
start_vertex_id: 211 end_vertex_id: 412 angle: 32768 linedef_id: 252 direction: 0 offset: 0
start_vertex_id: 31 end_vertex_id: 32 angle: 16384 linedef_id: 30 direction: 0 offset: 0
start_vertex_id: 33 end_vertex_id: 34 angle: 16384 linedef_id: 31 direction: 0 offset: 0
start_vertex_id: 34 end_vertex_id: 31 angle: 16384 linedef_id: 36 direction: 0 offset: 0
start_vertex_id: 35 end_vertex_id: 33 angle: 16384 linedef_id: 37 direction: 0 offset: 0
start_vertex_id: 133 end_vertex_id: 140 angle: 50307 linedef_id: 171 direction: 1 offset: 0
start_vertex_id: 412 end_vertex_id: 35 angle: 32768 linedef_id: 252 direction: 0 offset: 410
start_vertex_id: 137 end_vertex_id: 136 angle: 22666 linedef_id: 167 direction: 1 offset: 0
start_vertex_id: 32 end_vertex_id: 386 angle: 16384 linedef_id: 38 direction: 0 offset: 0
start_vertex_id: 135 end_vertex_id: 134 angle: 32768 linedef_id: 165 direction: 1 offset: 0
start_vertex_id: 26 end_vertex_id: 27 angle: 16384 linedef_id: 26 direction: 1 offset: 0
start_vertex_id: 34 end_vertex_id: 33 angle: 49152 linedef_id: 31 direction: 1 offset: 0
start_vertex_id: 27 end_vertex_id: 34 angle: 0 linedef_id: 32 direction: 0 offset: 0
start_vertex_id: 33 end_vertex_id: 26 angle: 32768 linedef_id: 33 direction: 0 offset: 0
start_vertex_id: 28 end_vertex_id: 30 angle: 16384 linedef_id: 29 direction: 1 offset: 0
start_vertex_id: 32 end_vertex_id: 31 angle: 49152 linedef_id: 30 direction: 1 offset: 0
start_vertex_id: 31 end_vertex_id: 28 angle: 32768 linedef_id: 34 direction: 0 offset: 0
start_vertex_id: 30 end_vertex_id: 32 angle: 0 linedef_id: 35 direction: 0 offset: 0
start_vertex_id: 413 end_vertex_id: 188 angle: 27931 linedef_id: 215 direction: 0 offset: 71
start_vertex_id: 184 end_vertex_id: 186 angle: 0 linedef_id: 221 direction: 0 offset: 0
start_vertex_id: 186 end_vertex_id: 214 angle: 49152 linedef_id: 259 direction: 0 offset: 0
start_vertex_id: 188 end_vertex_id: 215 angle: 21798 linedef_id: 261 direction: 0 offset: 0
start_vertex_id: 215 end_vertex_id: 184 angle: 16384 linedef_id: 262 direction: 0 offset: 0
start_vertex_id: 184 end_vertex_id: 183 angle: 16384 linedef_id: 212 direction: 0 offset: 0
start_vertex_id: 185 end_vertex_id: 186 angle: 49152 linedef_id: 214 direction: 0 offset: 0
start_vertex_id: 183 end_vertex_id: 185 angle: 0 linedef_id: 220 direction: 0 offset: 0
start_vertex_id: 186 end_vertex_id: 184 angle: 32768 linedef_id: 221 direction: 1 offset: 0
start_vertex_id: 183 end_vertex_id: 182 angle: 16384 linedef_id: 211 direction: 0 offset: 0
start_vertex_id: 179 end_vertex_id: 185 angle: 49152 linedef_id: 213 direction: 0 offset: 0
start_vertex_id: 182 end_vertex_id: 179 angle: 0 linedef_id: 219 direction: 0 offset: 0
start_vertex_id: 185 end_vertex_id: 183 angle: 32768 linedef_id: 220 direction: 1 offset: 0
start_vertex_id: 178 end_vertex_id: 179 angle: 49152 linedef_id: 208 direction: 0 offset: 0
start_vertex_id: 182 end_vertex_id: 180 angle: 16384 linedef_id: 210 direction: 0 offset: 0
start_vertex_id: 180 end_vertex_id: 178 angle: 0 linedef_id: 218 direction: 0 offset: 0
start_vertex_id: 179 end_vertex_id: 182 angle: 32768 linedef_id: 219 direction: 1 offset: 0
start_vertex_id: 43 end_vertex_id: 35 angle: 30603 linedef_id: 47 direction: 0 offset: 0
start_vertex_id: 35 end_vertex_id: 211 angle: 0 linedef_id: 252 direction: 1 offset: 0
start_vertex_id: 211 end_vertex_id: 130 angle: 49152 linedef_id: 253 direction: 0 offset: 0
start_vertex_id: 44 end_vertex_id: 43 angle: 28405 linedef_id: 48 direction: 0 offset: 0
start_vertex_id: 130 end_vertex_id: 44 angle: 31701 linedef_id: 161 direction: 0 offset: 0
start_vertex_id: 177 end_vertex_id: 178 angle: 49152 linedef_id: 207 direction: 0 offset: 0
start_vertex_id: 180 end_vertex_id: 181 angle: 16384 linedef_id: 209 direction: 0 offset: 0
start_vertex_id: 181 end_vertex_id: 177 angle: 0 linedef_id: 217 direction: 0 offset: 0
start_vertex_id: 178 end_vertex_id: 180 angle: 32768 linedef_id: 218 direction: 1 offset: 0
start_vertex_id: 176 end_vertex_id: 175 angle: 32768 linedef_id: 206 direction: 0 offset: 0
start_vertex_id: 174 end_vertex_id: 176 angle: 32768 linedef_id: 216 direction: 0 offset: 0
start_vertex_id: 211 end_vertex_id: 411 angle: 0 linedef_id: 251 direction: 1 offset: 0
start_vertex_id: 414 end_vertex_id: 211 angle: 16384 linedef_id: 253 direction: 1 offset: 96
start_vertex_id: 175 end_vertex_id: 130 angle: 45797 linedef_id: 205 direction: 0 offset: 0
start_vertex_id: 130 end_vertex_id: 414 angle: 16384 linedef_id: 253 direction: 1 offset: 0
start_vertex_id: 176 end_vertex_id: 174 angle: 0 linedef_id: 216 direction: 1 offset: 0
start_vertex_id: 177 end_vertex_id: 181 angle: 32768 linedef_id: 217 direction: 1 offset: 0
start_vertex_id: 174 end_vertex_id: 363 angle: 49152 linedef_id: 446 direction: 0 offset: 0
start_vertex_id: 363 end_vertex_id: 177 angle: 49152 linedef_id: 447 direction: 0 offset: 0
start_vertex_id: 181 end_vertex_id: 364 angle: 16384 linedef_id: 448 direction: 0 offset: 0
start_vertex_id: 364 end_vertex_id: 176 angle: 16384 linedef_id: 449 direction: 0 offset: 0
start_vertex_id: 415 end_vertex_id: 416 angle: 32768 linedef_id: 69 direction: 0 offset: 192
start_vertex_id: 62 end_vertex_id: 63 angle: 0 linedef_id: 74 direction: 0 offset: 0
start_vertex_id: 63 end_vertex_id: 64 angle: 0 linedef_id: 75 direction: 0 offset: 0
start_vertex_id: 64 end_vertex_id: 65 angle: 0 linedef_id: 76 direction: 0 offset: 0
start_vertex_id: 116 end_vertex_id: 113 angle: 49152 linedef_id: 144 direction: 0 offset: 0
start_vertex_id: 417 end_vertex_id: 418 angle: 0 linedef_id: 70 direction: 0 offset: 32
start_vertex_id: 70 end_vertex_id: 71 angle: 32768 linedef_id: 82 direction: 0 offset: 0
start_vertex_id: 71 end_vertex_id: 72 angle: 32768 linedef_id: 83 direction: 0 offset: 0
start_vertex_id: 72 end_vertex_id: 73 angle: 32768 linedef_id: 84 direction: 0 offset: 0
start_vertex_id: 112 end_vertex_id: 109 angle: 49152 linedef_id: 140 direction: 0 offset: 0
start_vertex_id: 65 end_vertex_id: 64 angle: 32768 linedef_id: 76 direction: 1 offset: 0
start_vertex_id: 71 end_vertex_id: 70 angle: 0 linedef_id: 82 direction: 1 offset: 0
start_vertex_id: 64 end_vertex_id: 71 angle: 16384 linedef_id: 88 direction: 0 offset: 0
start_vertex_id: 70 end_vertex_id: 65 angle: 49152 linedef_id: 89 direction: 1 offset: 0
start_vertex_id: 64 end_vertex_id: 63 angle: 32768 linedef_id: 75 direction: 1 offset: 0
start_vertex_id: 72 end_vertex_id: 71 angle: 0 linedef_id: 83 direction: 1 offset: 0
start_vertex_id: 63 end_vertex_id: 72 angle: 16384 linedef_id: 87 direction: 0 offset: 0
start_vertex_id: 71 end_vertex_id: 64 angle: 49152 linedef_id: 88 direction: 1 offset: 0
start_vertex_id: 63 end_vertex_id: 62 angle: 32768 linedef_id: 74 direction: 1 offset: 0
start_vertex_id: 73 end_vertex_id: 72 angle: 0 linedef_id: 84 direction: 1 offset: 0
start_vertex_id: 62 end_vertex_id: 73 angle: 16384 linedef_id: 86 direction: 0 offset: 0
start_vertex_id: 72 end_vertex_id: 63 angle: 49152 linedef_id: 87 direction: 1 offset: 0
start_vertex_id: 100 end_vertex_id: 101 angle: 32768 linedef_id: 125 direction: 0 offset: 0
start_vertex_id: 101 end_vertex_id: 102 angle: 24576 linedef_id: 126 direction: 0 offset: 0
start_vertex_id: 102 end_vertex_id: 419 angle: 16384 linedef_id: 127 direction: 0 offset: 0
start_vertex_id: 105 end_vertex_id: 100 angle: 63661 linedef_id: 130 direction: 1 offset: 0
start_vertex_id: 104 end_vertex_id: 99 angle: 0 linedef_id: 129 direction: 0 offset: 0
start_vertex_id: 99 end_vertex_id: 106 angle: 34644 linedef_id: 132 direction: 1 offset: 0
start_vertex_id: 84 end_vertex_id: 86 angle: 0 linedef_id: 119 direction: 0 offset: 0
start_vertex_id: 285 end_vertex_id: 286 angle: 24576 linedef_id: 355 direction: 0 offset: 0
start_vertex_id: 85 end_vertex_id: 87 angle: 32768 linedef_id: 120 direction: 0 offset: 0
start_vertex_id: 420 end_vertex_id: 421 angle: 1874 linedef_id: 132 direction: 0 offset: 390
start_vertex_id: 85 end_vertex_id: 86 angle: 49152 linedef_id: 102 direction: 0 offset: 0
start_vertex_id: 84 end_vertex_id: 87 angle: 16384 linedef_id: 103 direction: 0 offset: 0
start_vertex_id: 86 end_vertex_id: 84 angle: 32768 linedef_id: 119 direction: 1 offset: 0
start_vertex_id: 87 end_vertex_id: 85 angle: 0 linedef_id: 120 direction: 1 offset: 0
start_vertex_id: 282 end_vertex_id: 283 angle: 0 linedef_id: 352 direction: 0 offset: 0
start_vertex_id: 283 end_vertex_id: 284 angle: 8192 linedef_id: 353 direction: 0 offset: 0
start_vertex_id: 284 end_vertex_id: 285 angle: 16384 linedef_id: 354 direction: 0 offset: 0
start_vertex_id: 286 end_vertex_id: 287 angle: 32768 linedef_id: 356 direction: 0 offset: 0
start_vertex_id: 287 end_vertex_id: 288 angle: 40960 linedef_id: 357 direction: 0 offset: 0
start_vertex_id: 289 end_vertex_id: 282 angle: 57344 linedef_id: 359 direction: 0 offset: 0
start_vertex_id: 283 end_vertex_id: 282 angle: 32768 linedef_id: 352 direction: 1 offset: 0
start_vertex_id: 284 end_vertex_id: 283 angle: 40960 linedef_id: 353 direction: 1 offset: 0
start_vertex_id: 285 end_vertex_id: 284 angle: 49152 linedef_id: 354 direction: 1 offset: 0
start_vertex_id: 286 end_vertex_id: 285 angle: 57344 linedef_id: 355 direction: 1 offset: 0
start_vertex_id: 287 end_vertex_id: 286 angle: 0 linedef_id: 356 direction: 1 offset: 0
start_vertex_id: 288 end_vertex_id: 287 angle: 8192 linedef_id: 357 direction: 1 offset: 0
start_vertex_id: 289 end_vertex_id: 288 angle: 16384 linedef_id: 358 direction: 1 offset: 0
start_vertex_id: 282 end_vertex_id: 289 angle: 24576 linedef_id: 359 direction: 1 offset: 0
start_vertex_id: 82 end_vertex_id: 83 angle: 16384 linedef_id: 121 direction: 0 offset: 0
start_vertex_id: 288 end_vertex_id: 289 angle: 49152 linedef_id: 358 direction: 0 offset: 0
start_vertex_id: 92 end_vertex_id: 91 angle: 49152 linedef_id: 122 direction: 0 offset: 0
start_vertex_id: 422 end_vertex_id: 423 angle: 16384 linedef_id: 131 direction: 0 offset: 224
start_vertex_id: 82 end_vertex_id: 91 angle: 32768 linedef_id: 106 direction: 0 offset: 0
start_vertex_id: 92 end_vertex_id: 83 angle: 0 linedef_id: 107 direction: 0 offset: 0
start_vertex_id: 83 end_vertex_id: 82 angle: 49152 linedef_id: 121 direction: 1 offset: 0
start_vertex_id: 91 end_vertex_id: 92 angle: 16384 linedef_id: 122 direction: 1 offset: 0
start_vertex_id: 83 end_vertex_id: 84 angle: 4836 linedef_id: 101 direction: 0 offset: 0
start_vertex_id: 87 end_vertex_id: 93 angle: 32768 linedef_id: 108 direction: 0 offset: 0
start_vertex_id: 424 end_vertex_id: 106 angle: 16384 linedef_id: 131 direction: 0 offset: 400
start_vertex_id: 106 end_vertex_id: 420 angle: 1874 linedef_id: 132 direction: 0 offset: 0
start_vertex_id: 93 end_vertex_id: 92 angle: 49152 linedef_id: 109 direction: 0 offset: 0
start_vertex_id: 423 end_vertex_id: 424 angle: 16384 linedef_id: 131 direction: 0 offset: 352
start_vertex_id: 88 end_vertex_id: 90 angle: 0 linedef_id: 118 direction: 0 offset: 0
start_vertex_id: 425 end_vertex_id: 426 angle: 30893 linedef_id: 130 direction: 0 offset: 195
start_vertex_id: 89 end_vertex_id: 81 angle: 32768 linedef_id: 117 direction: 0 offset: 0
start_vertex_id: 88 end_vertex_id: 81 angle: 16384 linedef_id: 104 direction: 0 offset: 0
start_vertex_id: 89 end_vertex_id: 90 angle: 49152 linedef_id: 105 direction: 0 offset: 0
start_vertex_id: 81 end_vertex_id: 89 angle: 0 linedef_id: 117 direction: 1 offset: 0
start_vertex_id: 90 end_vertex_id: 88 angle: 32768 linedef_id: 118 direction: 1 offset: 0
start_vertex_id: 81 end_vertex_id: 82 angle: 27931 linedef_id: 100 direction: 0 offset: 0
start_vertex_id: 91 end_vertex_id: 94 angle: 49152 linedef_id: 110 direction: 0 offset: 0
start_vertex_id: 427 end_vertex_id: 105 angle: 30893 linedef_id: 130 direction: 0 offset: 406
start_vertex_id: 105 end_vertex_id: 422 angle: 16384 linedef_id: 131 direction: 0 offset: 0
start_vertex_id: 94 end_vertex_id: 88 angle: 0 linedef_id: 111 direction: 0 offset: 0
start_vertex_id: 426 end_vertex_id: 427 angle: 30893 linedef_id: 130 direction: 0 offset: 325
start_vertex_id: 79 end_vertex_id: 78 angle: 49152 linedef_id: 116 direction: 0 offset: 0
start_vertex_id: 76 end_vertex_id: 77 angle: 32768 linedef_id: 96 direction: 0 offset: 0
start_vertex_id: 77 end_vertex_id: 78 angle: 27353 linedef_id: 97 direction: 0 offset: 0
start_vertex_id: 79 end_vertex_id: 80 angle: 5414 linedef_id: 98 direction: 0 offset: 0
start_vertex_id: 80 end_vertex_id: 75 angle: 0 linedef_id: 99 direction: 0 offset: 0
start_vertex_id: 78 end_vertex_id: 79 angle: 16384 linedef_id: 116 direction: 1 offset: 0
start_vertex_id: 97 end_vertex_id: 85 angle: 32768 linedef_id: 114 direction: 0 offset: 0
start_vertex_id: 98 end_vertex_id: 97 angle: 41457 linedef_id: 115 direction: 0 offset: 0
start_vertex_id: 99 end_vertex_id: 98 angle: 49152 linedef_id: 123 direction: 0 offset: 0
start_vertex_id: 421 end_vertex_id: 99 angle: 1880 linedef_id: 132 direction: 0 offset: 520
start_vertex_id: 86 end_vertex_id: 107 angle: 0 linedef_id: 133 direction: 0 offset: 0
start_vertex_id: 107 end_vertex_id: 79 angle: 0 linedef_id: 134 direction: 0 offset: 0
start_vertex_id: 90 end_vertex_id: 95 angle: 0 linedef_id: 112 direction: 0 offset: 0
start_vertex_id: 95 end_vertex_id: 96 angle: 56848 linedef_id: 113 direction: 0 offset: 0
start_vertex_id: 96 end_vertex_id: 100 angle: 49152 linedef_id: 124 direction: 0 offset: 0
start_vertex_id: 100 end_vertex_id: 425 angle: 30887 linedef_id: 130 direction: 0 offset: 0
start_vertex_id: 78 end_vertex_id: 108 angle: 32768 linedef_id: 135 direction: 0 offset: 0
start_vertex_id: 108 end_vertex_id: 89 angle: 32768 linedef_id: 136 direction: 0 offset: 0
start_vertex_id: 419 end_vertex_id: 103 angle: 16384 linedef_id: 127 direction: 0 offset: 23
start_vertex_id: 103 end_vertex_id: 104 angle: 8192 linedef_id: 128 direction: 0 offset: 0
start_vertex_id: 106 end_vertex_id: 105 angle: 49152 linedef_id: 131 direction: 1 offset: 0
start_vertex_id: 416 end_vertex_id: 57 angle: 32768 linedef_id: 69 direction: 0 offset: 288
start_vertex_id: 61 end_vertex_id: 62 angle: 0 linedef_id: 73 direction: 0 offset: 0
start_vertex_id: 58 end_vertex_id: 417 angle: 0 linedef_id: 70 direction: 0 offset: 0
start_vertex_id: 73 end_vertex_id: 74 angle: 32768 linedef_id: 85 direction: 0 offset: 0
start_vertex_id: 62 end_vertex_id: 61 angle: 32768 linedef_id: 73 direction: 1 offset: 0
start_vertex_id: 74 end_vertex_id: 73 angle: 0 linedef_id: 85 direction: 1 offset: 0
start_vertex_id: 73 end_vertex_id: 62 angle: 49152 linedef_id: 86 direction: 1 offset: 0
start_vertex_id: 61 end_vertex_id: 74 angle: 16384 linedef_id: 91 direction: 0 offset: 0
start_vertex_id: 74 end_vertex_id: 75 angle: 21220 linedef_id: 92 direction: 0 offset: 0
start_vertex_id: 75 end_vertex_id: 58 angle: 8192 linedef_id: 93 direction: 0 offset: 0
start_vertex_id: 57 end_vertex_id: 76 angle: 24576 linedef_id: 94 direction: 0 offset: 0
start_vertex_id: 76 end_vertex_id: 61 angle: 11547 linedef_id: 95 direction: 0 offset: 0
start_vertex_id: 74 end_vertex_id: 61 angle: 49152 linedef_id: 91 direction: 1 offset: 0
start_vertex_id: 75 end_vertex_id: 74 angle: 53989 linedef_id: 92 direction: 1 offset: 0
start_vertex_id: 61 end_vertex_id: 76 angle: 44316 linedef_id: 95 direction: 1 offset: 0
start_vertex_id: 11 end_vertex_id: 12 angle: 16384 linedef_id: 10 direction: 0 offset: 0
start_vertex_id: 17 end_vertex_id: 14 angle: 49152 linedef_id: 16 direction: 0 offset: 0
start_vertex_id: 14 end_vertex_id: 11 angle: 32768 linedef_id: 39 direction: 0 offset: 0
start_vertex_id: 12 end_vertex_id: 17 angle: 0 linedef_id: 51 direction: 1 offset: 0
start_vertex_id: 11 end_vertex_id: 14 angle: 0 linedef_id: 39 direction: 1 offset: 0
start_vertex_id: 7 end_vertex_id: 9 angle: 32768 linedef_id: 8 direction: 0 offset: 0
start_vertex_id: 13 end_vertex_id: 10 angle: 49152 linedef_id: 12 direction: 0 offset: 0
start_vertex_id: 9 end_vertex_id: 45 angle: 16384 linedef_id: 55 direction: 0 offset: 0
start_vertex_id: 10 end_vertex_id: 11 angle: 0 linedef_id: 9 direction: 0 offset: 0
start_vertex_id: 14 end_vertex_id: 15 angle: 0 linedef_id: 13 direction: 0 offset: 0
start_vertex_id: 15 end_vertex_id: 16 angle: 16384 linedef_id: 14 direction: 0 offset: 0
start_vertex_id: 26 end_vertex_id: 15 angle: 35324 linedef_id: 40 direction: 0 offset: 0
start_vertex_id: 8 end_vertex_id: 6 angle: 32768 linedef_id: 7 direction: 0 offset: 0
start_vertex_id: 26 end_vertex_id: 8 angle: 49152 linedef_id: 25 direction: 0 offset: 0
start_vertex_id: 15 end_vertex_id: 26 angle: 2555 linedef_id: 40 direction: 1 offset: 0
start_vertex_id: 4 end_vertex_id: 3 angle: 32768 linedef_id: 3 direction: 0 offset: 0
start_vertex_id: 2 end_vertex_id: 5 angle: 32768 linedef_id: 4 direction: 0 offset: 0
start_vertex_id: 6 end_vertex_id: 4 angle: 39480 linedef_id: 5 direction: 0 offset: 0
start_vertex_id: 5 end_vertex_id: 7 angle: 26056 linedef_id: 6 direction: 0 offset: 0
start_vertex_id: 3 end_vertex_id: 2 angle: 32768 linedef_id: 49 direction: 0 offset: 0
start_vertex_id: 0 end_vertex_id: 1 angle: 32768 linedef_id: 0 direction: 0 offset: 0
start_vertex_id: 1 end_vertex_id: 2 angle: 16384 linedef_id: 1 direction: 0 offset: 0
start_vertex_id: 3 end_vertex_id: 0 angle: 49152 linedef_id: 2 direction: 0 offset: 0
start_vertex_id: 2 end_vertex_id: 3 angle: 0 linedef_id: 49 direction: 1 offset: 0
start_vertex_id: 16 end_vertex_id: 17 angle: 32768 linedef_id: 15 direction: 0 offset: 0
start_vertex_id: 24 end_vertex_id: 25 angle: 0 linedef_id: 23 direction: 0 offset: 0
start_vertex_id: 27 end_vertex_id: 26 angle: 49152 linedef_id: 26 direction: 0 offset: 0
start_vertex_id: 28 end_vertex_id: 27 angle: 49152 linedef_id: 27 direction: 0 offset: 0
start_vertex_id: 30 end_vertex_id: 28 angle: 49152 linedef_id: 29 direction: 0 offset: 0
start_vertex_id: 20 end_vertex_id: 24 angle: 0 linedef_id: 50 direction: 0 offset: 0
start_vertex_id: 17 end_vertex_id: 12 angle: 32768 linedef_id: 51 direction: 0 offset: 0
start_vertex_id: 12 end_vertex_id: 20 angle: 16384 linedef_id: 52 direction: 0 offset: 0
start_vertex_id: 12 end_vertex_id: 13 angle: 32768 linedef_id: 11 direction: 0 offset: 0
start_vertex_id: 19 end_vertex_id: 20 angle: 0 linedef_id: 18 direction: 0 offset: 0
start_vertex_id: 20 end_vertex_id: 12 angle: 49152 linedef_id: 52 direction: 1 offset: 0
start_vertex_id: 13 end_vertex_id: 19 angle: 16384 linedef_id: 53 direction: 0 offset: 0
start_vertex_id: 19 end_vertex_id: 13 angle: 49152 linedef_id: 53 direction: 1 offset: 0
start_vertex_id: 45 end_vertex_id: 46 angle: 16384 linedef_id: 57 direction: 1 offset: 0
start_vertex_id: 20 end_vertex_id: 21 angle: 16384 linedef_id: 19 direction: 0 offset: 0
start_vertex_id: 23 end_vertex_id: 24 angle: 49152 linedef_id: 22 direction: 0 offset: 0
start_vertex_id: 24 end_vertex_id: 20 angle: 32768 linedef_id: 50 direction: 1 offset: 0
start_vertex_id: 21 end_vertex_id: 23 angle: 0 linedef_id: 54 direction: 0 offset: 0
start_vertex_id: 23 end_vertex_id: 21 angle: 32768 linedef_id: 54 direction: 1 offset: 0
start_vertex_id: 22 end_vertex_id: 23 angle: 32768 linedef_id: 21 direction: 0 offset: 0
start_vertex_id: 25 end_vertex_id: 22 angle: 16384 linedef_id: 24 direction: 0 offset: 0
start_vertex_id: 22 end_vertex_id: 30 angle: 62981 linedef_id: 41 direction: 0 offset: 0
start_vertex_id: 18 end_vertex_id: 19 angle: 49152 linedef_id: 17 direction: 0 offset: 0
start_vertex_id: 46 end_vertex_id: 37 angle: 16384 linedef_id: 56 direction: 0 offset: 0
start_vertex_id: 21 end_vertex_id: 18 angle: 32768 linedef_id: 20 direction: 0 offset: 0
start_vertex_id: 29 end_vertex_id: 30 angle: 49152 linedef_id: 28 direction: 0 offset: 0
start_vertex_id: 30 end_vertex_id: 22 angle: 30212 linedef_id: 41 direction: 1 offset: 0
start_vertex_id: 38 end_vertex_id: 39 angle: 4587 linedef_id: 43 direction: 0 offset: 0
start_vertex_id: 39 end_vertex_id: 40 angle: 0 linedef_id: 44 direction: 0 offset: 0
start_vertex_id: 40 end_vertex_id: 29 angle: 0 linedef_id: 149 direction: 1 offset: 0
start_vertex_id: 37 end_vertex_id: 38 angle: 0 linedef_id: 42 direction: 0 offset: 0
start_vertex_id: 40 end_vertex_id: 117 angle: 15438 linedef_id: 145 direction: 0 offset: 0
start_vertex_id: 117 end_vertex_id: 385 angle: 4223 linedef_id: 148 direction: 0 offset: 0
start_vertex_id: 29 end_vertex_id: 40 angle: 32768 linedef_id: 149 direction: 0 offset: 0
start_vertex_id: 46 end_vertex_id: 45 angle: 49152 linedef_id: 57 direction: 0 offset: 0
start_vertex_id: 47 end_vertex_id: 48 angle: 16384 linedef_id: 58 direction: 0 offset: 0
start_vertex_id: 49 end_vertex_id: 50 angle: 16384 linedef_id: 59 direction: 0 offset: 0
start_vertex_id: 50 end_vertex_id: 51 angle: 1963 linedef_id: 60 direction: 0 offset: 0
start_vertex_id: 51 end_vertex_id: 46 angle: 0 linedef_id: 61 direction: 0 offset: 0
start_vertex_id: 45 end_vertex_id: 52 angle: 32768 linedef_id: 62 direction: 0 offset: 0
start_vertex_id: 52 end_vertex_id: 47 angle: 30804 linedef_id: 63 direction: 0 offset: 0
start_vertex_id: 54 end_vertex_id: 53 angle: 16384 linedef_id: 64 direction: 1 offset: 0
start_vertex_id: 48 end_vertex_id: 54 angle: 32768 linedef_id: 65 direction: 0 offset: 0
start_vertex_id: 53 end_vertex_id: 49 angle: 0 linedef_id: 66 direction: 0 offset: 0
start_vertex_id: 53 end_vertex_id: 54 angle: 49152 linedef_id: 64 direction: 0 offset: 0
start_vertex_id: 54 end_vertex_id: 55 angle: 49152 linedef_id: 67 direction: 0 offset: 0
start_vertex_id: 60 end_vertex_id: 53 angle: 49152 linedef_id: 71 direction: 0 offset: 0
start_vertex_id: 67 end_vertex_id: 68 angle: 16384 linedef_id: 79 direction: 0 offset: 0
start_vertex_id: 65 end_vertex_id: 66 angle: 0 linedef_id: 77 direction: 0 offset: 0
start_vertex_id: 66 end_vertex_id: 67 angle: 0 linedef_id: 78 direction: 0 offset: 0
start_vertex_id: 115 end_vertex_id: 116 angle: 32768 linedef_id: 143 direction: 0 offset: 0
start_vertex_id: 68 end_vertex_id: 69 angle: 32768 linedef_id: 80 direction: 0 offset: 0
start_vertex_id: 69 end_vertex_id: 70 angle: 32768 linedef_id: 81 direction: 0 offset: 0
start_vertex_id: 109 end_vertex_id: 110 angle: 0 linedef_id: 137 direction: 0 offset: 0
start_vertex_id: 67 end_vertex_id: 66 angle: 32768 linedef_id: 78 direction: 1 offset: 0
start_vertex_id: 68 end_vertex_id: 67 angle: 49152 linedef_id: 79 direction: 1 offset: 0
start_vertex_id: 69 end_vertex_id: 68 angle: 0 linedef_id: 80 direction: 1 offset: 0
start_vertex_id: 66 end_vertex_id: 69 angle: 16384 linedef_id: 90 direction: 0 offset: 0
start_vertex_id: 66 end_vertex_id: 65 angle: 32768 linedef_id: 77 direction: 1 offset: 0
start_vertex_id: 70 end_vertex_id: 69 angle: 0 linedef_id: 81 direction: 1 offset: 0
start_vertex_id: 65 end_vertex_id: 70 angle: 16384 linedef_id: 89 direction: 0 offset: 0
start_vertex_id: 69 end_vertex_id: 66 angle: 49152 linedef_id: 90 direction: 1 offset: 0
start_vertex_id: 428 end_vertex_id: 56 angle: 45410 linedef_id: 68 direction: 0 offset: 68
start_vertex_id: 56 end_vertex_id: 415 angle: 32768 linedef_id: 69 direction: 0 offset: 0
start_vertex_id: 113 end_vertex_id: 114 angle: 0 linedef_id: 141 direction: 0 offset: 0
start_vertex_id: 55 end_vertex_id: 428 angle: 45410 linedef_id: 68 direction: 0 offset: 0
start_vertex_id: 114 end_vertex_id: 115 angle: 16384 linedef_id: 142 direction: 0 offset: 0
start_vertex_id: 114 end_vertex_id: 113 angle: 32768 linedef_id: 141 direction: 1 offset: 0
start_vertex_id: 115 end_vertex_id: 114 angle: 49152 linedef_id: 142 direction: 1 offset: 0
start_vertex_id: 116 end_vertex_id: 115 angle: 0 linedef_id: 143 direction: 1 offset: 0
start_vertex_id: 113 end_vertex_id: 116 angle: 16384 linedef_id: 144 direction: 1 offset: 0
start_vertex_id: 429 end_vertex_id: 59 angle: 0 linedef_id: 70 direction: 0 offset: 192
start_vertex_id: 59 end_vertex_id: 60 angle: 52895 linedef_id: 72 direction: 0 offset: 0
start_vertex_id: 110 end_vertex_id: 111 angle: 16384 linedef_id: 138 direction: 0 offset: 0
start_vertex_id: 418 end_vertex_id: 429 angle: 0 linedef_id: 70 direction: 0 offset: 128
start_vertex_id: 111 end_vertex_id: 112 angle: 32768 linedef_id: 139 direction: 0 offset: 0
start_vertex_id: 110 end_vertex_id: 109 angle: 32768 linedef_id: 137 direction: 1 offset: 0
start_vertex_id: 111 end_vertex_id: 110 angle: 49152 linedef_id: 138 direction: 1 offset: 0
start_vertex_id: 112 end_vertex_id: 111 angle: 0 linedef_id: 139 direction: 1 offset: 0
start_vertex_id: 109 end_vertex_id: 112 angle: 16384 linedef_id: 140 direction: 1 offset: 0
start_vertex_id: 410 end_vertex_id: 132 angle: 0 linedef_id: 163 direction: 0 offset: 256
start_vertex_id: 132 end_vertex_id: 220 angle: 52790 linedef_id: 271 direction: 0 offset: 0
start_vertex_id: 221 end_vertex_id: 222 angle: 0 linedef_id: 273 direction: 0 offset: 0
start_vertex_id: 222 end_vertex_id: 154 angle: 49152 linedef_id: 276 direction: 0 offset: 0
start_vertex_id: 220 end_vertex_id: 221 angle: 59525 linedef_id: 272 direction: 0 offset: 0
start_vertex_id: 153 end_vertex_id: 154 angle: 32768 linedef_id: 180 direction: 0 offset: 0
start_vertex_id: 222 end_vertex_id: 223 angle: 0 linedef_id: 274 direction: 0 offset: 0
start_vertex_id: 223 end_vertex_id: 153 angle: 49152 linedef_id: 275 direction: 1 offset: 0
start_vertex_id: 154 end_vertex_id: 222 angle: 16384 linedef_id: 276 direction: 1 offset: 0
start_vertex_id: 154 end_vertex_id: 127 angle: 49152 linedef_id: 179 direction: 0 offset: 0
start_vertex_id: 127 end_vertex_id: 210 angle: 32768 linedef_id: 250 direction: 0 offset: 0
start_vertex_id: 127 end_vertex_id: 128 angle: 36621 linedef_id: 159 direction: 0 offset: 0
start_vertex_id: 128 end_vertex_id: 129 angle: 34107 linedef_id: 160 direction: 0 offset: 0
start_vertex_id: 210 end_vertex_id: 127 angle: 0 linedef_id: 250 direction: 1 offset: 0
start_vertex_id: 129 end_vertex_id: 210 angle: 16384 linedef_id: 254 direction: 0 offset: 0
start_vertex_id: 210 end_vertex_id: 411 angle: 32768 linedef_id: 251 direction: 0 offset: 0
start_vertex_id: 129 end_vertex_id: 173 angle: 19739 linedef_id: 203 direction: 0 offset: 0
start_vertex_id: 430 end_vertex_id: 210 angle: 0 linedef_id: 251 direction: 1 offset: 213
start_vertex_id: 210 end_vertex_id: 129 angle: 49152 linedef_id: 254 direction: 1 offset: 0
start_vertex_id: 173 end_vertex_id: 174 angle: 32768 linedef_id: 204 direction: 0 offset: 0
start_vertex_id: 411 end_vertex_id: 430 angle: 0 linedef_id: 251 direction: 1 offset: 192
start_vertex_id: 204 end_vertex_id: 205 angle: 53454 linedef_id: 230 direction: 0 offset: 0
start_vertex_id: 205 end_vertex_id: 212 angle: 32768 linedef_id: 255 direction: 0 offset: 0
start_vertex_id: 431 end_vertex_id: 213 angle: 6437 linedef_id: 257 direction: 0 offset: 83
start_vertex_id: 213 end_vertex_id: 204 angle: 0 linedef_id: 258 direction: 0 offset: 0
start_vertex_id: 212 end_vertex_id: 432 angle: 38237 linedef_id: 256 direction: 0 offset: 0
start_vertex_id: 190 end_vertex_id: 431 angle: 6437 linedef_id: 257 direction: 0 offset: 0
start_vertex_id: 214 end_vertex_id: 189 angle: 58825 linedef_id: 260 direction: 0 offset: 0
start_vertex_id: 202 end_vertex_id: 203 angle: 51708 linedef_id: 229 direction: 0 offset: 0
start_vertex_id: 205 end_vertex_id: 204 angle: 20685 linedef_id: 230 direction: 1 offset: 0
start_vertex_id: 204 end_vertex_id: 202 angle: 2902 linedef_id: 231 direction: 0 offset: 0
start_vertex_id: 203 end_vertex_id: 205 angle: 37605 linedef_id: 232 direction: 0 offset: 0
start_vertex_id: 200 end_vertex_id: 201 angle: 49152 linedef_id: 228 direction: 0 offset: 0
start_vertex_id: 203 end_vertex_id: 202 angle: 18939 linedef_id: 229 direction: 1 offset: 0
start_vertex_id: 202 end_vertex_id: 200 angle: 0 linedef_id: 233 direction: 0 offset: 0
start_vertex_id: 201 end_vertex_id: 203 angle: 32768 linedef_id: 242 direction: 0 offset: 0
start_vertex_id: 433 end_vertex_id: 305 angle: 0 linedef_id: 372 direction: 0 offset: 672
start_vertex_id: 305 end_vertex_id: 297 angle: 49152 linedef_id: 373 direction: 0 offset: 0
start_vertex_id: 297 end_vertex_id: 320 angle: 49152 linedef_id: 394 direction: 0 offset: 0
start_vertex_id: 320 end_vertex_id: 313 angle: 49152 linedef_id: 395 direction: 0 offset: 0
start_vertex_id: 434 end_vertex_id: 324 angle: 16384 linedef_id: 399 direction: 0 offset: 32
start_vertex_id: 394 end_vertex_id: 433 angle: 0 linedef_id: 372 direction: 0 offset: 512
start_vertex_id: 324 end_vertex_id: 395 angle: 32768 linedef_id: 400 direction: 0 offset: 0
start_vertex_id: 328 end_vertex_id: 329 angle: 0 linedef_id: 404 direction: 0 offset: 0
start_vertex_id: 332 end_vertex_id: 333 angle: 32768 linedef_id: 408 direction: 0 offset: 0
start_vertex_id: 333 end_vertex_id: 328 angle: 16384 linedef_id: 413 direction: 1 offset: 0
start_vertex_id: 329 end_vertex_id: 332 angle: 49152 linedef_id: 414 direction: 0 offset: 0
start_vertex_id: 329 end_vertex_id: 330 angle: 0 linedef_id: 405 direction: 0 offset: 0
start_vertex_id: 330 end_vertex_id: 331 angle: 49152 linedef_id: 406 direction: 0 offset: 0
start_vertex_id: 331 end_vertex_id: 332 angle: 32768 linedef_id: 407 direction: 0 offset: 0
start_vertex_id: 332 end_vertex_id: 329 angle: 16384 linedef_id: 414 direction: 1 offset: 0
start_vertex_id: 310 end_vertex_id: 311 angle: 49152 linedef_id: 380 direction: 0 offset: 0
start_vertex_id: 313 end_vertex_id: 310 angle: 49152 linedef_id: 385 direction: 0 offset: 0
start_vertex_id: 311 end_vertex_id: 435 angle: 32768 linedef_id: 396 direction: 0 offset: 0
start_vertex_id: 323 end_vertex_id: 434 angle: 16384 linedef_id: 399 direction: 0 offset: 0
start_vertex_id: 435 end_vertex_id: 321 angle: 32768 linedef_id: 396 direction: 0 offset: 160
start_vertex_id: 321 end_vertex_id: 298 angle: 32768 linedef_id: 397 direction: 0 offset: 0
start_vertex_id: 391 end_vertex_id: 323 angle: 0 linedef_id: 398 direction: 0 offset: 64
start_vertex_id: 409 end_vertex_id: 302 angle: 0 linedef_id: 367 direction: 0 offset: 512
start_vertex_id: 305 end_vertex_id: 394 angle: 32768 linedef_id: 372 direction: 1 offset: 0
start_vertex_id: 141 end_vertex_id: 142 angle: 32768 linedef_id: 172 direction: 0 offset: 0
start_vertex_id: 142 end_vertex_id: 144 angle: 10969 linedef_id: 427 direction: 0 offset: 0
start_vertex_id: 143 end_vertex_id: 144 angle: 0 linedef_id: 173 direction: 0 offset: 0
start_vertex_id: 142 end_vertex_id: 312 angle: 24992 linedef_id: 381 direction: 0 offset: 0
start_vertex_id: 313 end_vertex_id: 143 angle: 0 linedef_id: 382 direction: 0 offset: 0
start_vertex_id: 436 end_vertex_id: 313 angle: 16384 linedef_id: 385 direction: 1 offset: 22
start_vertex_id: 144 end_vertex_id: 142 angle: 43738 linedef_id: 427 direction: 1 offset: 0
start_vertex_id: 312 end_vertex_id: 310 angle: 32768 linedef_id: 383 direction: 0 offset: 0
start_vertex_id: 310 end_vertex_id: 436 angle: 16384 linedef_id: 385 direction: 1 offset: 0
start_vertex_id: 295 end_vertex_id: 296 angle: 49152 linedef_id: 363 direction: 0 offset: 0
start_vertex_id: 296 end_vertex_id: 297 angle: 32768 linedef_id: 364 direction: 0 offset: 0
start_vertex_id: 302 end_vertex_id: 303 angle: 0 linedef_id: 368 direction: 0 offset: 0
start_vertex_id: 303 end_vertex_id: 295 angle: 49152 linedef_id: 369 direction: 0 offset: 0
start_vertex_id: 297 end_vertex_id: 305 angle: 16384 linedef_id: 373 direction: 1 offset: 0
start_vertex_id: 152 end_vertex_id: 153 angle: 16384 linedef_id: 178 direction: 0 offset: 0
start_vertex_id: 153 end_vertex_id: 158 angle: 57798 linedef_id: 193 direction: 0 offset: 0
start_vertex_id: 158 end_vertex_id: 152 angle: 35324 linedef_id: 196 direction: 0 offset: 0
start_vertex_id: 165 end_vertex_id: 152 angle: 29412 linedef_id: 189 direction: 0 offset: 0
start_vertex_id: 152 end_vertex_id: 158 angle: 2555 linedef_id: 196 direction: 1 offset: 0
start_vertex_id: 437 end_vertex_id: 165 angle: 16384 linedef_id: 191 direction: 0 offset: 106
start_vertex_id: 158 end_vertex_id: 164 angle: 58039 linedef_id: 194 direction: 0 offset: 0
start_vertex_id: 168 end_vertex_id: 438 angle: 9617 linedef_id: 197 direction: 0 offset: 0
start_vertex_id: 163 end_vertex_id: 168 angle: 28799 linedef_id: 198 direction: 0 offset: 0
start_vertex_id: 169 end_vertex_id: 163 angle: 37977 linedef_id: 199 direction: 0 offset: 0
start_vertex_id: 172 end_vertex_id: 169 angle: 54442 linedef_id: 202 direction: 0 offset: 0
start_vertex_id: 356 end_vertex_id: 169 angle: 16384 linedef_id: 435 direction: 0 offset: 0
start_vertex_id: 439 end_vertex_id: 356 angle: 17863 linedef_id: 434 direction: 0 offset: 47
start_vertex_id: 438 end_vertex_id: 160 angle: 9605 linedef_id: 197 direction: 0 offset: 228
start_vertex_id: 171 end_vertex_id: 172 angle: 38902 linedef_id: 201 direction: 0 offset: 0
start_vertex_id: 172 end_vertex_id: 171 angle: 6133 linedef_id: 201 direction: 1 offset: 0
start_vertex_id: 169 end_vertex_id: 172 angle: 21673 linedef_id: 202 direction: 1 offset: 0
start_vertex_id: 440 end_vertex_id: 219 angle: 46375 linedef_id: 269 direction: 0 offset: 66
start_vertex_id: 219 end_vertex_id: 169 angle: 37605 linedef_id: 270 direction: 0 offset: 0
start_vertex_id: 169 end_vertex_id: 219 angle: 4836 linedef_id: 270 direction: 1 offset: 0
start_vertex_id: 219 end_vertex_id: 354 angle: 0 linedef_id: 432 direction: 0 offset: 0
start_vertex_id: 354 end_vertex_id: 441 angle: 55864 linedef_id: 433 direction: 0 offset: 0
start_vertex_id: 163 end_vertex_id: 164 angle: 34491 linedef_id: 188 direction: 0 offset: 0
start_vertex_id: 164 end_vertex_id: 442 angle: 25270 linedef_id: 194 direction: 1 offset: 0
start_vertex_id: 168 end_vertex_id: 163 angle: 61568 linedef_id: 198 direction: 1 offset: 0
start_vertex_id: 162 end_vertex_id: 159 angle: 40960 linedef_id: 186 direction: 0 offset: 0
start_vertex_id: 150 end_vertex_id: 162 angle: 64423 linedef_id: 263 direction: 0 offset: 0
start_vertex_id: 443 end_vertex_id: 223 angle: 16384 linedef_id: 275 direction: 0 offset: 64
start_vertex_id: 223 end_vertex_id: 150 angle: 16384 linedef_id: 277 direction: 0 offset: 0
start_vertex_id: 150 end_vertex_id: 444 angle: 5384 linedef_id: 195 direction: 0 offset: 0
start_vertex_id: 162 end_vertex_id: 150 angle: 31654 linedef_id: 263 direction: 1 offset: 0
start_vertex_id: 157 end_vertex_id: 158 angle: 41203 linedef_id: 183 direction: 0 offset: 0
start_vertex_id: 159 end_vertex_id: 157 angle: 61279 linedef_id: 184 direction: 0 offset: 0
start_vertex_id: 158 end_vertex_id: 153 angle: 25029 linedef_id: 193 direction: 1 offset: 0
start_vertex_id: 153 end_vertex_id: 443 angle: 16384 linedef_id: 275 direction: 0 offset: 0
start_vertex_id: 158 end_vertex_id: 157 angle: 8434 linedef_id: 183 direction: 1 offset: 0
start_vertex_id: 442 end_vertex_id: 158 angle: 25270 linedef_id: 194 direction: 1 offset: 32
start_vertex_id: 445 end_vertex_id: 168 angle: 42383 linedef_id: 197 direction: 1 offset: 106
start_vertex_id: 160 end_vertex_id: 161 angle: 28750 linedef_id: 185 direction: 0 offset: 0
start_vertex_id: 161 end_vertex_id: 156 angle: 7300 linedef_id: 187 direction: 0 offset: 0
start_vertex_id: 446 end_vertex_id: 162 angle: 8192 linedef_id: 186 direction: 1 offset: 100
start_vertex_id: 156 end_vertex_id: 161 angle: 40069 linedef_id: 187 direction: 1 offset: 0
start_vertex_id: 157 end_vertex_id: 159 angle: 28510 linedef_id: 184 direction: 1 offset: 0
start_vertex_id: 161 end_vertex_id: 160 angle: 61519 linedef_id: 185 direction: 1 offset: 0
start_vertex_id: 159 end_vertex_id: 446 angle: 8192 linedef_id: 186 direction: 1 offset: 0
start_vertex_id: 160 end_vertex_id: 445 angle: 42383 linedef_id: 197 direction: 1 offset: 0
start_vertex_id: 156 end_vertex_id: 155 angle: 1963 linedef_id: 182 direction: 0 offset: 0
start_vertex_id: 170 end_vertex_id: 171 angle: 32768 linedef_id: 200 direction: 0 offset: 0
start_vertex_id: 218 end_vertex_id: 170 angle: 51778 linedef_id: 268 direction: 0 offset: 0
start_vertex_id: 155 end_vertex_id: 218 angle: 56544 linedef_id: 464 direction: 0 offset: 0
start_vertex_id: 218 end_vertex_id: 155 angle: 23775 linedef_id: 464 direction: 1 offset: 0
start_vertex_id: 171 end_vertex_id: 170 angle: 0 linedef_id: 200 direction: 1 offset: 0
start_vertex_id: 170 end_vertex_id: 440 angle: 46375 linedef_id: 269 direction: 0 offset: 0
start_vertex_id: 149 end_vertex_id: 155 angle: 61794 linedef_id: 181 direction: 0 offset: 0
start_vertex_id: 155 end_vertex_id: 156 angle: 34732 linedef_id: 182 direction: 1 offset: 0
start_vertex_id: 148 end_vertex_id: 149 angle: 49152 linedef_id: 176 direction: 0 offset: 0
start_vertex_id: 444 end_vertex_id: 148 angle: 5384 linedef_id: 195 direction: 0 offset: 295
start_vertex_id: 155 end_vertex_id: 381 angle: 0 linedef_id: 467 direction: 0 offset: 0
start_vertex_id: 381 end_vertex_id: 447 angle: 13829 linedef_id: 468 direction: 0 offset: 0
start_vertex_id: 448 end_vertex_id: 371 angle: 19286 linedef_id: 454 direction: 0 offset: 217
start_vertex_id: 371 end_vertex_id: 372 angle: 16384 linedef_id: 455 direction: 0 offset: 0
start_vertex_id: 372 end_vertex_id: 373 angle: 9672 linedef_id: 456 direction: 0 offset: 0
start_vertex_id: 375 end_vertex_id: 449 angle: 49152 linedef_id: 458 direction: 0 offset: 0
start_vertex_id: 376 end_vertex_id: 375 angle: 40960 linedef_id: 459 direction: 0 offset: 0
start_vertex_id: 450 end_vertex_id: 376 angle: 54661 linedef_id: 461 direction: 0 offset: 305
start_vertex_id: 378 end_vertex_id: 451 angle: 54661 linedef_id: 461 direction: 0 offset: 0
start_vertex_id: 377 end_vertex_id: 379 angle: 32768 linedef_id: 462 direction: 0 offset: 0
start_vertex_id: 380 end_vertex_id: 378 angle: 0 linedef_id: 463 direction: 0 offset: 0
start_vertex_id: 447 end_vertex_id: 380 angle: 13827 linedef_id: 468 direction: 0 offset: 104
start_vertex_id: 373 end_vertex_id: 377 angle: 22433 linedef_id: 460 direction: 0 offset: 0
start_vertex_id: 451 end_vertex_id: 450 angle: 54661 linedef_id: 461 direction: 0 offset: 176
start_vertex_id: 379 end_vertex_id: 382 angle: 45797 linedef_id: 469 direction: 0 offset: 0
start_vertex_id: 382 end_vertex_id: 218 angle: 32768 linedef_id: 470 direction: 0 offset: 0
start_vertex_id: 198 end_vertex_id: 199 angle: 49152 linedef_id: 227 direction: 0 offset: 0
start_vertex_id: 201 end_vertex_id: 200 angle: 16384 linedef_id: 228 direction: 1 offset: 0
start_vertex_id: 200 end_vertex_id: 198 angle: 0 linedef_id: 234 direction: 0 offset: 0
start_vertex_id: 199 end_vertex_id: 201 angle: 32768 linedef_id: 241 direction: 0 offset: 0
start_vertex_id: 196 end_vertex_id: 197 angle: 49152 linedef_id: 226 direction: 0 offset: 0
start_vertex_id: 199 end_vertex_id: 198 angle: 16384 linedef_id: 227 direction: 1 offset: 0
start_vertex_id: 198 end_vertex_id: 196 angle: 0 linedef_id: 235 direction: 0 offset: 0
start_vertex_id: 197 end_vertex_id: 199 angle: 32768 linedef_id: 240 direction: 0 offset: 0
start_vertex_id: 194 end_vertex_id: 195 angle: 49152 linedef_id: 225 direction: 0 offset: 0
start_vertex_id: 197 end_vertex_id: 196 angle: 16384 linedef_id: 226 direction: 1 offset: 0
start_vertex_id: 196 end_vertex_id: 194 angle: 0 linedef_id: 236 direction: 0 offset: 0
start_vertex_id: 195 end_vertex_id: 197 angle: 32768 linedef_id: 239 direction: 0 offset: 0
start_vertex_id: 192 end_vertex_id: 193 angle: 49152 linedef_id: 224 direction: 0 offset: 0
start_vertex_id: 195 end_vertex_id: 194 angle: 16384 linedef_id: 225 direction: 1 offset: 0
start_vertex_id: 194 end_vertex_id: 192 angle: 0 linedef_id: 237 direction: 0 offset: 0
start_vertex_id: 193 end_vertex_id: 195 angle: 32768 linedef_id: 238 direction: 0 offset: 0
start_vertex_id: 164 end_vertex_id: 452 angle: 49152 linedef_id: 190 direction: 0 offset: 0
start_vertex_id: 167 end_vertex_id: 437 angle: 16384 linedef_id: 191 direction: 0 offset: 0
start_vertex_id: 208 end_vertex_id: 167 angle: 16384 linedef_id: 247 direction: 0 offset: 0
start_vertex_id: 453 end_vertex_id: 208 angle: 16384 linedef_id: 249 direction: 0 offset: 32
start_vertex_id: 193 end_vertex_id: 192 angle: 16384 linedef_id: 224 direction: 1 offset: 0
start_vertex_id: 192 end_vertex_id: 206 angle: 0 linedef_id: 243 direction: 0 offset: 0
start_vertex_id: 207 end_vertex_id: 193 angle: 32768 linedef_id: 244 direction: 0 offset: 0
start_vertex_id: 206 end_vertex_id: 207 angle: 49152 linedef_id: 248 direction: 0 offset: 0
start_vertex_id: 208 end_vertex_id: 207 angle: 32768 linedef_id: 245 direction: 0 offset: 0
start_vertex_id: 206 end_vertex_id: 167 angle: 0 linedef_id: 246 direction: 0 offset: 0
start_vertex_id: 167 end_vertex_id: 208 angle: 49152 linedef_id: 247 direction: 1 offset: 0
start_vertex_id: 207 end_vertex_id: 206 angle: 16384 linedef_id: 248 direction: 1 offset: 0
start_vertex_id: 348 end_vertex_id: 349 angle: 36124 linedef_id: 428 direction: 0 offset: 0
start_vertex_id: 352 end_vertex_id: 353 angle: 13028 linedef_id: 430 direction: 0 offset: 0
start_vertex_id: 349 end_vertex_id: 352 angle: 16384 linedef_id: 431 direction: 0 offset: 0
start_vertex_id: 441 end_vertex_id: 355 angle: 55864 linedef_id: 433 direction: 0 offset: 68
start_vertex_id: 355 end_vertex_id: 365 angle: 49152 linedef_id: 450 direction: 0 offset: 0
start_vertex_id: 365 end_vertex_id: 348 angle: 49152 linedef_id: 465 direction: 0 offset: 0
start_vertex_id: 353 end_vertex_id: 439 angle: 17864 linedef_id: 434 direction: 0 offset: 0
start_vertex_id: 350 end_vertex_id: 351 angle: 16384 linedef_id: 429 direction: 0 offset: 0
start_vertex_id: 352 end_vertex_id: 349 angle: 49152 linedef_id: 431 direction: 1 offset: 0
start_vertex_id: 349 end_vertex_id: 357 angle: 32768 linedef_id: 436 direction: 0 offset: 0
start_vertex_id: 357 end_vertex_id: 350 angle: 32768 linedef_id: 437 direction: 0 offset: 0
start_vertex_id: 351 end_vertex_id: 358 angle: 0 linedef_id: 438 direction: 0 offset: 0
start_vertex_id: 358 end_vertex_id: 352 angle: 0 linedef_id: 439 direction: 0 offset: 0
start_vertex_id: 348 end_vertex_id: 365 angle: 16384 linedef_id: 465 direction: 1 offset: 0
start_vertex_id: 369 end_vertex_id: 367 angle: 49152 linedef_id: 466 direction: 0 offset: 0
start_vertex_id: 365 end_vertex_id: 383 angle: 0 linedef_id: 471 direction: 0 offset: 0
start_vertex_id: 383 end_vertex_id: 369 angle: 0 linedef_id: 472 direction: 0 offset: 0
start_vertex_id: 367 end_vertex_id: 384 angle: 32768 linedef_id: 473 direction: 0 offset: 0
start_vertex_id: 384 end_vertex_id: 348 angle: 32768 linedef_id: 474 direction: 0 offset: 0
start_vertex_id: 366 end_vertex_id: 367 angle: 32768 linedef_id: 451 direction: 0 offset: 0
start_vertex_id: 367 end_vertex_id: 369 angle: 16384 linedef_id: 466 direction: 1 offset: 0
start_vertex_id: 369 end_vertex_id: 370 angle: 11547 linedef_id: 453 direction: 0 offset: 0
start_vertex_id: 370 end_vertex_id: 448 angle: 19286 linedef_id: 454 direction: 0 offset: 0
start_vertex_id: 449 end_vertex_id: 374 angle: 49152 linedef_id: 458 direction: 0 offset: 154
start_vertex_id: 368 end_vertex_id: 366 angle: 43019 linedef_id: 452 direction: 0 offset: 0
start_vertex_id: 374 end_vertex_id: 368 angle: 51708 linedef_id: 457 direction: 0 offset: 0
start_vertex_id: 141 end_vertex_id: 145 angle: 6133 linedef_id: 192 direction: 0 offset: 0
start_vertex_id: 148 end_vertex_id: 454 angle: 38158 linedef_id: 195 direction: 1 offset: 0
start_vertex_id: 147 end_vertex_id: 216 angle: 26941 linedef_id: 264 direction: 0 offset: 0
start_vertex_id: 216 end_vertex_id: 141 angle: 16384 linedef_id: 265 direction: 0 offset: 0
start_vertex_id: 145 end_vertex_id: 217 angle: 0 linedef_id: 266 direction: 0 offset: 0
start_vertex_id: 217 end_vertex_id: 148 angle: 53057 linedef_id: 267 direction: 0 offset: 0
start_vertex_id: 150 end_vertex_id: 151 angle: 16384 linedef_id: 177 direction: 0 offset: 0
start_vertex_id: 454 end_vertex_id: 150 angle: 38151 linedef_id: 195 direction: 1 offset: 101
start_vertex_id: 151 end_vertex_id: 146 angle: 0 linedef_id: 351 direction: 0 offset: 0
start_vertex_id: 146 end_vertex_id: 147 angle: 16384 linedef_id: 175 direction: 0 offset: 0
start_vertex_id: 144 end_vertex_id: 145 angle: 60700 linedef_id: 174 direction: 0 offset: 0
start_vertex_id: 145 end_vertex_id: 141 angle: 38902 linedef_id: 192 direction: 1 offset: 0
start_vertex_id: 229 end_vertex_id: 232 angle: 0 linedef_id: 308 direction: 0 offset: 0
start_vertex_id: 234 end_vertex_id: 241 angle: 32768 linedef_id: 309 direction: 0 offset: 0
start_vertex_id: 229 end_vertex_id: 230 angle: 16384 linedef_id: 281 direction: 0 offset: 0
start_vertex_id: 231 end_vertex_id: 232 angle: 49152 linedef_id: 282 direction: 0 offset: 0
start_vertex_id: 232 end_vertex_id: 229 angle: 32768 linedef_id: 308 direction: 1 offset: 0
start_vertex_id: 234 end_vertex_id: 235 angle: 49152 linedef_id: 284 direction: 0 offset: 0
start_vertex_id: 240 end_vertex_id: 241 angle: 16384 linedef_id: 289 direction: 0 offset: 0
start_vertex_id: 455 end_vertex_id: 251 angle: 32768 linedef_id: 304 direction: 0 offset: 224
start_vertex_id: 252 end_vertex_id: 456 angle: 32768 linedef_id: 305 direction: 0 offset: 0
start_vertex_id: 241 end_vertex_id: 234 angle: 0 linedef_id: 309 direction: 1 offset: 0
start_vertex_id: 251 end_vertex_id: 252 angle: 32768 linedef_id: 315 direction: 1 offset: 0
start_vertex_id: 226 end_vertex_id: 227 angle: 0 linedef_id: 279 direction: 0 offset: 0
start_vertex_id: 227 end_vertex_id: 228 angle: 58499 linedef_id: 280 direction: 0 offset: 0
start_vertex_id: 238 end_vertex_id: 239 angle: 49152 linedef_id: 287 direction: 0 offset: 0
start_vertex_id: 457 end_vertex_id: 253 angle: 32768 linedef_id: 305 direction: 0 offset: 88
start_vertex_id: 253 end_vertex_id: 226 angle: 16384 linedef_id: 311 direction: 0 offset: 0
start_vertex_id: 228 end_vertex_id: 238 angle: 49152 linedef_id: 313 direction: 1 offset: 0
start_vertex_id: 239 end_vertex_id: 240 angle: 0 linedef_id: 288 direction: 0 offset: 0
start_vertex_id: 456 end_vertex_id: 457 angle: 32768 linedef_id: 305 direction: 0 offset: 32
start_vertex_id: 242 end_vertex_id: 229 angle: 0 linedef_id: 291 direction: 0 offset: 0
start_vertex_id: 241 end_vertex_id: 245 angle: 32768 linedef_id: 296 direction: 0 offset: 0
start_vertex_id: 245 end_vertex_id: 246 angle: 16384 linedef_id: 298 direction: 0 offset: 0
start_vertex_id: 246 end_vertex_id: 247 angle: 16384 linedef_id: 299 direction: 0 offset: 0
start_vertex_id: 247 end_vertex_id: 242 angle: 16384 linedef_id: 300 direction: 0 offset: 0
start_vertex_id: 228 end_vertex_id: 242 angle: 0 linedef_id: 290 direction: 0 offset: 0
start_vertex_id: 245 end_vertex_id: 238 angle: 32768 linedef_id: 297 direction: 0 offset: 0
start_vertex_id: 246 end_vertex_id: 245 angle: 49152 linedef_id: 298 direction: 1 offset: 0
start_vertex_id: 247 end_vertex_id: 246 angle: 49152 linedef_id: 299 direction: 1 offset: 0
start_vertex_id: 242 end_vertex_id: 247 angle: 49152 linedef_id: 300 direction: 1 offset: 0
start_vertex_id: 238 end_vertex_id: 228 angle: 16384 linedef_id: 313 direction: 0 offset: 0
start_vertex_id: 224 end_vertex_id: 225 angle: 0 linedef_id: 278 direction: 0 offset: 0
start_vertex_id: 233 end_vertex_id: 224 angle: 7037 linedef_id: 283 direction: 0 offset: 0
start_vertex_id: 236 end_vertex_id: 237 angle: 16384 linedef_id: 286 direction: 0 offset: 0
start_vertex_id: 250 end_vertex_id: 458 angle: 32768 linedef_id: 304 direction: 0 offset: 0
start_vertex_id: 225 end_vertex_id: 250 angle: 49152 linedef_id: 312 direction: 0 offset: 0
start_vertex_id: 237 end_vertex_id: 233 angle: 16384 linedef_id: 314 direction: 1 offset: 0
start_vertex_id: 235 end_vertex_id: 236 angle: 0 linedef_id: 285 direction: 0 offset: 0
start_vertex_id: 458 end_vertex_id: 455 angle: 32768 linedef_id: 304 direction: 0 offset: 168
start_vertex_id: 243 end_vertex_id: 234 angle: 32768 linedef_id: 293 direction: 0 offset: 0
start_vertex_id: 232 end_vertex_id: 244 angle: 0 linedef_id: 294 direction: 0 offset: 0
start_vertex_id: 248 end_vertex_id: 243 angle: 49152 linedef_id: 301 direction: 0 offset: 0
start_vertex_id: 244 end_vertex_id: 249 angle: 49152 linedef_id: 302 direction: 0 offset: 0
start_vertex_id: 249 end_vertex_id: 248 angle: 49152 linedef_id: 303 direction: 0 offset: 0
start_vertex_id: 237 end_vertex_id: 243 angle: 32768 linedef_id: 292 direction: 0 offset: 0
start_vertex_id: 244 end_vertex_id: 233 angle: 0 linedef_id: 295 direction: 0 offset: 0
start_vertex_id: 243 end_vertex_id: 248 angle: 16384 linedef_id: 301 direction: 1 offset: 0
start_vertex_id: 249 end_vertex_id: 244 angle: 16384 linedef_id: 302 direction: 1 offset: 0
start_vertex_id: 248 end_vertex_id: 249 angle: 16384 linedef_id: 303 direction: 1 offset: 0
start_vertex_id: 233 end_vertex_id: 237 angle: 49152 linedef_id: 314 direction: 0 offset: 0
start_vertex_id: 452 end_vertex_id: 166 angle: 49152 linedef_id: 190 direction: 0 offset: 320
start_vertex_id: 209 end_vertex_id: 453 angle: 16384 linedef_id: 249 direction: 0 offset: 0
start_vertex_id: 166 end_vertex_id: 209 angle: 32768 linedef_id: 310 direction: 0 offset: 0
start_vertex_id: 209 end_vertex_id: 166 angle: 0 linedef_id: 310 direction: 1 offset: 0
start_vertex_id: 270 end_vertex_id: 209 angle: 16384 linedef_id: 334 direction: 0 offset: 0
start_vertex_id: 166 end_vertex_id: 271 angle: 49152 linedef_id: 335 direction: 0 offset: 0
start_vertex_id: 271 end_vertex_id: 270 angle: 32768 linedef_id: 340 direction: 0 offset: 0
start_vertex_id: 273 end_vertex_id: 231 angle: 52508 linedef_id: 339 direction: 0 offset: 0
start_vertex_id: 272 end_vertex_id: 273 angle: 0 linedef_id: 341 direction: 0 offset: 0
start_vertex_id: 272 end_vertex_id: 270 angle: 16384 linedef_id: 337 direction: 0 offset: 0
start_vertex_id: 271 end_vertex_id: 273 angle: 49152 linedef_id: 338 direction: 0 offset: 0
start_vertex_id: 270 end_vertex_id: 271 angle: 0 linedef_id: 340 direction: 1 offset: 0
start_vertex_id: 273 end_vertex_id: 272 angle: 32768 linedef_id: 341 direction: 1 offset: 0
start_vertex_id: 187 end_vertex_id: 189 angle: 16384 linedef_id: 222 direction: 0 offset: 0
start_vertex_id: 190 end_vertex_id: 191 angle: 49152 linedef_id: 223 direction: 0 offset: 0
start_vertex_id: 191 end_vertex_id: 359 angle: 32768 linedef_id: 440 direction: 0 offset: 0
start_vertex_id: 359 end_vertex_id: 360 angle: 32768 linedef_id: 441 direction: 0 offset: 0
start_vertex_id: 360 end_vertex_id: 187 angle: 32768 linedef_id: 442 direction: 0 offset: 0
start_vertex_id: 189 end_vertex_id: 361 angle: 0 linedef_id: 443 direction: 0 offset: 0
start_vertex_id: 361 end_vertex_id: 362 angle: 0 linedef_id: 444 direction: 0 offset: 0
start_vertex_id: 362 end_vertex_id: 190 angle: 0 linedef_id: 445 direction: 0 offset: 0
start_vertex_id: 187 end_vertex_id: 413 angle: 27931 linedef_id: 215 direction: 0 offset: 0
start_vertex_id: 189 end_vertex_id: 187 angle: 49152 linedef_id: 222 direction: 1 offset: 0
start_vertex_id: 191 end_vertex_id: 190 angle: 16384 linedef_id: 223 direction: 1 offset: 0
start_vertex_id: 432 end_vertex_id: 191 angle: 38244 linedef_id: 256 direction: 0 offset: 95
start_vertex_id: 230 end_vertex_id: 272 angle: 13028 linedef_id: 336 direction: 0 offset: 0
start_vertex_id: 459 end_vertex_id: 254 angle: 49152 linedef_id: 306 direction: 0 offset: 56
start_vertex_id: 255 end_vertex_id: 460 angle: 16384 linedef_id: 307 direction: 0 offset: 0
start_vertex_id: 254 end_vertex_id: 256 angle: 32768 linedef_id: 316 direction: 0 offset: 0
start_vertex_id: 257 end_vertex_id: 255 angle: 32768 linedef_id: 317 direction: 0 offset: 0
start_vertex_id: 276 end_vertex_id: 277 angle: 0 linedef_id: 343 direction: 0 offset: 0
start_vertex_id: 256 end_vertex_id: 257 angle: 32768 linedef_id: 346 direction: 0 offset: 0
start_vertex_id: 251 end_vertex_id: 459 angle: 49152 linedef_id: 306 direction: 0 offset: 0
start_vertex_id: 461 end_vertex_id: 251 angle: 0 linedef_id: 315 direction: 0 offset: 80
start_vertex_id: 277 end_vertex_id: 274 angle: 16384 linedef_id: 344 direction: 0 offset: 0
start_vertex_id: 462 end_vertex_id: 252 angle: 16384 linedef_id: 307 direction: 0 offset: 16
start_vertex_id: 252 end_vertex_id: 461 angle: 0 linedef_id: 315 direction: 0 offset: 0
start_vertex_id: 274 end_vertex_id: 275 angle: 32768 linedef_id: 342 direction: 0 offset: 0
start_vertex_id: 460 end_vertex_id: 462 angle: 16384 linedef_id: 307 direction: 0 offset: 8
start_vertex_id: 275 end_vertex_id: 276 angle: 49152 linedef_id: 345 direction: 0 offset: 0
start_vertex_id: 275 end_vertex_id: 274 angle: 0 linedef_id: 342 direction: 1 offset: 0
start_vertex_id: 277 end_vertex_id: 276 angle: 32768 linedef_id: 343 direction: 1 offset: 0
start_vertex_id: 274 end_vertex_id: 277 angle: 49152 linedef_id: 344 direction: 1 offset: 0
start_vertex_id: 276 end_vertex_id: 275 angle: 16384 linedef_id: 345 direction: 1 offset: 0
start_vertex_id: 258 end_vertex_id: 257 angle: 16384 linedef_id: 318 direction: 0 offset: 0
start_vertex_id: 256 end_vertex_id: 259 angle: 49152 linedef_id: 319 direction: 0 offset: 0
start_vertex_id: 259 end_vertex_id: 258 angle: 32768 linedef_id: 325 direction: 0 offset: 0
start_vertex_id: 257 end_vertex_id: 256 angle: 0 linedef_id: 346 direction: 1 offset: 0
start_vertex_id: 259 end_vertex_id: 260 angle: 49152 linedef_id: 320 direction: 0 offset: 0
start_vertex_id: 263 end_vertex_id: 258 angle: 16384 linedef_id: 323 direction: 0 offset: 0
start_vertex_id: 260 end_vertex_id: 263 angle: 32768 linedef_id: 324 direction: 1 offset: 0
start_vertex_id: 258 end_vertex_id: 259 angle: 0 linedef_id: 325 direction: 1 offset: 0
start_vertex_id: 261 end_vertex_id: 264 angle: 0 linedef_id: 326 direction: 0 offset: 0
start_vertex_id: 265 end_vertex_id: 262 angle: 0 linedef_id: 327 direction: 0 offset: 0
start_vertex_id: 264 end_vertex_id: 463 angle: 49152 linedef_id: 328 direction: 0 offset: 0
start_vertex_id: 464 end_vertex_id: 268 angle: 16384 linedef_id: 329 direction: 0 offset: 24
start_vertex_id: 268 end_vertex_id: 269 angle: 16384 linedef_id: 330 direction: 0 offset: 0
start_vertex_id: 269 end_vertex_id: 265 angle: 16384 linedef_id: 331 direction: 0 offset: 0
start_vertex_id: 262 end_vertex_id: 261 angle: 0 linedef_id: 333 direction: 0 offset: 0
start_vertex_id: 278 end_vertex_id: 279 angle: 32768 linedef_id: 347 direction: 0 offset: 0
start_vertex_id: 463 end_vertex_id: 266 angle: 49152 linedef_id: 328 direction: 0 offset: 168
start_vertex_id: 266 end_vertex_id: 465 angle: 32768 linedef_id: 332 direction: 0 offset: 0
start_vertex_id: 281 end_vertex_id: 278 angle: 16384 linedef_id: 349 direction: 0 offset: 0
start_vertex_id: 267 end_vertex_id: 466 angle: 16384 linedef_id: 329 direction: 0 offset: 0
start_vertex_id: 465 end_vertex_id: 267 angle: 32768 linedef_id: 332 direction: 0 offset: 80
start_vertex_id: 280 end_vertex_id: 281 angle: 0 linedef_id: 348 direction: 0 offset: 0
start_vertex_id: 466 end_vertex_id: 464 angle: 16384 linedef_id: 329 direction: 0 offset: 16
start_vertex_id: 279 end_vertex_id: 280 angle: 49152 linedef_id: 350 direction: 0 offset: 0
start_vertex_id: 279 end_vertex_id: 278 angle: 0 linedef_id: 347 direction: 1 offset: 0
start_vertex_id: 281 end_vertex_id: 280 angle: 32768 linedef_id: 348 direction: 1 offset: 0
start_vertex_id: 278 end_vertex_id: 281 angle: 49152 linedef_id: 349 direction: 1 offset: 0
start_vertex_id: 280 end_vertex_id: 279 angle: 16384 linedef_id: 350 direction: 1 offset: 0
start_vertex_id: 260 end_vertex_id: 261 angle: 49152 linedef_id: 321 direction: 0 offset: 0
start_vertex_id: 262 end_vertex_id: 263 angle: 16384 linedef_id: 322 direction: 0 offset: 0
start_vertex_id: 263 end_vertex_id: 260 angle: 0 linedef_id: 324 direction: 0 offset: 0
start_vertex_id: 261 end_vertex_id: 262 angle: 32768 linedef_id: 333 direction: 1 offset: 0
__render_map_wall_player:-143165506 / -143165136
__render_map_wall_player:-143165506 / -143165136
__render_map_wall_player:-143165506 / -143165136
__render_map_wall_player:-143165506 / -143165136
__render_map_wall_player:-143165506 / -143165136
__render_map_wall_player:-143165506 / -143165136
__render_map_wall_player:-143165506 / -143165136
__render_map_wall_player:-143165506 / -143165136
__render_map_wall_player:-143165506 / -143165136
__render_map_wall_player:-143165506 / -143165136
__render_map_wall_player:-143165506 / -143165136
__render_map_wall_player:-143165506 / -143165136
__render_map_wall_player:-143165506 / -143165136
__render_map_wall_player:-143165506 / -143165136
__render_map_wall_player:-143165506 / -143165136
__render_map_wall_player:-143165506 / -143165136
__render_map_wall_player:-143165506 / -143165136
__render_map_wall_player:-143165506 / -143165136
__render_map_wall_player:-143165506 / -143165136
__render_map_wall_player:-143165506 / -143165136
__render_map_wall_player:-143165506 / -143165136
__render_map_wall_player:-143165506 / -143165136
__render_map_wall_player:-143165506 / -143165136
__render_map_wall_player:-143165506 / -143165136
__render_map_wall_player:-143165506 / -143165136
__render_map_wall_player:-143165506 / -143165136
__render_map_wall_player:-143165506 / -143165136
__render_map_wall_player:-143165506 / -143165136
__render_map_wall_player:-143165506 / -143165136
__render_map_wall_player:-143165506 / -143165136
__render_map_wall_player:-143165506 / -143165136
__render_map_wall_player:-143165506 / -143165136
__render_map_wall_player:-143165506 / -143165136
__render_map_wall_player:-143165506 / -143165136
__render_map_wall_player:-143165506 / -143165136
__render_map_wall_player:-143165506 / -143165136
__render_map_wall_player:-143165506 / -143165136
__render_map_wall_player:-143165506 / -143165136
__render_map_wall_player:-143165506 / -143165136
__render_map_wall_player:-143165506 / -143165136
__render_map_wall_player:-143165506 / -143165136
__render_map_wall_player:-143165506 / -143165136
__render_map_wall_player:-143165506 / -143165136
__render_map_wall_player:-143165506 / -143165136
__render_map_wall_player:-143165506 / -143165136
__render_map_wall_player:-143165506 / -143165136
__render_map_wall_player:-143165506 / -143165136
__render_map_wall_player:-143165506 / -143165136
__render_map_wall_player:-143165506 / -143165136
__render_map_wall_player:-143165506 / -143165136
__render_map_wall_player:-143165506 / -143165136
__render_map_wall_player:-143165506 / -143165136
__render_map_wall_player:-143165506 / -143165136
__render_map_wall_player:-143165506 / -143165136
__render_map_wall_player:-143165506 / -143165136
__render_map_wall_player:-143165506 / -143165136
__render_map_wall_player:-143165506 / -143165136
__render_map_wall_player:-143165506 / -143165136
key
angle:89
__render_map_wall_player:-143165506 / -143165136
__render_map_wall_player:-143165506 / -143165136
__render_map_wall_player:-143165506 / -143165136
__render_map_wall_player:-143165506 / -143165136
__render_map_wall_player:-143165506 / -143165136
__render_map_wall_player:-143165506 / -143165136
__render_map_wall_player:-143165506 / -143165136
__render_map_wall_player:-143165506 / -143165136
__render_map_wall_player:-143165506 / -143165136
__render_map_wall_player:-143165506 / -143165136
key
__render_map_wall_player:-143165506 / -143165136
__render_map_wall_player:-143165506 / -143165136
__render_map_wall_player:-143165506 / -143165136
__render_map_wall_player:-143165506 / -143165136
__render_map_wall_player:-143165506 / -143165136
__render_map_wall_player:-143165506 / -143165136
key
angle:88
__render_map_wall_player:-143165506 / -143165136
__render_map_wall_player:-143165506 / -143165136
__render_map_wall_player:-143165506 / -143165136
__render_map_wall_player:-143165506 / -143165136
__render_map_wall_player:-143165506 / -143165136
__render_map_wall_player:-143165506 / -143165136
__render_map_wall_player:-143165506 / -143165136
__render_map_wall_player:-143165506 / -143165136
key
__render_map_wall_player:-143165506 / -143165136
__render_map_wall_player:-143165506 / -143165136
__render_map_wall_player:-143165506 / -143165136
__render_map_wall_player:-143165506 / -143165136
__render_map_wall_player:-143165506 / -143165136
key
angle:87
__render_map_wall_player:-143165506 / -143165136
__render_map_wall_player:-143165506 / -143165136
__render_map_wall_player:-143165506 / -143165136
__render_map_wall_player:-143165506 / -143165136
__render_map_wall_player:-143165506 / -143165136
__render_map_wall_player:-143165506 / -143165136
__render_map_wall_player:-143165506 / -143165136
key
__render_map_wall_player:-143165506 / -143165136
__render_map_wall_player:-143165506 / -143165136
__render_map_wall_player:-143165506 / -143165136
__render_map_wall_player:-143165506 / -143165136
__render_map_wall_player:-143165506 / -143165136
__render_map_wall_player:-143165506 / -143165136
__render_map_wall_player:-143165506 / -143165136
__render_map_wall_player:-143165506 / -143165136
__render_map_wall_player:-143165506 / -143165136
__render_map_wall_player:-143165506 / -143165136
__render_map_wall_player:-143165506 / -143165136
__render_map_wall_player:-143165506 / -143165136
__render_map_wall_player:-143165506 / -143165136
__render_map_wall_player:-143165506 / -143165136
__render_map_wall_player:-143165506 / -143165136
__render_map_wall_player:-143165506 / -143165136
__render_map_wall_player:-143165506 / -143165136
__render_map_wall_player:-143165506 / -143165136
__render_map_wall_player:-143165506 / -143165136
__render_map_wall_player:-143165506 / -143165136
__render_map_wall_player:-143165506 / -143165136
__render_map_wall_player:-143165506 / -143165136
key
angle:86
__render_map_wall_player:-143165506 / -143165136
__render_map_wall_player:-143165506 / -143165136
__render_map_wall_player:-143165506 / -143165136
__render_map_wall_player:-143165506 / -143165136
__render_map_wall_player:-143165506 / -143165136
__render_map_wall_player:-143165506 / -143165136
__render_map_wall_player:-143165506 / -143165136
__render_map_wall_player:-143165506 / -143165136
__render_map_wall_player:-143165506 / -143165136
__render_map_wall_player:-143165506 / -143165136
__render_map_wall_player:-143165506 / -143165136
key
__render_map_wall_player:-143165506 / -143165136
__render_map_wall_player:-143165506 / -143165136
__render_map_wall_player:-143165506 / -143165136
__render_map_wall_player:-143165506 / -143165136
__render_map_wall_player:-143165506 / -143165136
key
angle:85
__render_map_wall_player:-143165506 / -143165136
__render_map_wall_player:-143165506 / -143165136
__render_map_wall_player:-143165506 / -143165136
__render_map_wall_player:-143165506 / -143165136
__render_map_wall_player:-143165506 / -143165136
__render_map_wall_player:-143165506 / -143165136
__render_map_wall_player:-143165506 / -143165136
__render_map_wall_player:-143165506 / -143165136
__render_map_wall_player:-143165506 / -143165136
__render_map_wall_player:-143165506 / -143165136
__render_map_wall_player:-143165506 / -143165136
key
__render_map_wall_player:-143165506 / -143165136
__render_map_wall_player:-143165506 / -143165136
__render_map_wall_player:-143165506 / -143165136
__render_map_wall_player:-143165506 / -143165136
__render_map_wall_player:-143165506 / -143165136
__render_map_wall_player:-143165506 / -143165136
__render_map_wall_player:-143165506 / -143165136
__render_map_wall_player:-143165506 / -143165136
__render_map_wall_player:-143165506 / -143165136
__render_map_wall_player:-143165506 / -143165136
__render_map_wall_player:-143165506 / -143165136
__render_map_wall_player:-143165506 / -143165136
__render_map_wall_player:-143165506 / -143165136
__render_map_wall_player:-143165506 / -143165136
__render_map_wall_player:-143165506 / -143165136
__render_map_wall_player:-143165506 / -143165136
__render_map_wall_player:-143165506 / -143165136
__render_map_wall_player:-143165506 / -143165136
__render_map_wall_player:-143165506 / -143165136
__render_map_wall_player:-143165506 / -143165136
__render_map_wall_player:-143165506 / -143165136
__render_map_wall_player:-143165506 / -143165136
__render_map_wall_player:-143165506 / -143165136
__render_map_wall_player:-143165506 / -143165136
__render_map_wall_player:-143165506 / -143165136
__render_map_wall_player:-143165506 / -143165136
__render_map_wall_player:-143165506 / -143165136
__render_map_wall_player:-143165506 / -143165136
__render_map_wall_player:-143165506 / -143165136
__render_map_wall_player:-143165506 / -143165136
__render_map_wall_player:-143165506 / -143165136
__render_map_wall_player:-143165506 / -143165136
__render_map_wall_player:-143165506 / -143165136
__render_map_wall_player:-143165506 / -143165136
__render_map_wall_player:-143165506 / -143165136
__render_map_wall_player:-143165506 / -143165136
__render_map_wall_player:-143165506 / -143165136
__render_map_wall_player:-143165506 / -143165136
__render_map_wall_player:-143165506 / -143165136
__render_map_wall_player:-143165506 / -143165136
__render_map_wall_player:-143165506 / -143165136
__render_map_wall_player:-143165506 / -143165136
__render_map_wall_player:-143165506 / -143165136
__render_map_wall_player:-143165506 / -143165136
__render_map_wall_player:-143165506 / -143165136
__render_map_wall_player:-143165506 / -143165136
__render_map_wall_player:-143165506 / -143165136
__render_map_wall_player:-143165506 / -143165136
__render_map_wall_player:-143165506 / -143165136
__render_map_wall_player:-143165506 / -143165136
__render_map_wall_player:-143165506 / -143165136
__render_map_wall_player:-143165506 / -143165136
__render_map_wall_player:-143165506 / -143165136
__render_map_wall_player:-143165506 / -143165136
__render_map_wall_player:-143165506 / -143165136
__render_map_wall_player:-143165506 / -143165136
__render_map_wall_player:-143165506 / -143165136
__render_map_wall_player:-143165506 / -143165136
__render_map_wall_player:-143165506 / -143165136
__render_map_wall_player:-143165506 / -143165136
__render_map_wall_player:-143165506 / -143165136
__render_map_wall_player:-143165506 / -143165136
__render_map_wall_player:-143165506 / -143165136
__render_map_wall_player:-143165506 / -143165136
__render_map_wall_player:-143165506 / -143165136
__render_map_wall_player:-143165506 / -143165136
__render_map_wall_player:-143165506 / -143165136
__render_map_wall_player:-143165506 / -143165136
__render_map_wall_player:-143165506 / -143165136
__render_map_wall_player:-143165506 / -143165136
__render_map_wall_player:-143165506 / -143165136
__render_map_wall_player:-143165506 / -143165136
__render_map_wall_player:-143165506 / -143165136
__render_map_wall_player:-143165506 / -143165136
__render_map_wall_player:-143165506 / -143165136
__render_map_wall_player:-143165506 / -143165136
__render_map_wall_player:-143165506 / -143165136
__render_map_wall_player:-143165506 / -143165136
__render_map_wall_player:-143165506 / -143165136
__render_map_wall_player:-143165506 / -143165136
__render_map_wall_player:-143165506 / -143165136
__render_map_wall_player:-143165506 / -143165136
__render_map_wall_player:-143165506 / -143165136
__render_map_wall_player:-143165506 / -143165136
__render_map_wall_player:-143165506 / -143165136
__render_map_wall_player:-143165506 / -143165136
__render_map_wall_player:-143165506 / -143165136
__render_map_wall_player:-143165506 / -143165136
__render_map_wall_player:-143165506 / -143165136
__render_map_wall_player:-143165506 / -143165136
__render_map_wall_player:-143165506 / -143165136
__render_map_wall_player:-143165506 / -143165136
key
angle:85
__render_map_wall_player:-143165506 / -143165136
__render_map_wall_player:-143165506 / -143165136
__render_map_wall_player:-143165506 / -143165136
__render_map_wall_player:-143165506 / -143165136
__render_map_wall_player:-143165506 / -143165136
__render_map_wall_player:-143165506 / -143165136
__render_map_wall_player:-143165506 / -143165136
__render_map_wall_player:-143165506 / -143165136
__render_map_wall_player:-143165506 / -143165136
__render_map_wall_player:-143165506 / -143165136
key
__render_map_wall_player:-143165506 / -143165136
__render_map_wall_player:-143165506 / -143165136
__render_map_wall_player:-143165506 / -143165136
__render_map_wall_player:-143165506 / -143165136
__render_map_wall_player:-143165506 / -143165136
__render_map_wall_player:-143165506 / -143165136
__render_map_wall_player:-143165506 / -143165136
key
angle:85
__render_map_wall_player:-143165506 / -143165136
__render_map_wall_player:-143165506 / -143165136
__render_map_wall_player:-143165506 / -143165136
__render_map_wall_player:-143165506 / -143165136
__render_map_wall_player:-143165506 / -143165136
__render_map_wall_player:-143165506 / -143165136
__render_map_wall_player:-143165506 / -143165136
__render_map_wall_player:-143165506 / -143165136
__render_map_wall_player:-143165506 / -143165136
__render_map_wall_player:-143165506 / -143165136
key
__render_map_wall_player:-143165506 / -143165136
__render_map_wall_player:-143165506 / -143165136
__render_map_wall_player:-143165506 / -143165136
__render_map_wall_player:-143165506 / -143165136
__render_map_wall_player:-143165506 / -143165136
__render_map_wall_player:-143165506 / -143165136
key
angle:85
__render_map_wall_player:-143165506 / -143165136
__render_map_wall_player:-143165506 / -143165136
__render_map_wall_player:-143165506 / -143165136
__render_map_wall_player:-143165506 / -143165136
__render_map_wall_player:-143165506 / -143165136
__render_map_wall_player:-143165506 / -143165136
__render_map_wall_player:-143165506 / -143165136
__render_map_wall_player:-143165506 / -143165136
__render_map_wall_player:-143165506 / -143165136
__render_map_wall_player:-143165506 / -143165136
__render_map_wall_player:-143165506 / -143165136
__render_map_wall_player:-143165506 / -143165136
__render_map_wall_player:-143165506 / -143165136
__render_map_wall_player:-143165506 / -143165136
__render_map_wall_player:-143165506 / -143165136
__render_map_wall_player:-143165506 / -143165136
__render_map_wall_player:-143165506 / -143165136
__render_map_wall_player:-143165506 / -143165136
__render_map_wall_player:-143165506 / -143165136
__render_map_wall_player:-143165506 / -143165136
__render_map_wall_player:-143165506 / -143165136
__render_map_wall_player:-143165506 / -143165136
__render_map_wall_player:-143165506 / -143165136
__render_map_wall_player:-143165506 / -143165136
__render_map_wall_player:-143165506 / -143165136
__render_map_wall_player:-143165506 / -143165136
__render_map_wall_player:-143165506 / -143165136
__render_map_wall_player:-143165506 / -143165136
__render_map_wall_player:-143165506 / -143165136
key
angle:85
__render_map_wall_player:-143165506 / -143165136
__render_map_wall_player:-143165506 / -143165136
__render_map_wall_player:-143165506 / -143165136
__render_map_wall_player:-143165506 / -143165136
__render_map_wall_player:-143165506 / -143165136
key
angle:85
__render_map_wall_player:-143165506 / -143165136
__render_map_wall_player:-143165506 / -143165136
__render_map_wall_player:-143165506 / -143165136
__render_map_wall_player:-143165506 / -143165136
__render_map_wall_player:-143165506 / -143165136
key
angle:85
__render_map_wall_player:-143165506 / -143165136
__render_map_wall_player:-143165506 / -143165136
__render_map_wall_player:-143165506 / -143165136
__render_map_wall_player:-143165506 / -143165136
__render_map_wall_player:-143165506 / -143165136
key
angle:85
__render_map_wall_player:-143165506 / -143165136
__render_map_wall_player:-143165506 / -143165136
__render_map_wall_player:-143165506 / -143165136
__render_map_wall_player:-143165506 / -143165136
__render_map_wall_player:-143165506 / -143165136
key
angle:85
__render_map_wall_player:-143165506 / -143165136
__render_map_wall_player:-143165506 / -143165136
__render_map_wall_player:-143165506 / -143165136
__render_map_wall_player:-143165506 / -143165136
key
angle:85
__render_map_wall_player:-143165506 / -143165136
__render_map_wall_player:-143165506 / -143165136
__render_map_wall_player:-143165506 / -143165136
__render_map_wall_player:-143165506 / -143165136
__render_map_wall_player:-143165506 / -143165136
key
angle:85
__render_map_wall_player:-143165506 / -143165136
__render_map_wall_player:-143165506 / -143165136
__render_map_wall_player:-143165506 / -143165136
__render_map_wall_player:-143165506 / -143165136
__render_map_wall_player:-143165506 / -143165136
key
angle:85
__render_map_wall_player:-143165506 / -143165136
__render_map_wall_player:-143165506 / -143165136
__render_map_wall_player:-143165506 / -143165136
__render_map_wall_player:-143165506 / -143165136
__render_map_wall_player:-143165506 / -143165136
key
angle:85
__render_map_wall_player:-143165506 / -143165136
__render_map_wall_player:-143165506 / -143165136
__render_map_wall_player:-143165506 / -143165136
key
__render_map_wall_player:-143165506 / -143165136
__render_map_wall_player:-143165506 / -143165136
__render_map_wall_player:-143165506 / -143165136
__render_map_wall_player:-143165506 / -143165136
__render_map_wall_player:-143165506 / -143165136
__render_map_wall_player:-143165506 / -143165136
__render_map_wall_player:-143165506 / -143165136
__render_map_wall_player:-143165506 / -143165136
__render_map_wall_player:-143165506 / -143165136
__render_map_wall_player:-143165506 / -143165136
__render_map_wall_player:-143165506 / -143165136
key
angle:85
__render_map_wall_player:-143165506 / -143165136
__render_map_wall_player:-143165506 / -143165136
__render_map_wall_player:-143165506 / -143165136
__render_map_wall_player:-143165506 / -143165136
__render_map_wall_player:-143165506 / -143165136
__render_map_wall_player:-143165506 / -143165136
__render_map_wall_player:-143165506 / -143165136
__render_map_wall_player:-143165506 / -143165136
key
__render_map_wall_player:-143165506 / -143165136
__render_map_wall_player:-143165506 / -143165136
__render_map_wall_player:-143165506 / -143165136
__render_map_wall_player:-143165506 / -143165136
__render_map_wall_player:-143165506 / -143165136
key
angle:85
__render_map_wall_player:-143165506 / -143165136
__render_map_wall_player:-143165506 / -143165136
__render_map_wall_player:-143165506 / -143165136
__render_map_wall_player:-143165506 / -143165136
__render_map_wall_player:-143165506 / -143165136
__render_map_wall_player:-143165506 / -143165136
__render_map_wall_player:-143165506 / -143165136
key
__render_map_wall_player:-143165506 / -143165136
__render_map_wall_player:-143165506 / -143165136
__render_map_wall_player:-143165506 / -143165136
__render_map_wall_player:-143165506 / -143165136
__render_map_wall_player:-143165506 / -143165136
key
angle:85
__render_map_wall_player:-143165506 / -143165136
__render_map_wall_player:-143165506 / -143165136
__render_map_wall_player:-143165506 / -143165136
__render_map_wall_player:-143165506 / -143165136
key
__render_map_wall_player:-143165506 / -143165136
__render_map_wall_player:-143165506 / -143165136
__render_map_wall_player:-143165506 / -143165136
__render_map_wall_player:-143165506 / -143165136
__render_map_wall_player:-143165506 / -143165136
__render_map_wall_player:-143165506 / -143165136
key
angle:85
__render_map_wall_player:-143165506 / -143165136
__render_map_wall_player:-143165506 / -143165136
__render_map_wall_player:-143165506 / -143165136
__render_map_wall_player:-143165506 / -143165136
key
__render_map_wall_player:-143165506 / -143165136
__render_map_wall_player:-143165506 / -143165136
__render_map_wall_player:-143165506 / -143165136
__render_map_wall_player:-143165506 / -143165136
__render_map_wall_player:-143165506 / -143165136
key
angle:85
__render_map_wall_player:-143165506 / -143165136
__render_map_wall_player:-143165506 / -143165136
__render_map_wall_player:-143165506 / -143165136
__render_map_wall_player:-143165506 / -143165136
__render_map_wall_player:-143165506 / -143165136
key
__render_map_wall_player:-143165506 / -143165136
__render_map_wall_player:-143165506 / -143165136
__render_map_wall_player:-143165506 / -143165136
__render_map_wall_player:-143165506 / -143165136
key
angle:85
__render_map_wall_player:-143165506 / -143165136
__render_map_wall_player:-143165506 / -143165136
__render_map_wall_player:-143165506 / -143165136
__render_map_wall_player:-143165506 / -143165136
__render_map_wall_player:-143165506 / -143165136
__render_map_wall_player:-143165506 / -143165136
key
__render_map_wall_player:-143165506 / -143165136
__render_map_wall_player:-143165506 / -143165136
__render_map_wall_player:-143165506 / -143165136
__render_map_wall_player:-143165506 / -143165136
key
angle:85
__render_map_wall_player:-143165506 / -143165136
__render_map_wall_player:-143165506 / -143165136
__render_map_wall_player:-143165506 / -143165136
__render_map_wall_player:-143165506 / -143165136
__render_map_wall_player:-143165506 / -143165136
__render_map_wall_player:-143165506 / -143165136
__render_map_wall_player:-143165506 / -143165136
__render_map_wall_player:-143165506 / -143165136
__render_map_wall_player:-143165506 / -143165136
__render_map_wall_player:-143165506 / -143165136
__render_map_wall_player:-143165506 / -143165136
key
__render_map_wall_player:-143165506 / -143165136
__render_map_wall_player:-143165506 / -143165136
__render_map_wall_player:-143165506 / -143165136
__render_map_wall_player:-143165506 / -143165136
__render_map_wall_player:-143165506 / -143165136
key
angle:85
__render_map_wall_player:-143165506 / -143165136
__render_map_wall_player:-143165506 / -143165136
__render_map_wall_player:-143165506 / -143165136
__render_map_wall_player:-143165506 / -143165136
__render_map_wall_player:-143165506 / -143165136
__render_map_wall_player:-143165506 / -143165136
__render_map_wall_player:-143165506 / -143165136
__render_map_wall_player:-143165506 / -143165136
__render_map_wall_player:-143165506 / -143165136
__render_map_wall_player:-143165506 / -143165136
__render_map_wall_player:-143165506 / -143165136
__render_map_wall_player:-143165506 / -143165136
__render_map_wall_player:-143165506 / -143165136
__render_map_wall_player:-143165506 / -143165136
__render_map_wall_player:-143165506 / -143165136
__render_map_wall_player:-143165506 / -143165136
__render_map_wall_player:-143165506 / -143165136
__render_map_wall_player:-143165506 / -143165136
__render_map_wall_player:-143165506 / -143165136
__render_map_wall_player:-143165506 / -143165136
__render_map_wall_player:-143165506 / -143165136
__render_map_wall_player:-143165506 / -143165136
__render_map_wall_player:-143165506 / -143165136
key
key
__render_map_wall_player:-143165506 / -143165136
__render_map_wall_player:-143165506 / -143165136
__render_map_wall_player:-143165506 / -143165136
key
__render_map_wall_player:-143165506 / -143165136
__render_map_wall_player:-143165506 / -143165136
__render_map_wall_player:-143165506 / -143165136
__render_map_wall_player:-143165506 / -143165136
__render_map_wall_player:-143165506 / -143165136
__render_map_wall_player:-143165506 / -143165136
key
angle:85
__render_map_wall_player:-143165506 / -143165136
__render_map_wall_player:-143165506 / -143165136
__render_map_wall_player:-143165506 / -143165136
__render_map_wall_player:-143165506 / -143165136
__render_map_wall_player:-143165506 / -143165136
key
__render_map_wall_player:-143165506 / -143165136
__render_map_wall_player:-143165506 / -143165136
key
angle:84
__render_map_wall_player:-143165506 / -143165136
key
angle:84
__render_map_wall_player:-143165506 / -143165136
__render_map_wall_player:-143165506 / -143165136
key
__render_map_wall_player:-143165506 / -143165136
__render_map_wall_player:-143165506 / -143165136
__render_map_wall_player:-143165506 / -143165136
key
angle:84
__render_map_wall_player:-143165506 / -143165136
__render_map_wall_player:-143165506 / -143165136
__render_map_wall_player:-143165506 / -143165136
key
key
__render_map_wall_player:-143165506 / -143165136
__render_map_wall_player:-143165506 / -143165136
__render_map_wall_player:-143165506 / -143165136
key
angle:84
__render_map_wall_player:-143165506 / -143165136
__render_map_wall_player:-143165506 / -143165136
__render_map_wall_player:-143165506 / -143165136
key
__render_map_wall_player:-143165506 / -143165136
key
angle:83
__render_map_wall_player:-143165506 / -143165136
__render_map_wall_player:-143165506 / -143165136
__render_map_wall_player:-143165506 / -143165136
__render_map_wall_player:-143165506 / -143165136
__render_map_wall_player:-143165506 / -143165136
__render_map_wall_player:-143165506 / -143165136
__render_map_wall_player:-143165506 / -143165136
key
__render_map_wall_player:-143165506 / -143165136
key
__render_map_wall_player:-143165506 / -143165136
__render_map_wall_player:-143165506 / -143165136
key
__render_map_wall_player:-143165506 / -143165136
__render_map_wall_player:-143165506 / -143165136
key
angle:82
__render_map_wall_player:-143165506 / -143165136
__render_map_wall_player:-143165506 / -143165136
key
__render_map_wall_player:-143165506 / -143165136
__render_map_wall_player:-143165506 / -143165136
key
key
angle:82
__render_map_wall_player:-143165506 / -143165136
__render_map_wall_player:-143165506 / -143165136
__render_map_wall_player:-143165506 / -143165136
__render_map_wall_player:-143165506 / -143165136
__render_map_wall_player:-143165506 / -143165136
__render_map_wall_player:-143165506 / -143165136
key
__render_map_wall_player:-143165506 / -143165136
__render_map_wall_player:-143165506 / -143165136
__render_map_wall_player:-143165506 / -143165136
key
__render_map_wall_player:-143165506 / -143165136
__render_map_wall_player:-143165506 / -143165136
__render_map_wall_player:-143165506 / -143165136
__render_map_wall_player:-143165506 / -143165136
__render_map_wall_player:-143165506 / -143165136
key
angle:82
__render_map_wall_player:-143165506 / -143165136
__render_map_wall_player:-143165506 / -143165136
key
__render_map_wall_player:-143165506 / -143165136
__render_map_wall_player:-143165506 / -143165136
__render_map_wall_player:-143165506 / -143165136
__render_map_wall_player:-143165506 / -143165136
__render_map_wall_player:-143165506 / -143165136
__render_map_wall_player:-143165506 / -143165136
key
__render_map_wall_player:-143165506 / -143165136
__render_map_wall_player:-143165506 / -143165136
__render_map_wall_player:-143165506 / -143165136
key
__render_map_wall_player:-143165506 / -143165136
__render_map_wall_player:-143165506 / -143165136
__render_map_wall_player:-143165506 / -143165136
__render_map_wall_player:-143165506 / -143165136
__render_map_wall_player:-143165506 / -143165136
__render_map_wall_player:-143165506 / -143165136
__render_map_wall_player:-143165506 / -143165136
key
angle:81
key
__render_map_wall_player:-143165506 / -143165136
__render_map_wall_player:-143165506 / -143165136
__render_map_wall_player:-143165506 / -143165136
__render_map_wall_player:-143165506 / -143165136
__render_map_wall_player:-143165506 / -143165136
__render_map_wall_player:-143165506 / -143165136
__render_map_wall_player:-143165506 / -143165136
__render_map_wall_player:-143165506 / -143165136
__render_map_wall_player:-143165506 / -143165136
__render_map_wall_player:-143165506 / -143165136
__render_map_wall_player:-143165506 / -143165136
__render_map_wall_player:-143165506 / -143165136
key
angle:81
key
__render_map_wall_player:-143165506 / -143165136
key
__render_map_wall_player:-143165506 / -143165136
key
__render_map_wall_player:-143165506 / -143165136
__render_map_wall_player:-143165506 / -143165136
__render_map_wall_player:-143165506 / -143165136
__render_map_wall_player:-143165506 / -143165136
__render_map_wall_player:-143165506 / -143165136
__render_map_wall_player:-143165506 / -143165136
key
angle:80
__render_map_wall_player:-143165506 / -143165136
__render_map_wall_player:-143165506 / -143165136
key
__render_map_wall_player:-143165506 / -143165136
__render_map_wall_player:-143165506 / -143165136
__render_map_wall_player:-143165506 / -143165136
__render_map_wall_player:-143165506 / -143165136
__render_map_wall_player:-143165506 / -143165136
__render_map_wall_player:-143165506 / -143165136
__render_map_wall_player:-143165506 / -143165136
__render_map_wall_player:-143165506 / -143165136
__render_map_wall_player:-143165506 / -143165136
key
__render_map_wall_player:-143165506 / -143165136
key
__render_map_wall_player:-143165506 / -143165136
__render_map_wall_player:-143165506 / -143165136
__render_map_wall_player:-143165506 / -143165136
__render_map_wall_player:-143165506 / -143165136
__render_map_wall_player:-143165506 / -143165136
__render_map_wall_player:-143165506 / -143165136
key
__render_map_wall_player:-143165506 / -143165136
__render_map_wall_player:-143165506 / -143165136
key
angle:79
__render_map_wall_player:-143165506 / -143165136
__render_map_wall_player:-143165506 / -143165136
__render_map_wall_player:-143165506 / -143165136
__render_map_wall_player:-143165506 / -143165136
__render_map_wall_player:-143165506 / -143165136
__render_map_wall_player:-143165506 / -143165136
__render_map_wall_player:-143165506 / -143165136
__render_map_wall_player:-143165506 / -143165136
key
key
__render_map_wall_player:-143165506 / -143165136
__render_map_wall_player:-143165506 / -143165136
__render_map_wall_player:-143165506 / -143165136
__render_map_wall_player:-143165506 / -143165136
__render_map_wall_player:-143165506 / -143165136
__render_map_wall_player:-143165506 / -143165136
__render_map_wall_player:-143165506 / -143165136
__render_map_wall_player:-143165506 / -143165136
__render_map_wall_player:-143165506 / -143165136
__render_map_wall_player:-143165506 / -143165136
__render_map_wall_player:-143165506 / -143165136
__render_map_wall_player:-143165506 / -143165136
__render_map_wall_player:-143165506 / -143165136
__render_map_wall_player:-143165506 / -143165136
__render_map_wall_player:-143165506 / -143165136
__render_map_wall_player:-143165506 / -143165136
__render_map_wall_player:-143165506 / -143165136
__render_map_wall_player:-143165506 / -143165136
__render_map_wall_player:-143165506 / -143165136
__render_map_wall_player:-143165506 / -143165136
key
__render_map_wall_player:-143165506 / -143165136
__render_map_wall_player:-143165506 / -143165136
key
__render_map_wall_player:-143165506 / -143165136
__render_map_wall_player:-143165506 / -143165136
__render_map_wall_player:-143165506 / -143165136
__render_map_wall_player:-143165506 / -143165136
__render_map_wall_player:-143165506 / -143165136
key
__render_map_wall_player:-143165506 / -143165136
__render_map_wall_player:-143165506 / -143165136
__render_map_wall_player:-143165506 / -143165136
key
__render_map_wall_player:-143165506 / -143165136
key
__render_map_wall_player:-143165506 / -143165136
__render_map_wall_player:-143165506 / -143165136
__render_map_wall_player:-143165506 / -143165136
__render_map_wall_player:-143165506 / -143165136
key
key
__render_map_wall_player:-143165506 / -143165136
__render_map_wall_player:-143165506 / -143165136
__render_map_wall_player:-143165506 / -143165136
__render_map_wall_player:-143165506 / -143165136
key
__render_map_wall_player:-143165506 / -143165136
__render_map_wall_player:-143165506 / -143165136
__render_map_wall_player:-143165506 / -143165136
__render_map_wall_player:-143165506 / -143165136
key
__render_map_wall_player:-143165506 / -143165136
__render_map_wall_player:-143165506 / -143165136
__render_map_wall_player:-143165506 / -143165136
key
__render_map_wall_player:-143165506 / -143165136
__render_map_wall_player:-143165506 / -143165136
__render_map_wall_player:-143165506 / -143165136
key
key
__render_map_wall_player:-143165506 / -143165136
__render_map_wall_player:-143165506 / -143165136
__render_map_wall_player:-143165506 / -143165136
__render_map_wall_player:-143165506 / -143165136
__render_map_wall_player:-143165506 / -143165136
__render_map_wall_player:-143165506 / -143165136
__render_map_wall_player:-143165506 / -143165136
__render_map_wall_player:-143165506 / -143165136
key
key
__render_map_wall_player:-143165506 / -143165136
key
__render_map_wall_player:-143165506 / -143165136
__render_map_wall_player:-143165506 / -143165136
__render_map_wall_player:-143165506 / -143165136
__render_map_wall_player:-143165506 / -143165136
__render_map_wall_player:-143165506 / -143165136
__render_map_wall_player:-143165506 / -143165136
__render_map_wall_player:-143165506 / -143165136
key
__render_map_wall_player:-143165506 / -143165136
__render_map_wall_player:-143165506 / -143165136
__render_map_wall_player:-143165506 / -143165136
key
key
key
angle:79
__render_map_wall_player:-143165506 / -143165136
key
__render_map_wall_player:-143165506 / -143165136
__render_map_wall_player:-143165506 / -143165136
__render_map_wall_player:-143165506 / -143165136
__render_map_wall_player:-143165506 / -143165136
key
key
__render_map_wall_player:-143165506 / -143165136
__render_map_wall_player:-143165506 / -143165136
__render_map_wall_player:-143165506 / -143165136
__render_map_wall_player:-143165506 / -143165136
key
__render_map_wall_player:-143165506 / -143165136
key
__render_map_wall_player:-143165506 / -143165136
__render_map_wall_player:-143165506 / -143165136
__render_map_wall_player:-143165506 / -143165136
key
__render_map_wall_player:-143165506 / -143165136
key
angle:78
__render_map_wall_player:-143165506 / -143165136
__render_map_wall_player:-143165506 / -143165136
__render_map_wall_player:-143165506 / -143165136
__render_map_wall_player:-143165506 / -143165136
__render_map_wall_player:-143165506 / -143165136
__render_map_wall_player:-143165506 / -143165136
__render_map_wall_player:-143165506 / -143165136
key
__render_map_wall_player:-143165506 / -143165136
__render_map_wall_player:-143165506 / -143165136
__render_map_wall_player:-143165506 / -143165136
__render_map_wall_player:-143165506 / -143165136
key
__render_map_wall_player:-143165506 / -143165136
key
__render_map_wall_player:-143165506 / -143165136
key
__render_map_wall_player:-143165506 / -143165136
__render_map_wall_player:-143165506 / -143165136
key
key
__render_map_wall_player:-143165506 / -143165136
__render_map_wall_player:-143165506 / -143165136
__render_map_wall_player:-143165506 / -143165136
__render_map_wall_player:-143165506 / -143165136
key
angle:77
__render_map_wall_player:-143165506 / -143165136
__render_map_wall_player:-143165506 / -143165136
key
__render_map_wall_player:-143165506 / -143165136
key
__render_map_wall_player:-143165506 / -143165136
key
angle:77
__render_map_wall_player:-143165506 / -143165136
__render_map_wall_player:-143165506 / -143165136
key
__render_map_wall_player:-143165506 / -143165136
key
key
__render_map_wall_player:-143165506 / -143165136
__render_map_wall_player:-143165506 / -143165136
__render_map_wall_player:-143165506 / -143165136
__render_map_wall_player:-143165506 / -143165136
key
__render_map_wall_player:-143165506 / -143165136
__render_map_wall_player:-143165506 / -143165136
__render_map_wall_player:-143165506 / -143165136
key
angle:76
__render_map_wall_player:-143165506 / -143165136
key
key
__render_map_wall_player:-143165506 / -143165136
__render_map_wall_player:-143165506 / -143165136
key
__render_map_wall_player:-143165506 / -143165136
__render_map_wall_player:-143165506 / -143165136
key
angle:76
key
__render_map_wall_player:-143165506 / -143165136
__render_map_wall_player:-143165506 / -143165136
key
__render_map_wall_player:-143165506 / -143165136
key
__render_map_wall_player:-143165506 / -143165136
__render_map_wall_player:-143165506 / -143165136
__render_map_wall_player:-143165506 / -143165136
__render_map_wall_player:-143165506 / -143165136
__render_map_wall_player:-143165506 / -143165136
__render_map_wall_player:-143165506 / -143165136
key
angle:75
__render_map_wall_player:-143165506 / -143165136
key
__render_map_wall_player:-143165506 / -143165136
__render_map_wall_player:-143165506 / -143165136
__render_map_wall_player:-143165506 / -143165136
__render_map_wall_player:-143165506 / -143165136
key
angle:75
__render_map_wall_player:-143165506 / -143165136
__render_map_wall_player:-143165506 / -143165136
__render_map_wall_player:-143165506 / -143165136
__render_map_wall_player:-143165506 / -143165136
__render_map_wall_player:-143165506 / -143165136
__render_map_wall_player:-143165506 / -143165136
__render_map_wall_player:-143165506 / -143165136
__render_map_wall_player:-143165506 / -143165136
key
key
__render_map_wall_player:-143165506 / -143165136
__render_map_wall_player:-143165506 / -143165136
__render_map_wall_player:-143165506 / -143165136
key
__render_map_wall_player:-143165506 / -143165136
__render_map_wall_player:-143165506 / -143165136
__render_map_wall_player:-143165506 / -143165136
key
angle:75
__render_map_wall_player:-143165506 / -143165136
__render_map_wall_player:-143165506 / -143165136
__render_map_wall_player:-143165506 / -143165136
__render_map_wall_player:-143165506 / -143165136
__render_map_wall_player:-143165506 / -143165136
__render_map_wall_player:-143165506 / -143165136
__render_map_wall_player:-143165506 / -143165136
__render_map_wall_player:-143165506 / -143165136
__render_map_wall_player:-143165506 / -143165136
__render_map_wall_player:-143165506 / -143165136
__render_map_wall_player:-143165506 / -143165136
key
angle:74
__render_map_wall_player:-143165506 / -143165136
__render_map_wall_player:-143165506 / -143165136
key
__render_map_wall_player:-143165506 / -143165136
__render_map_wall_player:-143165506 / -143165136
__render_map_wall_player:-143165506 / -143165136
__render_map_wall_player:-143165506 / -143165136
__render_map_wall_player:-143165506 / -143165136
__render_map_wall_player:-143165506 / -143165136
__render_map_wall_player:-143165506 / -143165136
__render_map_wall_player:-143165506 / -143165136
key
__render_map_wall_player:-143165506 / -143165136
__render_map_wall_player:-143165506 / -143165136
__render_map_wall_player:-143165506 / -143165136
__render_map_wall_player:-143165506 / -143165136
__render_map_wall_player:-143165506 / -143165136
key
__render_map_wall_player:-143165506 / -143165136
__render_map_wall_player:-143165506 / -143165136
key
__render_map_wall_player:-143165506 / -143165136
__render_map_wall_player:-143165506 / -143165136
__render_map_wall_player:-143165506 / -143165136
__render_map_wall_player:-143165506 / -143165136
__render_map_wall_player:-143165506 / -143165136
__render_map_wall_player:-143165506 / -143165136
__render_map_wall_player:-143165506 / -143165136
__render_map_wall_player:-143165506 / -143165136
key
__render_map_wall_player:-143165506 / -143165136
__render_map_wall_player:-143165506 / -143165136
__render_map_wall_player:-143165506 / -143165136
__render_map_wall_player:-143165506 / -143165136
__render_map_wall_player:-143165506 / -143165136
__render_map_wall_player:-143165506 / -143165136
__render_map_wall_player:-143165506 / -143165136
__render_map_wall_player:-143165506 / -143165136
__render_map_wall_player:-143165506 / -143165136
key
__render_map_wall_player:-143165506 / -143165136
__render_map_wall_player:-143165506 / -143165136
__render_map_wall_player:-143165506 / -143165136
__render_map_wall_player:-143165506 / -143165136
__render_map_wall_player:-143165506 / -143165136
__render_map_wall_player:-143165506 / -143165136
__render_map_wall_player:-143165506 / -143165136
__render_map_wall_player:-143165506 / -143165136
key
key
angle:73
__render_map_wall_player:-143165506 / -143165136
__render_map_wall_player:-143165506 / -143165136
__render_map_wall_player:-143165506 / -143165136
__render_map_wall_player:-143165506 / -143165136
__render_map_wall_player:-143165506 / -143165136
__render_map_wall_player:-143165506 / -143165136
__render_map_wall_player:-143165506 / -143165136
__render_map_wall_player:-143165506 / -143165136
key
__render_map_wall_player:-143165506 / -143165136
__render_map_wall_player:-143165506 / -143165136
__render_map_wall_player:-143165506 / -143165136
key
__render_map_wall_player:-143165506 / -143165136
__render_map_wall_player:-143165506 / -143165136
__render_map_wall_player:-143165506 / -143165136
__render_map_wall_player:-143165506 / -143165136
__render_map_wall_player:-143165506 / -143165136
__render_map_wall_player:-143165506 / -143165136
__render_map_wall_player:-143165506 / -143165136
key
__render_map_wall_player:-143165506 / -143165136
__render_map_wall_player:-143165506 / -143165136
__render_map_wall_player:-143165506 / -143165136
__render_map_wall_player:-143165506 / -143165136
__render_map_wall_player:-143165506 / -143165136
__render_map_wall_player:-143165506 / -143165136
__render_map_wall_player:-143165506 / -143165136
__render_map_wall_player:-143165506 / -143165136
__render_map_wall_player:-143165506 / -143165136
key
__render_map_wall_player:-143165506 / -143165136
__render_map_wall_player:-143165506 / -143165136
__render_map_wall_player:-143165506 / -143165136
__render_map_wall_player:-143165506 / -143165136
__render_map_wall_player:-143165506 / -143165136
__render_map_wall_player:-143165506 / -143165136
__render_map_wall_player:-143165506 / -143165136
key
angle:72
__render_map_wall_player:-143165506 / -143165136
__render_map_wall_player:-143165506 / -143165136
__render_map_wall_player:-143165506 / -143165136
__render_map_wall_player:-143165506 / -143165136
key
__render_map_wall_player:-143165506 / -143165136
__render_map_wall_player:-143165506 / -143165136
__render_map_wall_player:-143165506 / -143165136
__render_map_wall_player:-143165506 / -143165136
__render_map_wall_player:-143165506 / -143165136
__render_map_wall_player:-143165506 / -143165136
__render_map_wall_player:-143165506 / -143165136
__render_map_wall_player:-143165506 / -143165136
__render_map_wall_player:-143165506 / -143165136
__render_map_wall_player:-143165506 / -143165136
__render_map_wall_player:-143165506 / -143165136
__render_map_wall_player:-143165506 / -143165136
__render_map_wall_player:-143165506 / -143165136
__render_map_wall_player:-143165506 / -143165136
__render_map_wall_player:-143165506 / -143165136
__render_map_wall_player:-143165506 / -143165136
__render_map_wall_player:-143165506 / -143165136
__render_map_wall_player:-143165506 / -143165136
__render_map_wall_player:-143165506 / -143165136
__render_map_wall_player:-143165506 / -143165136
__render_map_wall_player:-143165506 / -143165136
__render_map_wall_player:-143165506 / -143165136
__render_map_wall_player:-143165506 / -143165136
__render_map_wall_player:-143165506 / -143165136
__render_map_wall_player:-143165506 / -143165136
__render_map_wall_player:-143165506 / -143165136
__render_map_wall_player:-143165506 / -143165136
__render_map_wall_player:-143165506 / -143165136
__render_map_wall_player:-143165506 / -143165136
__render_map_wall_player:-143165506 / -143165136
__render_map_wall_player:-143165506 / -143165136
__render_map_wall_player:-143165506 / -143165136
__render_map_wall_player:-143165506 / -143165136
__render_map_wall_player:-143165506 / -143165136
__render_map_wall_player:-143165506 / -143165136
__render_map_wall_player:-143165506 / -143165136
__render_map_wall_player:-143165506 / -143165136
__render_map_wall_player:-143165506 / -143165136
__render_map_wall_player:-143165506 / -143165136
__render_map_wall_player:-143165506 / -143165136
__render_map_wall_player:-143165506 / -143165136
__render_map_wall_player:-143165506 / -143165136
__render_map_wall_player:-143165506 / -143165136
__render_map_wall_player:-143165506 / -143165136
__render_map_wall_player:-143165506 / -143165136
__render_map_wall_player:-143165506 / -143165136
__render_map_wall_player:-143165506 / -143165136
__render_map_wall_player:-143165506 / -143165136
__render_map_wall_player:-143165506 / -143165136
__render_map_wall_player:-143165506 / -143165136
__render_map_wall_player:-143165506 / -143165136
__render_map_wall_player:-143165506 / -143165136
__render_map_wall_player:-143165506 / -143165136
__render_map_wall_player:-143165506 / -143165136
__render_map_wall_player:-143165506 / -143165136
__render_map_wall_player:-143165506 / -143165136
__render_map_wall_player:-143165506 / -143165136
__render_map_wall_player:-143165506 / -143165136
__render_map_wall_player:-143165506 / -143165136
__render_map_wall_player:-143165506 / -143165136
__render_map_wall_player:-143165506 / -143165136
__render_map_wall_player:-143165506 / -143165136
__render_map_wall_player:-143165506 / -143165136
__render_map_wall_player:-143165506 / -143165136
__render_map_wall_player:-143165506 / -143165136
__render_map_wall_player:-143165506 / -143165136
__render_map_wall_player:-143165506 / -143165136
__render_map_wall_player:-143165506 / -143165136
__render_map_wall_player:-143165506 / -143165136
__render_map_wall_player:-143165506 / -143165136
__render_map_wall_player:-143165506 / -143165136
__render_map_wall_player:-143165506 / -143165136
__render_map_wall_player:-143165506 / -143165136
__render_map_wall_player:-143165506 / -143165136
__render_map_wall_player:-143165506 / -143165136
__render_map_wall_player:-143165506 / -143165136
__render_map_wall_player:-143165506 / -143165136
__render_map_wall_player:-143165506 / -143165136
__render_map_wall_player:-143165506 / -143165136
__render_map_wall_player:-143165506 / -143165136
__render_map_wall_player:-143165506 / -143165136
__render_map_wall_player:-143165506 / -143165136
__render_map_wall_player:-143165506 / -143165136
__render_map_wall_player:-143165506 / -143165136
__render_map_wall_player:-143165506 / -143165136
__render_map_wall_player:-143165506 / -143165136
__render_map_wall_player:-143165506 / -143165136
__render_map_wall_player:-143165506 / -143165136
__render_map_wall_player:-143165506 / -143165136
__render_map_wall_player:-143165506 / -143165136
__render_map_wall_player:-143165506 / -143165136
__render_map_wall_player:-143165506 / -143165136
__render_map_wall_player:-143165506 / -143165136
__render_map_wall_player:-143165506 / -143165136
__render_map_wall_player:-143165506 / -143165136
__render_map_wall_player:-143165506 / -143165136
__render_map_wall_player:-143165506 / -143165136
__render_map_wall_player:-143165506 / -143165136
__render_map_wall_player:-143165506 / -143165136
__render_map_wall_player:-143165506 / -143165136
__render_map_wall_player:-143165506 / -143165136
__render_map_wall_player:-143165506 / -143165136
__render_map_wall_player:-143165506 / -143165136
__render_map_wall_player:-143165506 / -143165136
__render_map_wall_player:-143165506 / -143165136
__render_map_wall_player:-143165506 / -143165136
__render_map_wall_player:-143165506 / -143165136
__render_map_wall_player:-143165506 / -143165136
__render_map_wall_player:-143165506 / -143165136
__render_map_wall_player:-143165506 / -143165136
__render_map_wall_player:-143165506 / -143165136
__render_map_wall_player:-143165506 / -143165136
__render_map_wall_player:-143165506 / -143165136
__render_map_wall_player:-143165506 / -143165136
__render_map_wall_player:-143165506 / -143165136
__render_map_wall_player:-143165506 / -143165136
__render_map_wall_player:-143165506 / -143165136
__render_map_wall_player:-143165506 / -143165136
__render_map_wall_player:-143165506 / -143165136
__render_map_wall_player:-143165506 / -143165136
__render_map_wall_player:-143165506 / -143165136
__render_map_wall_player:-143165506 / -143165136
__render_map_wall_player:-143165506 / -143165136
__render_map_wall_player:-143165506 / -143165136
__render_map_wall_player:-143165506 / -143165136
__render_map_wall_player:-143165506 / -143165136
__render_map_wall_player:-143165506 / -143165136
__render_map_wall_player:-143165506 / -143165136
__render_map_wall_player:-143165506 / -143165136
__render_map_wall_player:-143165506 / -143165136
__render_map_wall_player:-143165506 / -143165136
__render_map_wall_player:-143165506 / -143165136
__render_map_wall_player:-143165506 / -143165136
__render_map_wall_player:-143165506 / -143165136
__render_map_wall_player:-143165506 / -143165136
__render_map_wall_player:-143165506 / -143165136
__render_map_wall_player:-143165506 / -143165136
__render_map_wall_player:-143165506 / -143165136
__render_map_wall_player:-143165506 / -143165136
__render_map_wall_player:-143165506 / -143165136
__render_map_wall_player:-143165506 / -143165136
__render_map_wall_player:-143165506 / -143165136
__render_map_wall_player:-143165506 / -143165136
__render_map_wall_player:-143165506 / -143165136
__render_map_wall_player:-143165506 / -143165136
__render_map_wall_player:-143165506 / -143165136
__render_map_wall_player:-143165506 / -143165136
__render_map_wall_player:-143165506 / -143165136
__render_map_wall_player:-143165506 / -143165136
key
angle:71
__render_map_wall_player:-143165506 / -143165136
__render_map_wall_player:-143165506 / -143165136
__render_map_wall_player:-143165506 / -143165136
__render_map_wall_player:-143165506 / -143165136
key
__render_map_wall_player:-143165506 / -143165136
__render_map_wall_player:-143165506 / -143165136
__render_map_wall_player:-143165506 / -143165136
__render_map_wall_player:-143165506 / -143165136
__render_map_wall_player:-143165506 / -143165136
__render_map_wall_player:-143165506 / -143165136
__render_map_wall_player:-143165506 / -143165136
__render_map_wall_player:-143165506 / -143165136
key
angle:70
__render_map_wall_player:-143165506 / -143165136
__render_map_wall_player:-143165506 / -143165136
__render_map_wall_player:-143165506 / -143165136
__render_map_wall_player:-143165506 / -143165136
__render_map_wall_player:-143165506 / -143165136
__render_map_wall_player:-143165506 / -143165136
__render_map_wall_player:-143165506 / -143165136
__render_map_wall_player:-143165506 / -143165136
__render_map_wall_player:-143165506 / -143165136
__render_map_wall_player:-143165506 / -143165136
__render_map_wall_player:-143165506 / -143165136
__render_map_wall_player:-143165506 / -143165136
__render_map_wall_player:-143165506 / -143165136
__render_map_wall_player:-143165506 / -143165136
__render_map_wall_player:-143165506 / -143165136
__render_map_wall_player:-143165506 / -143165136
__render_map_wall_player:-143165506 / -143165136
__render_map_wall_player:-143165506 / -143165136
__render_map_wall_player:-143165506 / -143165136
__render_map_wall_player:-143165506 / -143165136
__render_map_wall_player:-143165506 / -143165136
__render_map_wall_player:-143165506 / -143165136
__render_map_wall_player:-143165506 / -143165136
__render_map_wall_player:-143165506 / -143165136
__render_map_wall_player:-143165506 / -143165136
__render_map_wall_player:-143165506 / -143165136
__render_map_wall_player:-143165506 / -143165136
__render_map_wall_player:-143165506 / -143165136
__render_map_wall_player:-143165506 / -143165136
key
angle:69
__render_map_wall_player:-143165506 / -143165136
__render_map_wall_player:-143165506 / -143165136
__render_map_wall_player:-143165506 / -143165136
__render_map_wall_player:-143165506 / -143165136
__render_map_wall_player:-143165506 / -143165136
key
angle:68
__render_map_wall_player:-143165506 / -143165136
__render_map_wall_player:-143165506 / -143165136
__render_map_wall_player:-143165506 / -143165136
__render_map_wall_player:-143165506 / -143165136
__render_map_wall_player:-143165506 / -143165136
key
angle:67
__render_map_wall_player:-143165506 / -143165136
__render_map_wall_player:-143165506 / -143165136
__render_map_wall_player:-143165506 / -143165136
__render_map_wall_player:-143165506 / -143165136
__render_map_wall_player:-143165506 / -143165136
key
angle:66
__render_map_wall_player:-143165506 / -143165136
__render_map_wall_player:-143165506 / -143165136
__render_map_wall_player:-143165506 / -143165136
__render_map_wall_player:-143165506 / -143165136
__render_map_wall_player:-143165506 / -143165136
key
angle:65
__render_map_wall_player:-143165506 / -143165136
__render_map_wall_player:-143165506 / -143165136
__render_map_wall_player:-143165506 / -143165136
__render_map_wall_player:-143165506 / -143165136
__render_map_wall_player:-143165506 / -143165136
key
angle:64
__render_map_wall_player:-143165506 / -143165136
__render_map_wall_player:-143165506 / -143165136
__render_map_wall_player:-143165506 / -143165136
__render_map_wall_player:-143165506 / -143165136
key
angle:63
__render_map_wall_player:-143165506 / -143165136
__render_map_wall_player:-143165506 / -143165136
__render_map_wall_player:-143165506 / -143165136
__render_map_wall_player:-143165506 / -143165136
__render_map_wall_player:-143165506 / -143165136
key
angle:62
__render_map_wall_player:-143165506 / -143165136
__render_map_wall_player:-143165506 / -143165136
__render_map_wall_player:-143165506 / -143165136
__render_map_wall_player:-143165506 / -143165136
__render_map_wall_player:-143165506 / -143165136
key
angle:61
__render_map_wall_player:-143165506 / -143165136
__render_map_wall_player:-143165506 / -143165136
key
__render_map_wall_player:-143165506 / -143165136
__render_map_wall_player:-143165506 / -143165136
__render_map_wall_player:-143165506 / -143165136
__render_map_wall_player:-143165506 / -143165136
__render_map_wall_player:-143165506 / -143165136
__render_map_wall_player:-143165506 / -143165136
__render_map_wall_player:-143165506 / -143165136
__render_map_wall_player:-143165506 / -143165136
__render_map_wall_player:-143165506 / -143165136
__render_map_wall_player:-143165506 / -143165136
__render_map_wall_player:-143165506 / -143165136
__render_map_wall_player:-143165506 / -143165136
__render_map_wall_player:-143165506 / -143165136
__render_map_wall_player:-143165506 / -143165136
__render_map_wall_player:-143165506 / -143165136
__render_map_wall_player:-143165506 / -143165136
__render_map_wall_player:-143165506 / -143165136
__render_map_wall_player:-143165506 / -143165136
__render_map_wall_player:-143165506 / -143165136
__render_map_wall_player:-143165506 / -143165136
__render_map_wall_player:-143165506 / -143165136
__render_map_wall_player:-143165506 / -143165136
__render_map_wall_player:-143165506 / -143165136
__render_map_wall_player:-143165506 / -143165136
__render_map_wall_player:-143165506 / -143165136
__render_map_wall_player:-143165506 / -143165136
__render_map_wall_player:-143165506 / -143165136
__render_map_wall_player:-143165506 / -143165136
__render_map_wall_player:-143165506 / -143165136
__render_map_wall_player:-143165506 / -143165136
__render_map_wall_player:-143165506 / -143165136
__render_map_wall_player:-143165506 / -143165136
__render_map_wall_player:-143165506 / -143165136
__render_map_wall_player:-143165506 / -143165136
__render_map_wall_player:-143165506 / -143165136
__render_map_wall_player:-143165506 / -143165136
__render_map_wall_player:-143165506 / -143165136
__render_map_wall_player:-143165506 / -143165136
__render_map_wall_player:-143165506 / -143165136
__render_map_wall_player:-143165506 / -143165136
__render_map_wall_player:-143165506 / -143165136
__render_map_wall_player:-143165506 / -143165136
__render_map_wall_player:-143165506 / -143165136
key
angle:60
__render_map_wall_player:-143165506 / -143165136
__render_map_wall_player:-143165506 / -143165136
__render_map_wall_player:-143165506 / -143165136
__render_map_wall_player:-143165506 / -143165136
__render_map_wall_player:-143165506 / -143165136
__render_map_wall_player:-143165506 / -143165136
__render_map_wall_player:-143165506 / -143165136
__render_map_wall_player:-143165506 / -143165136
__render_map_wall_player:-143165506 / -143165136
__render_map_wall_player:-143165506 / -143165136
__render_map_wall_player:-143165506 / -143165136
__render_map_wall_player:-143165506 / -143165136
__render_map_wall_player:-143165506 / -143165136
__render_map_wall_player:-143165506 / -143165136
__render_map_wall_player:-143165506 / -143165136
__render_map_wall_player:-143165506 / -143165136
__render_map_wall_player:-143165506 / -143165136
__render_map_wall_player:-143165506 / -143165136
__render_map_wall_player:-143165506 / -143165136
__render_map_wall_player:-143165506 / -143165136
__render_map_wall_player:-143165506 / -143165136
__render_map_wall_player:-143165506 / -143165136
__render_map_wall_player:-143165506 / -143165136
__render_map_wall_player:-143165506 / -143165136
__render_map_wall_player:-143165506 / -143165136
__render_map_wall_player:-143165506 / -143165136
__render_map_wall_player:-143165506 / -143165136
__render_map_wall_player:-143165506 / -143165136
__render_map_wall_player:-143165506 / -143165136
key
angle:59
__render_map_wall_player:-143165506 / -143165136
__render_map_wall_player:-143165506 / -143165136
__render_map_wall_player:-143165506 / -143165136
__render_map_wall_player:-143165506 / -143165136
key
angle:58
__render_map_wall_player:-143165506 / -143165136
__render_map_wall_player:-143165506 / -143165136
__render_map_wall_player:-143165506 / -143165136
__render_map_wall_player:-143165506 / -143165136
__render_map_wall_player:-143165506 / -143165136
key
angle:57
__render_map_wall_player:-143165506 / -143165136
__render_map_wall_player:-143165506 / -143165136
__render_map_wall_player:-143165506 / -143165136
__render_map_wall_player:-143165506 / -143165136
__render_map_wall_player:-143165506 / -143165136
key
angle:56
__render_map_wall_player:-143165506 / -143165136
__render_map_wall_player:-143165506 / -143165136
__render_map_wall_player:-143165506 / -143165136
__render_map_wall_player:-143165506 / -143165136
__render_map_wall_player:-143165506 / -143165136
key
angle:55
__render_map_wall_player:-143165506 / -143165136
__render_map_wall_player:-143165506 / -143165136
__render_map_wall_player:-143165506 / -143165136
__render_map_wall_player:-143165506 / -143165136
__render_map_wall_player:-143165506 / -143165136
key
angle:54
__render_map_wall_player:-143165506 / -143165136
__render_map_wall_player:-143165506 / -143165136
__render_map_wall_player:-143165506 / -143165136
__render_map_wall_player:-143165506 / -143165136
__render_map_wall_player:-143165506 / -143165136
key
angle:53
__render_map_wall_player:-143165506 / -143165136
__render_map_wall_player:-143165506 / -143165136
__render_map_wall_player:-143165506 / -143165136
__render_map_wall_player:-143165506 / -143165136
key
angle:52
__render_map_wall_player:-143165506 / -143165136
__render_map_wall_player:-143165506 / -143165136
__render_map_wall_player:-143165506 / -143165136
__render_map_wall_player:-143165506 / -143165136
__render_map_wall_player:-143165506 / -143165136
key
angle:51
__render_map_wall_player:-143165506 / -143165136
__render_map_wall_player:-143165506 / -143165136
__render_map_wall_player:-143165506 / -143165136
__render_map_wall_player:-143165506 / -143165136
__render_map_wall_player:-143165506 / -143165136
key
angle:50
__render_map_wall_player:-143165506 / -143165136
__render_map_wall_player:-143165506 / -143165136
__render_map_wall_player:-143165506 / -143165136
__render_map_wall_player:-143165506 / -143165136
key
__render_map_wall_player:-143165506 / -143165136
__render_map_wall_player:-143165506 / -143165136
__render_map_wall_player:-143165506 / -143165136
__render_map_wall_player:-143165506 / -143165136
__render_map_wall_player:-143165506 / -143165136
__render_map_wall_player:-143165506 / -143165136
__render_map_wall_player:-143165506 / -143165136
__render_map_wall_player:-143165506 / -143165136
__render_map_wall_player:-143165506 / -143165136
__render_map_wall_player:-143165506 / -143165136
__render_map_wall_player:-143165506 / -143165136
__render_map_wall_player:-143165506 / -143165136
__render_map_wall_player:-143165506 / -143165136
__render_map_wall_player:-143165506 / -143165136
__render_map_wall_player:-143165506 / -143165136
__render_map_wall_player:-143165506 / -143165136
__render_map_wall_player:-143165506 / -143165136
__render_map_wall_player:-143165506 / -143165136
__render_map_wall_player:-143165506 / -143165136
__render_map_wall_player:-143165506 / -143165136
__render_map_wall_player:-143165506 / -143165136
__render_map_wall_player:-143165506 / -143165136
__render_map_wall_player:-143165506 / -143165136
__render_map_wall_player:-143165506 / -143165136
__render_map_wall_player:-143165506 / -143165136
__render_map_wall_player:-143165506 / -143165136
__render_map_wall_player:-143165506 / -143165136
__render_map_wall_player:-143165506 / -143165136
__render_map_wall_player:-143165506 / -143165136
__render_map_wall_player:-143165506 / -143165136
__render_map_wall_player:-143165506 / -143165136
__render_map_wall_player:-143165506 / -143165136
__render_map_wall_player:-143165506 / -143165136
__render_map_wall_player:-143165506 / -143165136
__render_map_wall_player:-143165506 / -143165136
__render_map_wall_player:-143165506 / -143165136
__render_map_wall_player:-143165506 / -143165136
__render_map_wall_player:-143165506 / -143165136
__render_map_wall_player:-143165506 / -143165136
__render_map_wall_player:-143165506 / -143165136
__render_map_wall_player:-143165506 / -143165136
__render_map_wall_player:-143165506 / -143165136
__render_map_wall_player:-143165506 / -143165136
__render_map_wall_player:-143165506 / -143165136
__render_map_wall_player:-143165506 / -143165136
key
angle:49
__render_map_wall_player:-143165506 / -143165136
__render_map_wall_player:-143165506 / -143165136
__render_map_wall_player:-143165506 / -143165136
__render_map_wall_player:-143165506 / -143165136
__render_map_wall_player:-143165506 / -143165136
__render_map_wall_player:-143165506 / -143165136
__render_map_wall_player:-143165506 / -143165136
__render_map_wall_player:-143165506 / -143165136
__render_map_wall_player:-143165506 / -143165136
__render_map_wall_player:-143165506 / -143165136
__render_map_wall_player:-143165506 / -143165136
__render_map_wall_player:-143165506 / -143165136
__render_map_wall_player:-143165506 / -143165136
__render_map_wall_player:-143165506 / -143165136
__render_map_wall_player:-143165506 / -143165136
__render_map_wall_player:-143165506 / -143165136
__render_map_wall_player:-143165506 / -143165136
__render_map_wall_player:-143165506 / -143165136
__render_map_wall_player:-143165506 / -143165136
__render_map_wall_player:-143165506 / -143165136
__render_map_wall_player:-143165506 / -143165136
__render_map_wall_player:-143165506 / -143165136
__render_map_wall_player:-143165506 / -143165136
__render_map_wall_player:-143165506 / -143165136
__render_map_wall_player:-143165506 / -143165136
__render_map_wall_player:-143165506 / -143165136
__render_map_wall_player:-143165506 / -143165136
__render_map_wall_player:-143165506 / -143165136
__render_map_wall_player:-143165506 / -143165136
__render_map_wall_player:-143165506 / -143165136
key
angle:48
__render_map_wall_player:-143165506 / -143165136
__render_map_wall_player:-143165506 / -143165136
__render_map_wall_player:-143165506 / -143165136
__render_map_wall_player:-143165506 / -143165136
key
angle:47
__render_map_wall_player:-143165506 / -143165136
__render_map_wall_player:-143165506 / -143165136
__render_map_wall_player:-143165506 / -143165136
__render_map_wall_player:-143165506 / -143165136
__render_map_wall_player:-143165506 / -143165136
key
angle:46
__render_map_wall_player:-143165506 / -143165136
__render_map_wall_player:-143165506 / -143165136
__render_map_wall_player:-143165506 / -143165136
__render_map_wall_player:-143165506 / -143165136
__render_map_wall_player:-143165506 / -143165136
key
angle:45
__render_map_wall_player:-143165506 / -143165136
__render_map_wall_player:-143165506 / -143165136
__render_map_wall_player:-143165506 / -143165136
__render_map_wall_player:-143165506 / -143165136
__render_map_wall_player:-143165506 / -143165136
key
angle:44
__render_map_wall_player:-143165506 / -143165136
__render_map_wall_player:-143165506 / -143165136
__render_map_wall_player:-143165506 / -143165136
__render_map_wall_player:-143165506 / -143165136
__render_map_wall_player:-143165506 / -143165136
key
angle:43
__render_map_wall_player:-143165506 / -143165136
__render_map_wall_player:-143165506 / -143165136
__render_map_wall_player:-143165506 / -143165136
__render_map_wall_player:-143165506 / -143165136
__render_map_wall_player:-143165506 / -143165136
key
angle:42
__render_map_wall_player:-143165506 / -143165136
__render_map_wall_player:-143165506 / -143165136
__render_map_wall_player:-143165506 / -143165136
__render_map_wall_player:-143165506 / -143165136
key
angle:41
__render_map_wall_player:-143165506 / -143165136
key
__render_map_wall_player:-143165506 / -143165136
__render_map_wall_player:-143165506 / -143165136
__render_map_wall_player:-143165506 / -143165136
__render_map_wall_player:-143165506 / -143165136
__render_map_wall_player:-143165506 / -143165136
__render_map_wall_player:-143165506 / -143165136
__render_map_wall_player:-143165506 / -143165136
__render_map_wall_player:-143165506 / -143165136
__render_map_wall_player:-143165506 / -143165136
__render_map_wall_player:-143165506 / -143165136
__render_map_wall_player:-143165506 / -143165136
__render_map_wall_player:-143165506 / -143165136
__render_map_wall_player:-143165506 / -143165136
__render_map_wall_player:-143165506 / -143165136
__render_map_wall_player:-143165506 / -143165136
__render_map_wall_player:-143165506 / -143165136
__render_map_wall_player:-143165506 / -143165136
__render_map_wall_player:-143165506 / -143165136
__render_map_wall_player:-143165506 / -143165136
__render_map_wall_player:-143165506 / -143165136
__render_map_wall_player:-143165506 / -143165136
__render_map_wall_player:-143165506 / -143165136
__render_map_wall_player:-143165506 / -143165136
__render_map_wall_player:-143165506 / -143165136
__render_map_wall_player:-143165506 / -143165136
__render_map_wall_player:-143165506 / -143165136
__render_map_wall_player:-143165506 / -143165136
__render_map_wall_player:-143165506 / -143165136
__render_map_wall_player:-143165506 / -143165136
__render_map_wall_player:-143165506 / -143165136
__render_map_wall_player:-143165506 / -143165136
__render_map_wall_player:-143165506 / -143165136
__render_map_wall_player:-143165506 / -143165136
__render_map_wall_player:-143165506 / -143165136
key
angle:40
__render_map_wall_player:-143165506 / -143165136
__render_map_wall_player:-143165506 / -143165136
__render_map_wall_player:-143165506 / -143165136
__render_map_wall_player:-143165506 / -143165136
__render_map_wall_player:-143165506 / -143165136
__render_map_wall_player:-143165506 / -143165136
__render_map_wall_player:-143165506 / -143165136
__render_map_wall_player:-143165506 / -143165136
__render_map_wall_player:-143165506 / -143165136
__render_map_wall_player:-143165506 / -143165136
__render_map_wall_player:-143165506 / -143165136
__render_map_wall_player:-143165506 / -143165136
__render_map_wall_player:-143165506 / -143165136
__render_map_wall_player:-143165506 / -143165136
__render_map_wall_player:-143165506 / -143165136
__render_map_wall_player:-143165506 / -143165136
__render_map_wall_player:-143165506 / -143165136
__render_map_wall_player:-143165506 / -143165136
__render_map_wall_player:-143165506 / -143165136
__render_map_wall_player:-143165506 / -143165136
__render_map_wall_player:-143165506 / -143165136
__render_map_wall_player:-143165506 / -143165136
__render_map_wall_player:-143165506 / -143165136
__render_map_wall_player:-143165506 / -143165136
__render_map_wall_player:-143165506 / -143165136
__render_map_wall_player:-143165506 / -143165136
__render_map_wall_player:-143165506 / -143165136
__render_map_wall_player:-143165506 / -143165136
__render_map_wall_player:-143165506 / -143165136
key
angle:39
__render_map_wall_player:-143165506 / -143165136
__render_map_wall_player:-143165506 / -143165136
__render_map_wall_player:-143165506 / -143165136
__render_map_wall_player:-143165506 / -143165136
__render_map_wall_player:-143165506 / -143165136
key
angle:38
__render_map_wall_player:-143165506 / -143165136
__render_map_wall_player:-143165506 / -143165136
__render_map_wall_player:-143165506 / -143165136
__render_map_wall_player:-143165506 / -143165136
__render_map_wall_player:-143165506 / -143165136
key
angle:37
__render_map_wall_player:-143165506 / -143165136
__render_map_wall_player:-143165506 / -143165136
__render_map_wall_player:-143165506 / -143165136
__render_map_wall_player:-143165506 / -143165136
key
angle:36
__render_map_wall_player:-143165506 / -143165136
__render_map_wall_player:-143165506 / -143165136
__render_map_wall_player:-143165506 / -143165136
__render_map_wall_player:-143165506 / -143165136
__render_map_wall_player:-143165506 / -143165136
key
angle:35
__render_map_wall_player:-143165506 / -143165136
__render_map_wall_player:-143165506 / -143165136
__render_map_wall_player:-143165506 / -143165136
__render_map_wall_player:-143165506 / -143165136
__render_map_wall_player:-143165506 / -143165136
key
angle:34
__render_map_wall_player:-143165506 / -143165136
__render_map_wall_player:-143165506 / -143165136
__render_map_wall_player:-143165506 / -143165136
__render_map_wall_player:-143165506 / -143165136
__render_map_wall_player:-143165506 / -143165136
key
angle:33
__render_map_wall_player:-143165506 / -143165136
__render_map_wall_player:-143165506 / -143165136
__render_map_wall_player:-143165506 / -143165136
__render_map_wall_player:-143165506 / -143165136
__render_map_wall_player:-143165506 / -143165136
key
angle:32
__render_map_wall_player:-143165506 / -143165136
__render_map_wall_player:-143165506 / -143165136
__render_map_wall_player:-143165506 / -143165136
__render_map_wall_player:-143165506 / -143165136
key
angle:31
__render_map_wall_player:-143165506 / -143165136
__render_map_wall_player:-143165506 / -143165136
__render_map_wall_player:-143165506 / -143165136
__render_map_wall_player:-143165506 / -143165136
__render_map_wall_player:-143165506 / -143165136
key
angle:30
__render_map_wall_player:-143165506 / -143165136
__render_map_wall_player:-143165506 / -143165136
__render_map_wall_player:-143165506 / -143165136
__render_map_wall_player:-143165506 / -143165136
__render_map_wall_player:-143165506 / -143165136
key
angle:29
__render_map_wall_player:-143165506 / -143165136
__render_map_wall_player:-143165506 / -143165136
__render_map_wall_player:-143165506 / -143165136
__render_map_wall_player:-143165506 / -143165136
__render_map_wall_player:-143165506 / -143165136
key
angle:28
__render_map_wall_player:-143165506 / -143165136
__render_map_wall_player:-143165506 / -143165136
__render_map_wall_player:-143165506 / -143165136
__render_map_wall_player:-143165506 / -143165136
__render_map_wall_player:-143165506 / -143165136
key
angle:27
__render_map_wall_player:-143165506 / -143165136
__render_map_wall_player:-143165506 / -143165136
__render_map_wall_player:-143165506 / -143165136
__render_map_wall_player:-143165506 / -143165136
key
angle:26
__render_map_wall_player:-143165506 / -143165136
__render_map_wall_player:-143165506 / -143165136
__render_map_wall_player:-143165506 / -143165136
__render_map_wall_player:-143165506 / -143165136
key
__render_map_wall_player:-143165506 / -143165136
__render_map_wall_player:-143165506 / -143165136
__render_map_wall_player:-143165506 / -143165136
__render_map_wall_player:-143165506 / -143165136
__render_map_wall_player:-143165506 / -143165136
__render_map_wall_player:-143165506 / -143165136
__render_map_wall_player:-143165506 / -143165136
__render_map_wall_player:-143165506 / -143165136
__render_map_wall_player:-143165506 / -143165136
__render_map_wall_player:-143165506 / -143165136
__render_map_wall_player:-143165506 / -143165136
__render_map_wall_player:-143165506 / -143165136
__render_map_wall_player:-143165506 / -143165136
__render_map_wall_player:-143165506 / -143165136
__render_map_wall_player:-143165506 / -143165136
__render_map_wall_player:-143165506 / -143165136
__render_map_wall_player:-143165506 / -143165136
__render_map_wall_player:-143165506 / -143165136
__render_map_wall_player:-143165506 / -143165136
__render_map_wall_player:-143165506 / -143165136
key
angle:25
__render_map_wall_player:-143165506 / -143165136
__render_map_wall_player:-143165506 / -143165136
__render_map_wall_player:-143165506 / -143165136
__render_map_wall_player:-143165506 / -143165136
__render_map_wall_player:-143165506 / -143165136
__render_map_wall_player:-143165506 / -143165136
__render_map_wall_player:-143165506 / -143165136
__render_map_wall_player:-143165506 / -143165136
__render_map_wall_player:-143165506 / -143165136
__render_map_wall_player:-143165506 / -143165136
__render_map_wall_player:-143165506 / -143165136
__render_map_wall_player:-143165506 / -143165136
__render_map_wall_player:-143165506 / -143165136
__render_map_wall_player:-143165506 / -143165136
__render_map_wall_player:-143165506 / -143165136
__render_map_wall_player:-143165506 / -143165136
__render_map_wall_player:-143165506 / -143165136
__render_map_wall_player:-143165506 / -143165136
__render_map_wall_player:-143165506 / -143165136
__render_map_wall_player:-143165506 / -143165136
__render_map_wall_player:-143165506 / -143165136
__render_map_wall_player:-143165506 / -143165136
__render_map_wall_player:-143165506 / -143165136
__render_map_wall_player:-143165506 / -143165136
__render_map_wall_player:-143165506 / -143165136
__render_map_wall_player:-143165506 / -143165136
__render_map_wall_player:-143165506 / -143165136
__render_map_wall_player:-143165506 / -143165136
__render_map_wall_player:-143165506 / -143165136
key
angle:24
__render_map_wall_player:-143165506 / -143165136
__render_map_wall_player:-143165506 / -143165136
__render_map_wall_player:-143165506 / -143165136
__render_map_wall_player:-143165506 / -143165136
__render_map_wall_player:-143165506 / -143165136
key
angle:23
__render_map_wall_player:-143165506 / -143165136
__render_map_wall_player:-143165506 / -143165136
__render_map_wall_player:-143165506 / -143165136
__render_map_wall_player:-143165506 / -143165136
__render_map_wall_player:-143165506 / -143165136
key
angle:22
__render_map_wall_player:-143165506 / -143165136
__render_map_wall_player:-143165506 / -143165136
__render_map_wall_player:-143165506 / -143165136
__render_map_wall_player:-143165506 / -143165136
__render_map_wall_player:-143165506 / -143165136
key
angle:21
__render_map_wall_player:-143165506 / -143165136
__render_map_wall_player:-143165506 / -143165136
__render_map_wall_player:-143165506 / -143165136
__render_map_wall_player:-143165506 / -143165136
__render_map_wall_player:-143165506 / -143165136
key
angle:20
__render_map_wall_player:-143165506 / -143165136
__render_map_wall_player:-143165506 / -143165136
__render_map_wall_player:-143165506 / -143165136
__render_map_wall_player:-143165506 / -143165136
key
angle:19
__render_map_wall_player:-143165506 / -143165136
__render_map_wall_player:-143165506 / -143165136
__render_map_wall_player:-143165506 / -143165136
__render_map_wall_player:-143165506 / -143165136
__render_map_wall_player:-143165506 / -143165136
key
angle:18
__render_map_wall_player:-143165506 / -143165136
__render_map_wall_player:-143165506 / -143165136
__render_map_wall_player:-143165506 / -143165136
__render_map_wall_player:-143165506 / -143165136
__render_map_wall_player:-143165506 / -143165136
key
angle:17
__render_map_wall_player:-143165506 / -143165136
__render_map_wall_player:-143165506 / -143165136
__render_map_wall_player:-143165506 / -143165136
__render_map_wall_player:-143165506 / -143165136
__render_map_wall_player:-143165506 / -143165136
key
angle:16
__render_map_wall_player:-143165506 / -143165136
__render_map_wall_player:-143165506 / -143165136
__render_map_wall_player:-143165506 / -143165136
__render_map_wall_player:-143165506 / -143165136
__render_map_wall_player:-143165506 / -143165136
key
angle:15
__render_map_wall_player:-143165506 / -143165136
__render_map_wall_player:-143165506 / -143165136
__render_map_wall_player:-143165506 / -143165136
__render_map_wall_player:-143165506 / -143165136
__render_map_wall_player:-143165506 / -143165136
key
angle:14
__render_map_wall_player:-143165506 / -143165136
__render_map_wall_player:-143165506 / -143165136
__render_map_wall_player:-143165506 / -143165136
__render_map_wall_player:-143165506 / -143165136
key
angle:13
__render_map_wall_player:-143165506 / -143165136
__render_map_wall_player:-143165506 / -143165136
__render_map_wall_player:-143165506 / -143165136
__render_map_wall_player:-143165506 / -143165136
__render_map_wall_player:-143165506 / -143165136
key
angle:12
__render_map_wall_player:-143165506 / -143165136
__render_map_wall_player:-143165506 / -143165136
__render_map_wall_player:-143165506 / -143165136
__render_map_wall_player:-143165506 / -143165136
__render_map_wall_player:-143165506 / -143165136
key
angle:11
__render_map_wall_player:-143165506 / -143165136
__render_map_wall_player:-143165506 / -143165136
__render_map_wall_player:-143165506 / -143165136
__render_map_wall_player:-143165506 / -143165136
__render_map_wall_player:-143165506 / -143165136
key
angle:10
__render_map_wall_player:-143165506 / -143165136
__render_map_wall_player:-143165506 / -143165136
__render_map_wall_player:-143165506 / -143165136
__render_map_wall_player:-143165506 / -143165136
__render_map_wall_player:-143165506 / -143165136
key
angle:9
__render_map_wall_player:-143165506 / -143165136
__render_map_wall_player:-143165506 / -143165136
__render_map_wall_player:-143165506 / -143165136
__render_map_wall_player:-143165506 / -143165136
key
angle:8
__render_map_wall_player:-143165506 / -143165136
__render_map_wall_player:-143165506 / -143165136
__render_map_wall_player:-143165506 / -143165136
__render_map_wall_player:-143165506 / -143165136
__render_map_wall_player:-143165506 / -143165136
key
angle:7
__render_map_wall_player:-143165506 / -143165136
__render_map_wall_player:-143165506 / -143165136
__render_map_wall_player:-143165506 / -143165136
__render_map_wall_player:-143165506 / -143165136
__render_map_wall_player:-143165506 / -143165136
key
angle:6
__render_map_wall_player:-143165506 / -143165136
__render_map_wall_player:-143165506 / -143165136
__render_map_wall_player:-143165506 / -143165136
__render_map_wall_player:-143165506 / -143165136
__render_map_wall_player:-143165506 / -143165136
key
angle:5
__render_map_wall_player:-143165506 / -143165136
__render_map_wall_player:-143165506 / -143165136
__render_map_wall_player:-143165506 / -143165136
__render_map_wall_player:-143165506 / -143165136
__render_map_wall_player:-143165506 / -143165136
key
angle:4
__render_map_wall_player:-143165506 / -143165136
__render_map_wall_player:-143165506 / -143165136
__render_map_wall_player:-143165506 / -143165136
__render_map_wall_player:-143165506 / -143165136
key
angle:3
__render_map_wall_player:-143165506 / -143165136
__render_map_wall_player:-143165506 / -143165136
__render_map_wall_player:-143165506 / -143165136
__render_map_wall_player:-143165506 / -143165136
__render_map_wall_player:-143165506 / -143165136
key
angle:2
__render_map_wall_player:-143165506 / -143165136
__render_map_wall_player:-143165506 / -143165136
__render_map_wall_player:-143165506 / -143165136
__render_map_wall_player:-143165506 / -143165136
__render_map_wall_player:-143165506 / -143165136
key
angle:1
__render_map_wall_player:-143165506 / -143165136
__render_map_wall_player:-143165506 / -143165136
__render_map_wall_player:-143165506 / -143165136
__render_map_wall_player:-143165506 / -143165136
__render_map_wall_player:-143165506 / -143165136
key
angle:0
__render_map_wall_player:-143165506 / -143165136
__render_map_wall_player:-143165506 / -143165136
__render_map_wall_player:-143165506 / -143165136
__render_map_wall_player:-143165506 / -143165136
__render_map_wall_player:-143165506 / -143165136
key
angle:0
__render_map_wall_player:-143165506 / -143165136
__render_map_wall_player:-143165506 / -143165136
__render_map_wall_player:-143165506 / -143165136
__render_map_wall_player:-143165506 / -143165136
__render_map_wall_player:-143165506 / -143165136
key
angle:0
__render_map_wall_player:-143165506 / -143165136
__render_map_wall_player:-143165506 / -143165136
__render_map_wall_player:-143165506 / -143165136
__render_map_wall_player:-143165506 / -143165136
key
angle:0
__render_map_wall_player:-143165506 / -143165136
__render_map_wall_player:-143165506 / -143165136
__render_map_wall_player:-143165506 / -143165136
__render_map_wall_player:-143165506 / -143165136
__render_map_wall_player:-143165506 / -143165136
key
angle:0
__render_map_wall_player:-143165506 / -143165136
__render_map_wall_player:-143165506 / -143165136
__render_map_wall_player:-143165506 / -143165136
__render_map_wall_player:-143165506 / -143165136
__render_map_wall_player:-143165506 / -143165136
key
angle:0
__render_map_wall_player:-143165506 / -143165136
__render_map_wall_player:-143165506 / -143165136
__render_map_wall_player:-143165506 / -143165136
__render_map_wall_player:-143165506 / -143165136
__render_map_wall_player:-143165506 / -143165136
key
angle:0
__render_map_wall_player:-143165506 / -143165136
__render_map_wall_player:-143165506 / -143165136
__render_map_wall_player:-143165506 / -143165136
__render_map_wall_player:-143165506 / -143165136
__render_map_wall_player:-143165506 / -143165136
key
angle:0
__render_map_wall_player:-143165506 / -143165136
__render_map_wall_player:-143165506 / -143165136
__render_map_wall_player:-143165506 / -143165136
__render_map_wall_player:-143165506 / -143165136
key
angle:0
__render_map_wall_player:-143165506 / -143165136
__render_map_wall_player:-143165506 / -143165136
__render_map_wall_player:-143165506 / -143165136
__render_map_wall_player:-143165506 / -143165136
__render_map_wall_player:-143165506 / -143165136
key
angle:0
__render_map_wall_player:-143165506 / -143165136
__render_map_wall_player:-143165506 / -143165136
__render_map_wall_player:-143165506 / -143165136
__render_map_wall_player:-143165506 / -143165136
__render_map_wall_player:-143165506 / -143165136
key
angle:0
__render_map_wall_player:-143165506 / -143165136
__render_map_wall_player:-143165506 / -143165136
__render_map_wall_player:-143165506 / -143165136
__render_map_wall_player:-143165506 / -143165136
__render_map_wall_player:-143165506 / -143165136
key
angle:0
__render_map_wall_player:-143165506 / -143165136
__render_map_wall_player:-143165506 / -143165136
__render_map_wall_player:-143165506 / -143165136
__render_map_wall_player:-143165506 / -143165136
__render_map_wall_player:-143165506 / -143165136
key
angle:0
__render_map_wall_player:-143165506 / -143165136
__render_map_wall_player:-143165506 / -143165136
__render_map_wall_player:-143165506 / -143165136
__render_map_wall_player:-143165506 / -143165136
key
angle:0
__render_map_wall_player:-143165506 / -143165136
__render_map_wall_player:-143165506 / -143165136
__render_map_wall_player:-143165506 / -143165136
__render_map_wall_player:-143165506 / -143165136
__render_map_wall_player:-143165506 / -143165136
key
angle:0
__render_map_wall_player:-143165506 / -143165136
__render_map_wall_player:-143165506 / -143165136
__render_map_wall_player:-143165506 / -143165136
__render_map_wall_player:-143165506 / -143165136
__render_map_wall_player:-143165506 / -143165136
key
angle:0
__render_map_wall_player:-143165506 / -143165136
__render_map_wall_player:-143165506 / -143165136
__render_map_wall_player:-143165506 / -143165136
__render_map_wall_player:-143165506 / -143165136
__render_map_wall_player:-143165506 / -143165136
key
angle:0
__render_map_wall_player:-143165506 / -143165136
__render_map_wall_player:-143165506 / -143165136
__render_map_wall_player:-143165506 / -143165136
__render_map_wall_player:-143165506 / -143165136
__render_map_wall_player:-143165506 / -143165136
key
angle:0
__render_map_wall_player:-143165506 / -143165136
__render_map_wall_player:-143165506 / -143165136
__render_map_wall_player:-143165506 / -143165136
__render_map_wall_player:-143165506 / -143165136
__render_map_wall_player:-143165506 / -143165136
key
angle:0
__render_map_wall_player:-143165506 / -143165136
__render_map_wall_player:-143165506 / -143165136
__render_map_wall_player:-143165506 / -143165136
__render_map_wall_player:-143165506 / -143165136
key
angle:0
__render_map_wall_player:-143165506 / -143165136
__render_map_wall_player:-143165506 / -143165136
__render_map_wall_player:-143165506 / -143165136
__render_map_wall_player:-143165506 / -143165136
__render_map_wall_player:-143165506 / -143165136
key
angle:0
__render_map_wall_player:-143165506 / -143165136
__render_map_wall_player:-143165506 / -143165136
__render_map_wall_player:-143165506 / -143165136
__render_map_wall_player:-143165506 / -143165136
__render_map_wall_player:-143165506 / -143165136
key
angle:0
__render_map_wall_player:-143165506 / -143165136
__render_map_wall_player:-143165506 / -143165136
__render_map_wall_player:-143165506 / -143165136
__render_map_wall_player:-143165506 / -143165136
__render_map_wall_player:-143165506 / -143165136
key
angle:0
__render_map_wall_player:-143165506 / -143165136
__render_map_wall_player:-143165506 / -143165136
__render_map_wall_player:-143165506 / -143165136
__render_map_wall_player:-143165506 / -143165136
__render_map_wall_player:-143165506 / -143165136
key
angle:0
__render_map_wall_player:-143165506 / -143165136
__render_map_wall_player:-143165506 / -143165136
__render_map_wall_player:-143165506 / -143165136
__render_map_wall_player:-143165506 / -143165136
key
angle:0
__render_map_wall_player:-143165506 / -143165136
__render_map_wall_player:-143165506 / -143165136
__render_map_wall_player:-143165506 / -143165136
__render_map_wall_player:-143165506 / -143165136
__render_map_wall_player:-143165506 / -143165136
key
angle:0
__render_map_wall_player:-143165506 / -143165136
__render_map_wall_player:-143165506 / -143165136
__render_map_wall_player:-143165506 / -143165136
__render_map_wall_player:-143165506 / -143165136
__render_map_wall_player:-143165506 / -143165136
key
angle:0
__render_map_wall_player:-143165506 / -143165136
__render_map_wall_player:-143165506 / -143165136
__render_map_wall_player:-143165506 / -143165136
__render_map_wall_player:-143165506 / -143165136
__render_map_wall_player:-143165506 / -143165136
key
angle:0
__render_map_wall_player:-143165506 / -143165136
__render_map_wall_player:-143165506 / -143165136
__render_map_wall_player:-143165506 / -143165136
__render_map_wall_player:-143165506 / -143165136
__render_map_wall_player:-143165506 / -143165136
key
angle:0
__render_map_wall_player:-143165506 / -143165136
__render_map_wall_player:-143165506 / -143165136
__render_map_wall_player:-143165506 / -143165136
__render_map_wall_player:-143165506 / -143165136
__render_map_wall_player:-143165506 / -143165136
key
angle:0
__render_map_wall_player:-143165506 / -143165136
__render_map_wall_player:-143165506 / -143165136
__render_map_wall_player:-143165506 / -143165136
__render_map_wall_player:-143165506 / -143165136
key
angle:0
__render_map_wall_player:-143165506 / -143165136
__render_map_wall_player:-143165506 / -143165136
__render_map_wall_player:-143165506 / -143165136
__render_map_wall_player:-143165506 / -143165136
__render_map_wall_player:-143165506 / -143165136
key
angle:0
__render_map_wall_player:-143165506 / -143165136
__render_map_wall_player:-143165506 / -143165136
__render_map_wall_player:-143165506 / -143165136
__render_map_wall_player:-143165506 / -143165136
__render_map_wall_player:-143165506 / -143165136
key
angle:0
__render_map_wall_player:-143165506 / -143165136
__render_map_wall_player:-143165506 / -143165136
__render_map_wall_player:-143165506 / -143165136
__render_map_wall_player:-143165506 / -143165136
__render_map_wall_player:-143165506 / -143165136
key
angle:0
__render_map_wall_player:-143165506 / -143165136
__render_map_wall_player:-143165506 / -143165136
__render_map_wall_player:-143165506 / -143165136
__render_map_wall_player:-143165506 / -143165136
__render_map_wall_player:-143165506 / -143165136
key
angle:0
__render_map_wall_player:-143165506 / -143165136
__render_map_wall_player:-143165506 / -143165136
__render_map_wall_player:-143165506 / -143165136
__render_map_wall_player:-143165506 / -143165136
__render_map_wall_player:-143165506 / -143165136
key
angle:0
__render_map_wall_player:-143165506 / -143165136
__render_map_wall_player:-143165506 / -143165136
__render_map_wall_player:-143165506 / -143165136
__render_map_wall_player:-143165506 / -143165136
key
angle:0
__render_map_wall_player:-143165506 / -143165136
__render_map_wall_player:-143165506 / -143165136
__render_map_wall_player:-143165506 / -143165136
__render_map_wall_player:-143165506 / -143165136
__render_map_wall_player:-143165506 / -143165136
key
angle:0
__render_map_wall_player:-143165506 / -143165136
__render_map_wall_player:-143165506 / -143165136
__render_map_wall_player:-143165506 / -143165136
__render_map_wall_player:-143165506 / -143165136
__render_map_wall_player:-143165506 / -143165136
key
angle:0
__render_map_wall_player:-143165506 / -143165136
__render_map_wall_player:-143165506 / -143165136
__render_map_wall_player:-143165506 / -143165136
__render_map_wall_player:-143165506 / -143165136
__render_map_wall_player:-143165506 / -143165136
key
angle:0
__render_map_wall_player:-143165506 / -143165136
__render_map_wall_player:-143165506 / -143165136
__render_map_wall_player:-143165506 / -143165136
__render_map_wall_player:-143165506 / -143165136
__render_map_wall_player:-143165506 / -143165136
key
angle:0
__render_map_wall_player:-143165506 / -143165136
__render_map_wall_player:-143165506 / -143165136
__render_map_wall_player:-143165506 / -143165136
__render_map_wall_player:-143165506 / -143165136
__render_map_wall_player:-143165506 / -143165136
key
angle:0
__render_map_wall_player:-143165506 / -143165136
__render_map_wall_player:-143165506 / -143165136
__render_map_wall_player:-143165506 / -143165136
__render_map_wall_player:-143165506 / -143165136
__render_map_wall_player:-143165506 / -143165136
key
angle:0
__render_map_wall_player:-143165506 / -143165136
__render_map_wall_player:-143165506 / -143165136
__render_map_wall_player:-143165506 / -143165136
__render_map_wall_player:-143165506 / -143165136
key
angle:0
__render_map_wall_player:-143165506 / -143165136
__render_map_wall_player:-143165506 / -143165136
__render_map_wall_player:-143165506 / -143165136
__render_map_wall_player:-143165506 / -143165136
__render_map_wall_player:-143165506 / -143165136
key
angle:0
__render_map_wall_player:-143165506 / -143165136
__render_map_wall_player:-143165506 / -143165136
__render_map_wall_player:-143165506 / -143165136
__render_map_wall_player:-143165506 / -143165136
__render_map_wall_player:-143165506 / -143165136
key
angle:0
__render_map_wall_player:-143165506 / -143165136
__render_map_wall_player:-143165506 / -143165136
key
__render_map_wall_player:-143165506 / -143165136
__render_map_wall_player:-143165506 / -143165136
__render_map_wall_player:-143165506 / -143165136
__render_map_wall_player:-143165506 / -143165136
__render_map_wall_player:-143165506 / -143165136
__render_map_wall_player:-143165506 / -143165136
__render_map_wall_player:-143165506 / -143165136
__render_map_wall_player:-143165506 / -143165136
__render_map_wall_player:-143165506 / -143165136
key
angle:0
__render_map_wall_player:-143165506 / -143165136
__render_map_wall_player:-143165506 / -143165136
__render_map_wall_player:-143165506 / -143165136
__render_map_wall_player:-143165506 / -143165136
__render_map_wall_player:-143165506 / -143165136
key
__render_map_wall_player:-143165506 / -143165136
__render_map_wall_player:-143165506 / -143165136
__render_map_wall_player:-143165506 / -143165136
__render_map_wall_player:-143165506 / -143165136
key
angle:0
__render_map_wall_player:-143165506 / -143165136
__render_map_wall_player:-143165506 / -143165136
__render_map_wall_player:-143165506 / -143165136
__render_map_wall_player:-143165506 / -143165136
__render_map_wall_player:-143165506 / -143165136
key
__render_map_wall_player:-143165506 / -143165136
__render_map_wall_player:-143165506 / -143165136
__render_map_wall_player:-143165506 / -143165136
__render_map_wall_player:-143165506 / -143165136
__render_map_wall_player:-143165506 / -143165136
__render_map_wall_player:-143165506 / -143165136
key
angle:0
__render_map_wall_player:-143165506 / -143165136
__render_map_wall_player:-143165506 / -143165136
__render_map_wall_player:-143165506 / -143165136
__render_map_wall_player:-143165506 / -143165136
__render_map_wall_player:-143165506 / -143165136
key
__render_map_wall_player:-143165506 / -143165136
__render_map_wall_player:-143165506 / -143165136
__render_map_wall_player:-143165506 / -143165136
__render_map_wall_player:-143165506 / -143165136
__render_map_wall_player:-143165506 / -143165136
key
angle:0
__render_map_wall_player:-143165506 / -143165136
__render_map_wall_player:-143165506 / -143165136
__render_map_wall_player:-143165506 / -143165136
__render_map_wall_player:-143165506 / -143165136
key
__render_map_wall_player:-143165506 / -143165136
__render_map_wall_player:-143165506 / -143165136
__render_map_wall_player:-143165506 / -143165136
__render_map_wall_player:-143165506 / -143165136
__render_map_wall_player:-143165506 / -143165136
__render_map_wall_player:-143165506 / -143165136
__render_map_wall_player:-143165506 / -143165136
key
angle:0
__render_map_wall_player:-143165506 / -143165136
__render_map_wall_player:-143165506 / -143165136
__render_map_wall_player:-143165506 / -143165136
key
__render_map_wall_player:-143165506 / -143165136
__render_map_wall_player:-143165506 / -143165136
__render_map_wall_player:-143165506 / -143165136
__render_map_wall_player:-143165506 / -143165136
__render_map_wall_player:-143165506 / -143165136
__render_map_wall_player:-143165506 / -143165136
key
angle:0
__render_map_wall_player:-143165506 / -143165136
__render_map_wall_player:-143165506 / -143165136
__render_map_wall_player:-143165506 / -143165136
__render_map_wall_player:-143165506 / -143165136
key
__render_map_wall_player:-143165506 / -143165136
__render_map_wall_player:-143165506 / -143165136
__render_map_wall_player:-143165506 / -143165136
__render_map_wall_player:-143165506 / -143165136
__render_map_wall_player:-143165506 / -143165136
__render_map_wall_player:-143165506 / -143165136
__render_map_wall_player:-143165506 / -143165136
key
angle:0
__render_map_wall_player:-143165506 / -143165136
__render_map_wall_player:-143165506 / -143165136
__render_map_wall_player:-143165506 / -143165136
__render_map_wall_player:-143165506 / -143165136
key
__render_map_wall_player:-143165506 / -143165136
__render_map_wall_player:-143165506 / -143165136
__render_map_wall_player:-143165506 / -143165136
__render_map_wall_player:-143165506 / -143165136
__render_map_wall_player:-143165506 / -143165136
__render_map_wall_player:-143165506 / -143165136
key
angle:0
__render_map_wall_player:-143165506 / -143165136
__render_map_wall_player:-143165506 / -143165136
__render_map_wall_player:-143165506 / -143165136
__render_map_wall_player:-143165506 / -143165136
key
__render_map_wall_player:-143165506 / -143165136
__render_map_wall_player:-143165506 / -143165136
__render_map_wall_player:-143165506 / -143165136
__render_map_wall_player:-143165506 / -143165136
__render_map_wall_player:-143165506 / -143165136
__render_map_wall_player:-143165506 / -143165136
__render_map_wall_player:-143165506 / -143165136
__render_map_wall_player:-143165506 / -143165136
key
angle:0
__render_map_wall_player:-143165506 / -143165136
__render_map_wall_player:-143165506 / -143165136
__render_map_wall_player:-143165506 / -143165136
__render_map_wall_player:-143165506 / -143165136
key
__render_map_wall_player:-143165506 / -143165136
__render_map_wall_player:-143165506 / -143165136
__render_map_wall_player:-143165506 / -143165136
__render_map_wall_player:-143165506 / -143165136
__render_map_wall_player:-143165506 / -143165136
__render_map_wall_player:-143165506 / -143165136
key
angle:0
__render_map_wall_player:-143165506 / -143165136
__render_map_wall_player:-143165506 / -143165136
__render_map_wall_player:-143165506 / -143165136
__render_map_wall_player:-143165506 / -143165136
__render_map_wall_player:-143165506 / -143165136
key
__render_map_wall_player:-143165506 / -143165136
__render_map_wall_player:-143165506 / -143165136
__render_map_wall_player:-143165506 / -143165136
__render_map_wall_player:-143165506 / -143165136
__render_map_wall_player:-143165506 / -143165136
__render_map_wall_player:-143165506 / -143165136
key
angle:0
__render_map_wall_player:-143165506 / -143165136
__render_map_wall_player:-143165506 / -143165136
__render_map_wall_player:-143165506 / -143165136
__render_map_wall_player:-143165506 / -143165136
__render_map_wall_player:-143165506 / -143165136
key
__render_map_wall_player:-143165506 / -143165136
__render_map_wall_player:-143165506 / -143165136
__render_map_wall_player:-143165506 / -143165136
__render_map_wall_player:-143165506 / -143165136
__render_map_wall_player:-143165506 / -143165136
__render_map_wall_player:-143165506 / -143165136
key
angle:0
__render_map_wall_player:-143165506 / -143165136
__render_map_wall_player:-143165506 / -143165136
__render_map_wall_player:-143165506 / -143165136
__render_map_wall_player:-143165506 / -143165136
__render_map_wall_player:-143165506 / -143165136
key
__render_map_wall_player:-143165506 / -143165136
__render_map_wall_player:-143165506 / -143165136
__render_map_wall_player:-143165506 / -143165136
__render_map_wall_player:-143165506 / -143165136
__render_map_wall_player:-143165506 / -143165136
key
angle:0
__render_map_wall_player:-143165506 / -143165136
__render_map_wall_player:-143165506 / -143165136
__render_map_wall_player:-143165506 / -143165136
__render_map_wall_player:-143165506 / -143165136
__render_map_wall_player:-143165506 / -143165136
key
__render_map_wall_player:-143165506 / -143165136
__render_map_wall_player:-143165506 / -143165136
__render_map_wall_player:-143165506 / -143165136
__render_map_wall_player:-143165506 / -143165136
__render_map_wall_player:-143165506 / -143165136
__render_map_wall_player:-143165506 / -143165136
key
angle:0
__render_map_wall_player:-143165506 / -143165136
__render_map_wall_player:-143165506 / -143165136
__render_map_wall_player:-143165506 / -143165136
__render_map_wall_player:-143165506 / -143165136
__render_map_wall_player:-143165506 / -143165136
key
__render_map_wall_player:-143165506 / -143165136
__render_map_wall_player:-143165506 / -143165136
__render_map_wall_player:-143165506 / -143165136
__render_map_wall_player:-143165506 / -143165136
__render_map_wall_player:-143165506 / -143165136
key
angle:0
__render_map_wall_player:-143165506 / -143165136
__render_map_wall_player:-143165506 / -143165136
__render_map_wall_player:-143165506 / -143165136
__render_map_wall_player:-143165506 / -143165136
key
__render_map_wall_player:-143165506 / -143165136
__render_map_wall_player:-143165506 / -143165136
__render_map_wall_player:-143165506 / -143165136
__render_map_wall_player:-143165506 / -143165136
__render_map_wall_player:-143165506 / -143165136
__render_map_wall_player:-143165506 / -143165136
key
angle:0
__render_map_wall_player:-143165506 / -143165136
__render_map_wall_player:-143165506 / -143165136
__render_map_wall_player:-143165506 / -143165136
__render_map_wall_player:-143165506 / -143165136
__render_map_wall_player:-143165506 / -143165136
key
__render_map_wall_player:-143165506 / -143165136
__render_map_wall_player:-143165506 / -143165136
__render_map_wall_player:-143165506 / -143165136
__render_map_wall_player:-143165506 / -143165136
__render_map_wall_player:-143165506 / -143165136
key
angle:0
__render_map_wall_player:-143165506 / -143165136
__render_map_wall_player:-143165506 / -143165136
__render_map_wall_player:-143165506 / -143165136
__render_map_wall_player:-143165506 / -143165136
__render_map_wall_player:-143165506 / -143165136
key
__render_map_wall_player:-143165506 / -143165136
__render_map_wall_player:-143165506 / -143165136
__render_map_wall_player:-143165506 / -143165136
__render_map_wall_player:-143165506 / -143165136
__render_map_wall_player:-143165506 / -143165136
key
angle:0
__render_map_wall_player:-143165506 / -143165136
__render_map_wall_player:-143165506 / -143165136
__render_map_wall_player:-143165506 / -143165136
__render_map_wall_player:-143165506 / -143165136
__render_map_wall_player:-143165506 / -143165136
key
__render_map_wall_player:-143165506 / -143165136
__render_map_wall_player:-143165506 / -143165136
__render_map_wall_player:-143165506 / -143165136
__render_map_wall_player:-143165506 / -143165136
__render_map_wall_player:-143165506 / -143165136
__render_map_wall_player:-143165506 / -143165136
key
angle:0
__render_map_wall_player:-143165506 / -143165136
__render_map_wall_player:-143165506 / -143165136
__render_map_wall_player:-143165506 / -143165136
__render_map_wall_player:-143165506 / -143165136
__render_map_wall_player:-143165506 / -143165136
key
__render_map_wall_player:-143165506 / -143165136
__render_map_wall_player:-143165506 / -143165136
__render_map_wall_player:-143165506 / -143165136
__render_map_wall_player:-143165506 / -143165136
__render_map_wall_player:-143165506 / -143165136
__render_map_wall_player:-143165506 / -143165136
__render_map_wall_player:-143165506 / -143165136
key
angle:0
__render_map_wall_player:-143165506 / -143165136
__render_map_wall_player:-143165506 / -143165136
__render_map_wall_player:-143165506 / -143165136
__render_map_wall_player:-143165506 / -143165136
key
__render_map_wall_player:-143165506 / -143165136
__render_map_wall_player:-143165506 / -143165136
__render_map_wall_player:-143165506 / -143165136
__render_map_wall_player:-143165506 / -143165136
__render_map_wall_player:-143165506 / -143165136
__render_map_wall_player:-143165506 / -143165136
__render_map_wall_player:-143165506 / -143165136
key
angle:0
__render_map_wall_player:-143165506 / -143165136
__render_map_wall_player:-143165506 / -143165136
__render_map_wall_player:-143165506 / -143165136
__render_map_wall_player:-143165506 / -143165136
key
__render_map_wall_player:-143165506 / -143165136
__render_map_wall_player:-143165506 / -143165136
__render_map_wall_player:-143165506 / -143165136
__render_map_wall_player:-143165506 / -143165136
__render_map_wall_player:-143165506 / -143165136
__render_map_wall_player:-143165506 / -143165136
__render_map_wall_player:-143165506 / -143165136
key
angle:0
__render_map_wall_player:-143165506 / -143165136
__render_map_wall_player:-143165506 / -143165136
__render_map_wall_player:-143165506 / -143165136
__render_map_wall_player:-143165506 / -143165136
key
__render_map_wall_player:-143165506 / -143165136
__render_map_wall_player:-143165506 / -143165136
__render_map_wall_player:-143165506 / -143165136
__render_map_wall_player:-143165506 / -143165136
__render_map_wall_player:-143165506 / -143165136
__render_map_wall_player:-143165506 / -143165136
key
angle:0
__render_map_wall_player:-143165506 / -143165136
__render_map_wall_player:-143165506 / -143165136
__render_map_wall_player:-143165506 / -143165136
__render_map_wall_player:-143165506 / -143165136
__render_map_wall_player:-143165506 / -143165136
key
__render_map_wall_player:-143165506 / -143165136
__render_map_wall_player:-143165506 / -143165136
__render_map_wall_player:-143165506 / -143165136
__render_map_wall_player:-143165506 / -143165136
__render_map_wall_player:-143165506 / -143165136
__render_map_wall_player:-143165506 / -143165136
__render_map_wall_player:-143165506 / -143165136
key
angle:0
__render_map_wall_player:-143165506 / -143165136
__render_map_wall_player:-143165506 / -143165136
__render_map_wall_player:-143165506 / -143165136
__render_map_wall_player:-143165506 / -143165136
key
__render_map_wall_player:-143165506 / -143165136
__render_map_wall_player:-143165506 / -143165136
__render_map_wall_player:-143165506 / -143165136
__render_map_wall_player:-143165506 / -143165136
__render_map_wall_player:-143165506 / -143165136
__render_map_wall_player:-143165506 / -143165136
__render_map_wall_player:-143165506 / -143165136
__render_map_wall_player:-143165506 / -143165136
key
angle:0
__render_map_wall_player:-143165506 / -143165136
__render_map_wall_player:-143165506 / -143165136
__render_map_wall_player:-143165506 / -143165136
__render_map_wall_player:-143165506 / -143165136
key
__render_map_wall_player:-143165506 / -143165136
__render_map_wall_player:-143165506 / -143165136
__render_map_wall_player:-143165506 / -143165136
__render_map_wall_player:-143165506 / -143165136
__render_map_wall_player:-143165506 / -143165136
__render_map_wall_player:-143165506 / -143165136
__render_map_wall_player:-143165506 / -143165136
key
angle:0
__render_map_wall_player:-143165506 / -143165136
__render_map_wall_player:-143165506 / -143165136
__render_map_wall_player:-143165506 / -143165136
__render_map_wall_player:-143165506 / -143165136
__render_map_wall_player:-143165506 / -143165136
key
__render_map_wall_player:-143165506 / -143165136
__render_map_wall_player:-143165506 / -143165136
__render_map_wall_player:-143165506 / -143165136
__render_map_wall_player:-143165506 / -143165136
__render_map_wall_player:-143165506 / -143165136
__render_map_wall_player:-143165506 / -143165136
key
angle:0
__render_map_wall_player:-143165506 / -143165136
__render_map_wall_player:-143165506 / -143165136
__render_map_wall_player:-143165506 / -143165136
__render_map_wall_player:-143165506 / -143165136
__render_map_wall_player:-143165506 / -143165136
key
__render_map_wall_player:-143165506 / -143165136
__render_map_wall_player:-143165506 / -143165136
__render_map_wall_player:-143165506 / -143165136
__render_map_wall_player:-143165506 / -143165136
__render_map_wall_player:-143165506 / -143165136
__render_map_wall_player:-143165506 / -143165136
key
angle:0
__render_map_wall_player:-143165506 / -143165136
__render_map_wall_player:-143165506 / -143165136
__render_map_wall_player:-143165506 / -143165136
__render_map_wall_player:-143165506 / -143165136
__render_map_wall_player:-143165506 / -143165136
key
__render_map_wall_player:-143165506 / -143165136
__render_map_wall_player:-143165506 / -143165136
__render_map_wall_player:-143165506 / -143165136
__render_map_wall_player:-143165506 / -143165136
__render_map_wall_player:-143165506 / -143165136
__render_map_wall_player:-143165506 / -143165136
key
angle:0
__render_map_wall_player:-143165506 / -143165136
__render_map_wall_player:-143165506 / -143165136
__render_map_wall_player:-143165506 / -143165136
__render_map_wall_player:-143165506 / -143165136
__render_map_wall_player:-143165506 / -143165136
key
__render_map_wall_player:-143165506 / -143165136
__render_map_wall_player:-143165506 / -143165136
__render_map_wall_player:-143165506 / -143165136
__render_map_wall_player:-143165506 / -143165136
__render_map_wall_player:-143165506 / -143165136
__render_map_wall_player:-143165506 / -143165136
key
angle:0
__render_map_wall_player:-143165506 / -143165136
__render_map_wall_player:-143165506 / -143165136
__render_map_wall_player:-143165506 / -143165136
__render_map_wall_player:-143165506 / -143165136
__render_map_wall_player:-143165506 / -143165136
__render_map_wall_player:-143165506 / -143165136
__render_map_wall_player:-143165506 / -143165136
__render_map_wall_player:-143165506 / -143165136
__render_map_wall_player:-143165506 / -143165136
__render_map_wall_player:-143165506 / -143165136
__render_map_wall_player:-143165506 / -143165136
__render_map_wall_player:-143165506 / -143165136
__render_map_wall_player:-143165506 / -143165136
__render_map_wall_player:-143165506 / -143165136
__render_map_wall_player:-143165506 / -143165136
__render_map_wall_player:-143165506 / -143165136
__render_map_wall_player:-143165506 / -143165136
__render_map_wall_player:-143165506 / -143165136
__render_map_wall_player:-143165506 / -143165136
__render_map_wall_player:-143165506 / -143165136
__render_map_wall_player:-143165506 / -143165136
__render_map_wall_player:-143165506 / -143165136
__render_map_wall_player:-143165506 / -143165136
__render_map_wall_player:-143165506 / -143165136
__render_map_wall_player:-143165506 / -143165136
__render_map_wall_player:-143165506 / -143165136
__render_map_wall_player:-143165506 / -143165136
__render_map_wall_player:-143165506 / -143165136
__render_map_wall_player:-143165506 / -143165136
key
angle:0
__render_map_wall_player:-143165506 / -143165136
__render_map_wall_player:-143165506 / -143165136
__render_map_wall_player:-143165506 / -143165136
__render_map_wall_player:-143165506 / -143165136
__render_map_wall_player:-143165506 / -143165136
key
angle:0
__render_map_wall_player:-143165506 / -143165136
__render_map_wall_player:-143165506 / -143165136
__render_map_wall_player:-143165506 / -143165136
__render_map_wall_player:-143165506 / -143165136
__render_map_wall_player:-143165506 / -143165136
key
angle:0
__render_map_wall_player:-143165506 / -143165136
__render_map_wall_player:-143165506 / -143165136
__render_map_wall_player:-143165506 / -143165136
__render_map_wall_player:-143165506 / -143165136
__render_map_wall_player:-143165506 / -143165136
key
angle:0
__render_map_wall_player:-143165506 / -143165136
__render_map_wall_player:-143165506 / -143165136
__render_map_wall_player:-143165506 / -143165136
__render_map_wall_player:-143165506 / -143165136
__render_map_wall_player:-143165506 / -143165136
key
angle:0
__render_map_wall_player:-143165506 / -143165136
__render_map_wall_player:-143165506 / -143165136
__render_map_wall_player:-143165506 / -143165136
__render_map_wall_player:-143165506 / -143165136
key
angle:0
__render_map_wall_player:-143165506 / -143165136
__render_map_wall_player:-143165506 / -143165136
__render_map_wall_player:-143165506 / -143165136
__render_map_wall_player:-143165506 / -143165136
__render_map_wall_player:-143165506 / -143165136
key
angle:0
__render_map_wall_player:-143165506 / -143165136
__render_map_wall_player:-143165506 / -143165136
__render_map_wall_player:-143165506 / -143165136
__render_map_wall_player:-143165506 / -143165136
__render_map_wall_player:-143165506 / -143165136
key
angle:0
__render_map_wall_player:-143165506 / -143165136
__render_map_wall_player:-143165506 / -143165136
__render_map_wall_player:-143165506 / -143165136
__render_map_wall_player:-143165506 / -143165136
__render_map_wall_player:-143165506 / -143165136
key
angle:0
__render_map_wall_player:-143165506 / -143165136
__render_map_wall_player:-143165506 / -143165136
__render_map_wall_player:-143165506 / -143165136
__render_map_wall_player:-143165506 / -143165136
__render_map_wall_player:-143165506 / -143165136
key
angle:0
__render_map_wall_player:-143165506 / -143165136
__render_map_wall_player:-143165506 / -143165136
__render_map_wall_player:-143165506 / -143165136
__render_map_wall_player:-143165506 / -143165136
key
angle:0
__render_map_wall_player:-143165506 / -143165136
__render_map_wall_player:-143165506 / -143165136
__render_map_wall_player:-143165506 / -143165136
__render_map_wall_player:-143165506 / -143165136
__render_map_wall_player:-143165506 / -143165136
key
angle:0
__render_map_wall_player:-143165506 / -143165136
__render_map_wall_player:-143165506 / -143165136
__render_map_wall_player:-143165506 / -143165136
__render_map_wall_player:-143165506 / -143165136
__render_map_wall_player:-143165506 / -143165136
key
angle:0
__render_map_wall_player:-143165506 / -143165136
__render_map_wall_player:-143165506 / -143165136
__render_map_wall_player:-143165506 / -143165136
__render_map_wall_player:-143165506 / -143165136
__render_map_wall_player:-143165506 / -143165136
key
angle:0
__render_map_wall_player:-143165506 / -143165136
__render_map_wall_player:-143165506 / -143165136
__render_map_wall_player:-143165506 / -143165136
__render_map_wall_player:-143165506 / -143165136
__render_map_wall_player:-143165506 / -143165136
key
angle:0
__render_map_wall_player:-143165506 / -143165136
__render_map_wall_player:-143165506 / -143165136
__render_map_wall_player:-143165506 / -143165136
__render_map_wall_player:-143165506 / -143165136
__render_map_wall_player:-143165506 / -143165136
key
angle:0
__render_map_wall_player:-143165506 / -143165136
__render_map_wall_player:-143165506 / -143165136
__render_map_wall_player:-143165506 / -143165136
__render_map_wall_player:-143165506 / -143165136
key
angle:0
__render_map_wall_player:-143165506 / -143165136
__render_map_wall_player:-143165506 / -143165136
__render_map_wall_player:-143165506 / -143165136
__render_map_wall_player:-143165506 / -143165136
__render_map_wall_player:-143165506 / -143165136
key
angle:0
__render_map_wall_player:-143165506 / -143165136
__render_map_wall_player:-143165506 / -143165136
__render_map_wall_player:-143165506 / -143165136
__render_map_wall_player:-143165506 / -143165136
__render_map_wall_player:-143165506 / -143165136
key
angle:0
__render_map_wall_player:-143165506 / -143165136
__render_map_wall_player:-143165506 / -143165136
__render_map_wall_player:-143165506 / -143165136
__render_map_wall_player:-143165506 / -143165136
__render_map_wall_player:-143165506 / -143165136
key
angle:0
__render_map_wall_player:-143165506 / -143165136
__render_map_wall_player:-143165506 / -143165136
__render_map_wall_player:-143165506 / -143165136
__render_map_wall_player:-143165506 / -143165136
__render_map_wall_player:-143165506 / -143165136
key
angle:0
__render_map_wall_player:-143165506 / -143165136
__render_map_wall_player:-143165506 / -143165136
__render_map_wall_player:-143165506 / -143165136
__render_map_wall_player:-143165506 / -143165136
key
angle:0
__render_map_wall_player:-143165506 / -143165136
__render_map_wall_player:-143165506 / -143165136
__render_map_wall_player:-143165506 / -143165136
__render_map_wall_player:-143165506 / -143165136
__render_map_wall_player:-143165506 / -143165136
key
angle:0
__render_map_wall_player:-143165506 / -143165136
__render_map_wall_player:-143165506 / -143165136
__render_map_wall_player:-143165506 / -143165136
__render_map_wall_player:-143165506 / -143165136
__render_map_wall_player:-143165506 / -143165136
key
angle:0
__render_map_wall_player:-143165506 / -143165136
__render_map_wall_player:-143165506 / -143165136
__render_map_wall_player:-143165506 / -143165136
__render_map_wall_player:-143165506 / -143165136
__render_map_wall_player:-143165506 / -143165136
key
angle:0
__render_map_wall_player:-143165506 / -143165136
__render_map_wall_player:-143165506 / -143165136
__render_map_wall_player:-143165506 / -143165136
__render_map_wall_player:-143165506 / -143165136
__render_map_wall_player:-143165506 / -143165136
key
angle:0
__render_map_wall_player:-143165506 / -143165136
__render_map_wall_player:-143165506 / -143165136
__render_map_wall_player:-143165506 / -143165136
__render_map_wall_player:-143165506 / -143165136
key
angle:0
__render_map_wall_player:-143165506 / -143165136
__render_map_wall_player:-143165506 / -143165136
__render_map_wall_player:-143165506 / -143165136
__render_map_wall_player:-143165506 / -143165136
__render_map_wall_player:-143165506 / -143165136
key
angle:0
__render_map_wall_player:-143165506 / -143165136
__render_map_wall_player:-143165506 / -143165136
__render_map_wall_player:-143165506 / -143165136
__render_map_wall_player:-143165506 / -143165136
__render_map_wall_player:-143165506 / -143165136
key
angle:0
__render_map_wall_player:-143165506 / -143165136
__render_map_wall_player:-143165506 / -143165136
__render_map_wall_player:-143165506 / -143165136
__render_map_wall_player:-143165506 / -143165136
__render_map_wall_player:-143165506 / -143165136
key
angle:0
__render_map_wall_player:-143165506 / -143165136
__render_map_wall_player:-143165506 / -143165136
key
__render_map_wall_player:-143165506 / -143165136
__render_map_wall_player:-143165506 / -143165136
__render_map_wall_player:-143165506 / -143165136
__render_map_wall_player:-143165506 / -143165136
__render_map_wall_player:-143165506 / -143165136
__render_map_wall_player:-143165506 / -143165136
__render_map_wall_player:-143165506 / -143165136
__render_map_wall_player:-143165506 / -143165136
__render_map_wall_player:-143165506 / -143165136
__render_map_wall_player:-143165506 / -143165136
__render_map_wall_player:-143165506 / -143165136
__render_map_wall_player:-143165506 / -143165136
__render_map_wall_player:-143165506 / -143165136
__render_map_wall_player:-143165506 / -143165136
__render_map_wall_player:-143165506 / -143165136
__render_map_wall_player:-143165506 / -143165136
__render_map_wall_player:-143165506 / -143165136
__render_map_wall_player:-143165506 / -143165136
__render_map_wall_player:-143165506 / -143165136
__render_map_wall_player:-143165506 / -143165136
__render_map_wall_player:-143165506 / -143165136
__render_map_wall_player:-143165506 / -143165136
key
angle:0
__render_map_wall_player:-143165506 / -143165136
__render_map_wall_player:-143165506 / -143165136
__render_map_wall_player:-143165506 / -143165136
__render_map_wall_player:-143165506 / -143165136
__render_map_wall_player:-143165506 / -143165136
__render_map_wall_player:-143165506 / -143165136
__render_map_wall_player:-143165506 / -143165136
__render_map_wall_player:-143165506 / -143165136
__render_map_wall_player:-143165506 / -143165136
__render_map_wall_player:-143165506 / -143165136
__render_map_wall_player:-143165506 / -143165136
__render_map_wall_player:-143165506 / -143165136
__render_map_wall_player:-143165506 / -143165136
__render_map_wall_player:-143165506 / -143165136
__render_map_wall_player:-143165506 / -143165136
__render_map_wall_player:-143165506 / -143165136
__render_map_wall_player:-143165506 / -143165136
__render_map_wall_player:-143165506 / -143165136
__render_map_wall_player:-143165506 / -143165136
__render_map_wall_player:-143165506 / -143165136
__render_map_wall_player:-143165506 / -143165136
__render_map_wall_player:-143165506 / -143165136
__render_map_wall_player:-143165506 / -143165136
__render_map_wall_player:-143165506 / -143165136
__render_map_wall_player:-143165506 / -143165136
__render_map_wall_player:-143165506 / -143165136
__render_map_wall_player:-143165506 / -143165136
__render_map_wall_player:-143165506 / -143165136
__render_map_wall_player:-143165506 / -143165136
key
angle:0
__render_map_wall_player:-143165506 / -143165136
__render_map_wall_player:-143165506 / -143165136
__render_map_wall_player:-143165506 / -143165136
__render_map_wall_player:-143165506 / -143165136
__render_map_wall_player:-143165506 / -143165136
key
angle:0
__render_map_wall_player:-143165506 / -143165136
__render_map_wall_player:-143165506 / -143165136
__render_map_wall_player:-143165506 / -143165136
__render_map_wall_player:-143165506 / -143165136
__render_map_wall_player:-143165506 / -143165136
key
angle:0
__render_map_wall_player:-143165506 / -143165136
__render_map_wall_player:-143165506 / -143165136
__render_map_wall_player:-143165506 / -143165136
__render_map_wall_player:-143165506 / -143165136
__render_map_wall_player:-143165506 / -143165136
key
angle:0
__render_map_wall_player:-143165506 / -143165136
__render_map_wall_player:-143165506 / -143165136
__render_map_wall_player:-143165506 / -143165136
__render_map_wall_player:-143165506 / -143165136
key
angle:0
__render_map_wall_player:-143165506 / -143165136
__render_map_wall_player:-143165506 / -143165136
__render_map_wall_player:-143165506 / -143165136
__render_map_wall_player:-143165506 / -143165136
__render_map_wall_player:-143165506 / -143165136
key
angle:0
__render_map_wall_player:-143165506 / -143165136
__render_map_wall_player:-143165506 / -143165136
__render_map_wall_player:-143165506 / -143165136
__render_map_wall_player:-143165506 / -143165136
__render_map_wall_player:-143165506 / -143165136
key
angle:0
__render_map_wall_player:-143165506 / -143165136
__render_map_wall_player:-143165506 / -143165136
key
__render_map_wall_player:-143165506 / -143165136
__render_map_wall_player:-143165506 / -143165136
__render_map_wall_player:-143165506 / -143165136
__render_map_wall_player:-143165506 / -143165136
__render_map_wall_player:-143165506 / -143165136
key
angle:0
__render_map_wall_player:-143165506 / -143165136
__render_map_wall_player:-143165506 / -143165136
__render_map_wall_player:-143165506 / -143165136
__render_map_wall_player:-143165506 / -143165136
__render_map_wall_player:-143165506 / -143165136
__render_map_wall_player:-143165506 / -143165136
__render_map_wall_player:-143165506 / -143165136
__render_map_wall_player:-143165506 / -143165136
__render_map_wall_player:-143165506 / -143165136
__render_map_wall_player:-143165506 / -143165136
__render_map_wall_player:-143165506 / -143165136
__render_map_wall_player:-143165506 / -143165136
__render_map_wall_player:-143165506 / -143165136
__render_map_wall_player:-143165506 / -143165136
__render_map_wall_player:-143165506 / -143165136
__render_map_wall_player:-143165506 / -143165136
__render_map_wall_player:-143165506 / -143165136
__render_map_wall_player:-143165506 / -143165136
__render_map_wall_player:-143165506 / -143165136
__render_map_wall_player:-143165506 / -143165136
__render_map_wall_player:-143165506 / -143165136
__render_map_wall_player:-143165506 / -143165136
__render_map_wall_player:-143165506 / -143165136
__render_map_wall_player:-143165506 / -143165136
__render_map_wall_player:-143165506 / -143165136
__render_map_wall_player:-143165506 / -143165136
key
__render_map_wall_player:-143165506 / -143165136
__render_map_wall_player:-143165506 / -143165136
__render_map_wall_player:-143165506 / -143165136
__render_map_wall_player:-143165506 / -143165136
__render_map_wall_player:-143165506 / -143165136
__render_map_wall_player:-143165506 / -143165136
__render_map_wall_player:-143165506 / -143165136
key
angle:0
__render_map_wall_player:-143165506 / -143165136
__render_map_wall_player:-143165506 / -143165136
__render_map_wall_player:-143165506 / -143165136
__render_map_wall_player:-143165506 / -143165136
key
__render_map_wall_player:-143165506 / -143165136
__render_map_wall_player:-143165506 / -143165136
__render_map_wall_player:-143165506 / -143165136
__render_map_wall_player:-143165506 / -143165136
__render_map_wall_player:-143165506 / -143165136
__render_map_wall_player:-143165506 / -143165136
__render_map_wall_player:-143165506 / -143165136
key
angle:0
__render_map_wall_player:-143165506 / -143165136
__render_map_wall_player:-143165506 / -143165136
__render_map_wall_player:-143165506 / -143165136
key
__render_map_wall_player:-143165506 / -143165136
__render_map_wall_player:-143165506 / -143165136
__render_map_wall_player:-143165506 / -143165136
__render_map_wall_player:-143165506 / -143165136
__render_map_wall_player:-143165506 / -143165136
__render_map_wall_player:-143165506 / -143165136
__render_map_wall_player:-143165506 / -143165136
key
angle:0
__render_map_wall_player:-143165506 / -143165136
__render_map_wall_player:-143165506 / -143165136
__render_map_wall_player:-143165506 / -143165136
__render_map_wall_player:-143165506 / -143165136
key
__render_map_wall_player:-143165506 / -143165136
__render_map_wall_player:-143165506 / -143165136
__render_map_wall_player:-143165506 / -143165136
__render_map_wall_player:-143165506 / -143165136
__render_map_wall_player:-143165506 / -143165136
__render_map_wall_player:-143165506 / -143165136
key
angle:0
__render_map_wall_player:-143165506 / -143165136
__render_map_wall_player:-143165506 / -143165136
__render_map_wall_player:-143165506 / -143165136
__render_map_wall_player:-143165506 / -143165136
key
__render_map_wall_player:-143165506 / -143165136
__render_map_wall_player:-143165506 / -143165136
__render_map_wall_player:-143165506 / -143165136
__render_map_wall_player:-143165506 / -143165136
__render_map_wall_player:-143165506 / -143165136
__render_map_wall_player:-143165506 / -143165136
key
angle:0
__render_map_wall_player:-143165506 / -143165136
__render_map_wall_player:-143165506 / -143165136
__render_map_wall_player:-143165506 / -143165136
__render_map_wall_player:-143165506 / -143165136
__render_map_wall_player:-143165506 / -143165136
__render_map_wall_player:-143165506 / -143165136
__render_map_wall_player:-143165506 / -143165136
__render_map_wall_player:-143165506 / -143165136
__render_map_wall_player:-143165506 / -143165136
__render_map_wall_player:-143165506 / -143165136
__render_map_wall_player:-143165506 / -143165136
__render_map_wall_player:-143165506 / -143165136
__render_map_wall_player:-143165506 / -143165136
__render_map_wall_player:-143165506 / -143165136
__render_map_wall_player:-143165506 / -143165136
__render_map_wall_player:-143165506 / -143165136
__render_map_wall_player:-143165506 / -143165136
__render_map_wall_player:-143165506 / -143165136
__render_map_wall_player:-143165506 / -143165136
__render_map_wall_player:-143165506 / -143165136
__render_map_wall_player:-143165506 / -143165136
__render_map_wall_player:-143165506 / -143165136
__render_map_wall_player:-143165506 / -143165136
__render_map_wall_player:-143165506 / -143165136
__render_map_wall_player:-143165506 / -143165136
__render_map_wall_player:-143165506 / -143165136
__render_map_wall_player:-143165506 / -143165136
__render_map_wall_player:-143165506 / -143165136
__render_map_wall_player:-143165506 / -143165136
key
angle:0
__render_map_wall_player:-143165506 / -143165136
__render_map_wall_player:-143165506 / -143165136
__render_map_wall_player:-143165506 / -143165136
__render_map_wall_player:-143165506 / -143165136
key
angle:0
__render_map_wall_player:-143165506 / -143165136
__render_map_wall_player:-143165506 / -143165136
__render_map_wall_player:-143165506 / -143165136
__render_map_wall_player:-143165506 / -143165136
__render_map_wall_player:-143165506 / -143165136
key
angle:0
__render_map_wall_player:-143165506 / -143165136
__render_map_wall_player:-143165506 / -143165136
__render_map_wall_player:-143165506 / -143165136
__render_map_wall_player:-143165506 / -143165136
__render_map_wall_player:-143165506 / -143165136
key
angle:0
__render_map_wall_player:-143165506 / -143165136
__render_map_wall_player:-143165506 / -143165136
__render_map_wall_player:-143165506 / -143165136
__render_map_wall_player:-143165506 / -143165136
__render_map_wall_player:-143165506 / -143165136
key
angle:0
__render_map_wall_player:-143165506 / -143165136
__render_map_wall_player:-143165506 / -143165136
__render_map_wall_player:-143165506 / -143165136
__render_map_wall_player:-143165506 / -143165136
__render_map_wall_player:-143165506 / -143165136
key
angle:0
__render_map_wall_player:-143165506 / -143165136
__render_map_wall_player:-143165506 / -143165136
__render_map_wall_player:-143165506 / -143165136
__render_map_wall_player:-143165506 / -143165136
__render_map_wall_player:-143165506 / -143165136
key
angle:0
__render_map_wall_player:-143165506 / -143165136
__render_map_wall_player:-143165506 / -143165136
__render_map_wall_player:-143165506 / -143165136
__render_map_wall_player:-143165506 / -143165136
key
angle:0
__render_map_wall_player:-143165506 / -143165136
__render_map_wall_player:-143165506 / -143165136
__render_map_wall_player:-143165506 / -143165136
__render_map_wall_player:-143165506 / -143165136
__render_map_wall_player:-143165506 / -143165136
key
angle:0
__render_map_wall_player:-143165506 / -143165136
__render_map_wall_player:-143165506 / -143165136
__render_map_wall_player:-143165506 / -143165136
__render_map_wall_player:-143165506 / -143165136
__render_map_wall_player:-143165506 / -143165136
key
angle:0
__render_map_wall_player:-143165506 / -143165136
__render_map_wall_player:-143165506 / -143165136
__render_map_wall_player:-143165506 / -143165136
__render_map_wall_player:-143165506 / -143165136
__render_map_wall_player:-143165506 / -143165136
key
angle:0
__render_map_wall_player:-143165506 / -143165136
__render_map_wall_player:-143165506 / -143165136
__render_map_wall_player:-143165506 / -143165136
__render_map_wall_player:-143165506 / -143165136
__render_map_wall_player:-143165506 / -143165136
key
angle:0
__render_map_wall_player:-143165506 / -143165136
__render_map_wall_player:-143165506 / -143165136
__render_map_wall_player:-143165506 / -143165136
__render_map_wall_player:-143165506 / -143165136
key
angle:0
__render_map_wall_player:-143165506 / -143165136
__render_map_wall_player:-143165506 / -143165136
__render_map_wall_player:-143165506 / -143165136
__render_map_wall_player:-143165506 / -143165136
__render_map_wall_player:-143165506 / -143165136
key
angle:0
__render_map_wall_player:-143165506 / -143165136
__render_map_wall_player:-143165506 / -143165136
__render_map_wall_player:-143165506 / -143165136
__render_map_wall_player:-143165506 / -143165136
__render_map_wall_player:-143165506 / -143165136
key
angle:0
__render_map_wall_player:-143165506 / -143165136
__render_map_wall_player:-143165506 / -143165136
__render_map_wall_player:-143165506 / -143165136
__render_map_wall_player:-143165506 / -143165136
__render_map_wall_player:-143165506 / -143165136
key
angle:0
__render_map_wall_player:-143165506 / -143165136
__render_map_wall_player:-143165506 / -143165136
__render_map_wall_player:-143165506 / -143165136
__render_map_wall_player:-143165506 / -143165136
__render_map_wall_player:-143165506 / -143165136
key
angle:0
__render_map_wall_player:-143165506 / -143165136
__render_map_wall_player:-143165506 / -143165136
__render_map_wall_player:-143165506 / -143165136
__render_map_wall_player:-143165506 / -143165136
__render_map_wall_player:-143165506 / -143165136
key
angle:0
__render_map_wall_player:-143165506 / -143165136
__render_map_wall_player:-143165506 / -143165136
__render_map_wall_player:-143165506 / -143165136
__render_map_wall_player:-143165506 / -143165136
key
angle:0
__render_map_wall_player:-143165506 / -143165136
__render_map_wall_player:-143165506 / -143165136
__render_map_wall_player:-143165506 / -143165136
__render_map_wall_player:-143165506 / -143165136
__render_map_wall_player:-143165506 / -143165136
key
angle:0
__render_map_wall_player:-143165506 / -143165136
__render_map_wall_player:-143165506 / -143165136
__render_map_wall_player:-143165506 / -143165136
__render_map_wall_player:-143165506 / -143165136
__render_map_wall_player:-143165506 / -143165136
key
angle:0
__render_map_wall_player:-143165506 / -143165136
__render_map_wall_player:-143165506 / -143165136
__render_map_wall_player:-143165506 / -143165136
__render_map_wall_player:-143165506 / -143165136
__render_map_wall_player:-143165506 / -143165136
key
angle:0
__render_map_wall_player:-143165506 / -143165136
__render_map_wall_player:-143165506 / -143165136
__render_map_wall_player:-143165506 / -143165136
__render_map_wall_player:-143165506 / -143165136
__render_map_wall_player:-143165506 / -143165136
key
angle:0
__render_map_wall_player:-143165506 / -143165136
__render_map_wall_player:-143165506 / -143165136
__render_map_wall_player:-143165506 / -143165136
__render_map_wall_player:-143165506 / -143165136
key
angle:0
__render_map_wall_player:-143165506 / -143165136
__render_map_wall_player:-143165506 / -143165136
__render_map_wall_player:-143165506 / -143165136
__render_map_wall_player:-143165506 / -143165136
__render_map_wall_player:-143165506 / -143165136
key
angle:0
__render_map_wall_player:-143165506 / -143165136
__render_map_wall_player:-143165506 / -143165136
__render_map_wall_player:-143165506 / -143165136
__render_map_wall_player:-143165506 / -143165136
__render_map_wall_player:-143165506 / -143165136
key
angle:0
__render_map_wall_player:-143165506 / -143165136
__render_map_wall_player:-143165506 / -143165136
__render_map_wall_player:-143165506 / -143165136
__render_map_wall_player:-143165506 / -143165136
__render_map_wall_player:-143165506 / -143165136
key
angle:0
__render_map_wall_player:-143165506 / -143165136
__render_map_wall_player:-143165506 / -143165136
__render_map_wall_player:-143165506 / -143165136
__render_map_wall_player:-143165506 / -143165136
__render_map_wall_player:-143165506 / -143165136
key
angle:0
__render_map_wall_player:-143165506 / -143165136
__render_map_wall_player:-143165506 / -143165136
__render_map_wall_player:-143165506 / -143165136
__render_map_wall_player:-143165506 / -143165136
__render_map_wall_player:-143165506 / -143165136
key
angle:0
__render_map_wall_player:-143165506 / -143165136
__render_map_wall_player:-143165506 / -143165136
__render_map_wall_player:-143165506 / -143165136
__render_map_wall_player:-143165506 / -143165136
key
angle:0
__render_map_wall_player:-143165506 / -143165136
__render_map_wall_player:-143165506 / -143165136
__render_map_wall_player:-143165506 / -143165136
__render_map_wall_player:-143165506 / -143165136
__render_map_wall_player:-143165506 / -143165136
key
angle:0
__render_map_wall_player:-143165506 / -143165136
__render_map_wall_player:-143165506 / -143165136
__render_map_wall_player:-143165506 / -143165136
__render_map_wall_player:-143165506 / -143165136
__render_map_wall_player:-143165506 / -143165136
key
angle:0
__render_map_wall_player:-143165506 / -143165136
__render_map_wall_player:-143165506 / -143165136
__render_map_wall_player:-143165506 / -143165136
__render_map_wall_player:-143165506 / -143165136
__render_map_wall_player:-143165506 / -143165136
key
angle:0
__render_map_wall_player:-143165506 / -143165136
__render_map_wall_player:-143165506 / -143165136
__render_map_wall_player:-143165506 / -143165136
__render_map_wall_player:-143165506 / -143165136
__render_map_wall_player:-143165506 / -143165136
key
angle:0
__render_map_wall_player:-143165506 / -143165136
__render_map_wall_player:-143165506 / -143165136
__render_map_wall_player:-143165506 / -143165136
__render_map_wall_player:-143165506 / -143165136
key
angle:0
__render_map_wall_player:-143165506 / -143165136
__render_map_wall_player:-143165506 / -143165136
__render_map_wall_player:-143165506 / -143165136
__render_map_wall_player:-143165506 / -143165136
__render_map_wall_player:-143165506 / -143165136
key
angle:0
__render_map_wall_player:-143165506 / -143165136
__render_map_wall_player:-143165506 / -143165136
__render_map_wall_player:-143165506 / -143165136
__render_map_wall_player:-143165506 / -143165136
__render_map_wall_player:-143165506 / -143165136
key
angle:0
__render_map_wall_player:-143165506 / -143165136
__render_map_wall_player:-143165506 / -143165136
__render_map_wall_player:-143165506 / -143165136
__render_map_wall_player:-143165506 / -143165136
__render_map_wall_player:-143165506 / -143165136
key
angle:0
__render_map_wall_player:-143165506 / -143165136
__render_map_wall_player:-143165506 / -143165136
__render_map_wall_player:-143165506 / -143165136
__render_map_wall_player:-143165506 / -143165136
__render_map_wall_player:-143165506 / -143165136
key
angle:0
__render_map_wall_player:-143165506 / -143165136
__render_map_wall_player:-143165506 / -143165136
__render_map_wall_player:-143165506 / -143165136
__render_map_wall_player:-143165506 / -143165136
__render_map_wall_player:-143165506 / -143165136
key
angle:0
__render_map_wall_player:-143165506 / -143165136
__render_map_wall_player:-143165506 / -143165136
__render_map_wall_player:-143165506 / -143165136
__render_map_wall_player:-143165506 / -143165136
key
angle:0
__render_map_wall_player:-143165506 / -143165136
__render_map_wall_player:-143165506 / -143165136
__render_map_wall_player:-143165506 / -143165136
__render_map_wall_player:-143165506 / -143165136
__render_map_wall_player:-143165506 / -143165136
key
angle:0
__render_map_wall_player:-143165506 / -143165136
__render_map_wall_player:-143165506 / -143165136
__render_map_wall_player:-143165506 / -143165136
__render_map_wall_player:-143165506 / -143165136
__render_map_wall_player:-143165506 / -143165136
key
angle:0
__render_map_wall_player:-143165506 / -143165136
__render_map_wall_player:-143165506 / -143165136
__render_map_wall_player:-143165506 / -143165136
__render_map_wall_player:-143165506 / -143165136
__render_map_wall_player:-143165506 / -143165136
key
angle:0
__render_map_wall_player:-143165506 / -143165136
__render_map_wall_player:-143165506 / -143165136
__render_map_wall_player:-143165506 / -143165136
__render_map_wall_player:-143165506 / -143165136
__render_map_wall_player:-143165506 / -143165136
key
angle:0
__render_map_wall_player:-143165506 / -143165136
__render_map_wall_player:-143165506 / -143165136
__render_map_wall_player:-143165506 / -143165136
__render_map_wall_player:-143165506 / -143165136
key
angle:0
__render_map_wall_player:-143165506 / -143165136
__render_map_wall_player:-143165506 / -143165136
__render_map_wall_player:-143165506 / -143165136
__render_map_wall_player:-143165506 / -143165136
__render_map_wall_player:-143165506 / -143165136
key
angle:0
__render_map_wall_player:-143165506 / -143165136
__render_map_wall_player:-143165506 / -143165136
__render_map_wall_player:-143165506 / -143165136
__render_map_wall_player:-143165506 / -143165136
__render_map_wall_player:-143165506 / -143165136
key
angle:0
__render_map_wall_player:-143165506 / -143165136
__render_map_wall_player:-143165506 / -143165136
__render_map_wall_player:-143165506 / -143165136
__render_map_wall_player:-143165506 / -143165136
__render_map_wall_player:-143165506 / -143165136
key
angle:0
__render_map_wall_player:-143165506 / -143165136
__render_map_wall_player:-143165506 / -143165136
__render_map_wall_player:-143165506 / -143165136
__render_map_wall_player:-143165506 / -143165136
__render_map_wall_player:-143165506 / -143165136
key
angle:0
__render_map_wall_player:-143165506 / -143165136
__render_map_wall_player:-143165506 / -143165136
__render_map_wall_player:-143165506 / -143165136
__render_map_wall_player:-143165506 / -143165136
__render_map_wall_player:-143165506 / -143165136
key
angle:0
__render_map_wall_player:-143165506 / -143165136
__render_map_wall_player:-143165506 / -143165136
__render_map_wall_player:-143165506 / -143165136
__render_map_wall_player:-143165506 / -143165136
key
angle:0
__render_map_wall_player:-143165506 / -143165136
__render_map_wall_player:-143165506 / -143165136
__render_map_wall_player:-143165506 / -143165136
__render_map_wall_player:-143165506 / -143165136
__render_map_wall_player:-143165506 / -143165136
key
angle:0
__render_map_wall_player:-143165506 / -143165136
__render_map_wall_player:-143165506 / -143165136
__render_map_wall_player:-143165506 / -143165136
__render_map_wall_player:-143165506 / -143165136
__render_map_wall_player:-143165506 / -143165136
key
angle:0
__render_map_wall_player:-143165506 / -143165136
__render_map_wall_player:-143165506 / -143165136
__render_map_wall_player:-143165506 / -143165136
__render_map_wall_player:-143165506 / -143165136
__render_map_wall_player:-143165506 / -143165136
key
angle:0
__render_map_wall_player:-143165506 / -143165136
__render_map_wall_player:-143165506 / -143165136
__render_map_wall_player:-143165506 / -143165136
__render_map_wall_player:-143165506 / -143165136
__render_map_wall_player:-143165506 / -143165136
key
angle:0
__render_map_wall_player:-143165506 / -143165136
__render_map_wall_player:-143165506 / -143165136
__render_map_wall_player:-143165506 / -143165136
__render_map_wall_player:-143165506 / -143165136
__render_map_wall_player:-143165506 / -143165136
key
angle:0
__render_map_wall_player:-143165506 / -143165136
__render_map_wall_player:-143165506 / -143165136
__render_map_wall_player:-143165506 / -143165136
__render_map_wall_player:-143165506 / -143165136
key
angle:0
__render_map_wall_player:-143165506 / -143165136
__render_map_wall_player:-143165506 / -143165136
__render_map_wall_player:-143165506 / -143165136
__render_map_wall_player:-143165506 / -143165136
__render_map_wall_player:-143165506 / -143165136
key
angle:0
__render_map_wall_player:-143165506 / -143165136
__render_map_wall_player:-143165506 / -143165136
__render_map_wall_player:-143165506 / -143165136
__render_map_wall_player:-143165506 / -143165136
__render_map_wall_player:-143165506 / -143165136
key
angle:0
__render_map_wall_player:-143165506 / -143165136
__render_map_wall_player:-143165506 / -143165136
__render_map_wall_player:-143165506 / -143165136
__render_map_wall_player:-143165506 / -143165136
__render_map_wall_player:-143165506 / -143165136
key
angle:0
__render_map_wall_player:-143165506 / -143165136
__render_map_wall_player:-143165506 / -143165136
__render_map_wall_player:-143165506 / -143165136
__render_map_wall_player:-143165506 / -143165136
__render_map_wall_player:-143165506 / -143165136
key
angle:0
__render_map_wall_player:-143165506 / -143165136
__render_map_wall_player:-143165506 / -143165136
__render_map_wall_player:-143165506 / -143165136
__render_map_wall_player:-143165506 / -143165136
__render_map_wall_player:-143165506 / -143165136
key
angle:0
__render_map_wall_player:-143165506 / -143165136
__render_map_wall_player:-143165506 / -143165136
__render_map_wall_player:-143165506 / -143165136
__render_map_wall_player:-143165506 / -143165136
key
angle:0
__render_map_wall_player:-143165506 / -143165136
__render_map_wall_player:-143165506 / -143165136
__render_map_wall_player:-143165506 / -143165136
__render_map_wall_player:-143165506 / -143165136
__render_map_wall_player:-143165506 / -143165136
key
angle:0
__render_map_wall_player:-143165506 / -143165136
__render_map_wall_player:-143165506 / -143165136
__render_map_wall_player:-143165506 / -143165136
__render_map_wall_player:-143165506 / -143165136
__render_map_wall_player:-143165506 / -143165136
key
angle:0
__render_map_wall_player:-143165506 / -143165136
__render_map_wall_player:-143165506 / -143165136
__render_map_wall_player:-143165506 / -143165136
__render_map_wall_player:-143165506 / -143165136
__render_map_wall_player:-143165506 / -143165136
key
angle:0
__render_map_wall_player:-143165506 / -143165136
__render_map_wall_player:-143165506 / -143165136
__render_map_wall_player:-143165506 / -143165136
__render_map_wall_player:-143165506 / -143165136
__render_map_wall_player:-143165506 / -143165136
key
angle:0
__render_map_wall_player:-143165506 / -143165136
__render_map_wall_player:-143165506 / -143165136
__render_map_wall_player:-143165506 / -143165136
__render_map_wall_player:-143165506 / -143165136
key
angle:0
__render_map_wall_player:-143165506 / -143165136
__render_map_wall_player:-143165506 / -143165136
__render_map_wall_player:-143165506 / -143165136
__render_map_wall_player:-143165506 / -143165136
__render_map_wall_player:-143165506 / -143165136
key
angle:0
__render_map_wall_player:-143165506 / -143165136
__render_map_wall_player:-143165506 / -143165136
__render_map_wall_player:-143165506 / -143165136
__render_map_wall_player:-143165506 / -143165136
__render_map_wall_player:-143165506 / -143165136
key
angle:0
__render_map_wall_player:-143165506 / -143165136
__render_map_wall_player:-143165506 / -143165136
__render_map_wall_player:-143165506 / -143165136
__render_map_wall_player:-143165506 / -143165136
__render_map_wall_player:-143165506 / -143165136
key
angle:0
__render_map_wall_player:-143165506 / -143165136
__render_map_wall_player:-143165506 / -143165136
__render_map_wall_player:-143165506 / -143165136
__render_map_wall_player:-143165506 / -143165136
__render_map_wall_player:-143165506 / -143165136
key
angle:0
__render_map_wall_player:-143165506 / -143165136
__render_map_wall_player:-143165506 / -143165136
__render_map_wall_player:-143165506 / -143165136
__render_map_wall_player:-143165506 / -143165136
key
angle:0
__render_map_wall_player:-143165506 / -143165136
__render_map_wall_player:-143165506 / -143165136
__render_map_wall_player:-143165506 / -143165136
__render_map_wall_player:-143165506 / -143165136
__render_map_wall_player:-143165506 / -143165136
key
angle:0
__render_map_wall_player:-143165506 / -143165136
__render_map_wall_player:-143165506 / -143165136
__render_map_wall_player:-143165506 / -143165136
__render_map_wall_player:-143165506 / -143165136
__render_map_wall_player:-143165506 / -143165136
key
angle:0
__render_map_wall_player:-143165506 / -143165136
__render_map_wall_player:-143165506 / -143165136
__render_map_wall_player:-143165506 / -143165136
__render_map_wall_player:-143165506 / -143165136
key
__render_map_wall_player:-143165506 / -143165136
__render_map_wall_player:-143165506 / -143165136
__render_map_wall_player:-143165506 / -143165136
__render_map_wall_player:-143165506 / -143165136
__render_map_wall_player:-143165506 / -143165136
__render_map_wall_player:-143165506 / -143165136
__render_map_wall_player:-143165506 / -143165136
__render_map_wall_player:-143165506 / -143165136
__render_map_wall_player:-143165506 / -143165136
__render_map_wall_player:-143165506 / -143165136
__render_map_wall_player:-143165506 / -143165136
__render_map_wall_player:-143165506 / -143165136
__render_map_wall_player:-143165506 / -143165136
__render_map_wall_player:-143165506 / -143165136
__render_map_wall_player:-143165506 / -143165136
__render_map_wall_player:-143165506 / -143165136
__render_map_wall_player:-143165506 / -143165136
__render_map_wall_player:-143165506 / -143165136
__render_map_wall_player:-143165506 / -143165136
__render_map_wall_player:-143165506 / -143165136
__render_map_wall_player:-143165506 / -143165136
__render_map_wall_player:-143165506 / -143165136
__render_map_wall_player:-143165506 / -143165136
__render_map_wall_player:-143165506 / -143165136
__render_map_wall_player:-143165506 / -143165136
__render_map_wall_player:-143165506 / -143165136
__render_map_wall_player:-143165506 / -143165136
__render_map_wall_player:-143165506 / -143165136
__render_map_wall_player:-143165506 / -143165136
__render_map_wall_player:-143165506 / -143165136
__render_map_wall_player:-143165506 / -143165136
__render_map_wall_player:-143165506 / -143165136
__render_map_wall_player:-143165506 / -143165136
__render_map_wall_player:-143165506 / -143165136
__render_map_wall_player:-143165506 / -143165136
__render_map_wall_player:-143165506 / -143165136
__render_map_wall_player:-143165506 / -143165136
__render_map_wall_player:-143165506 / -143165136
__render_map_wall_player:-143165506 / -143165136
__render_map_wall_player:-143165506 / -143165136
__render_map_wall_player:-143165506 / -143165136
__render_map_wall_player:-143165506 / -143165136
__render_map_wall_player:-143165506 / -143165136
__render_map_wall_player:-143165506 / -143165136
__render_map_wall_player:-143165506 / -143165136
__render_map_wall_player:-143165506 / -143165136
__render_map_wall_player:-143165506 / -143165136
__render_map_wall_player:-143165506 / -143165136
__render_map_wall_player:-143165506 / -143165136
__render_map_wall_player:-143165506 / -143165136
__render_map_wall_player:-143165506 / -143165136
__render_map_wall_player:-143165506 / -143165136
__render_map_wall_player:-143165506 / -143165136
__render_map_wall_player:-143165506 / -143165136
__render_map_wall_player:-143165506 / -143165136
__render_map_wall_player:-143165506 / -143165136
__render_map_wall_player:-143165506 / -143165136
__render_map_wall_player:-143165506 / -143165136
__render_map_wall_player:-143165506 / -143165136
__render_map_wall_player:-143165506 / -143165136
__render_map_wall_player:-143165506 / -143165136
__render_map_wall_player:-143165506 / -143165136
__render_map_wall_player:-143165506 / -143165136
__render_map_wall_player:-143165506 / -143165136
__render_map_wall_player:-143165506 / -143165136
__render_map_wall_player:-143165506 / -143165136
__render_map_wall_player:-143165506 / -143165136
__render_map_wall_player:-143165506 / -143165136
__render_map_wall_player:-143165506 / -143165136
__render_map_wall_player:-143165506 / -143165136
__render_map_wall_player:-143165506 / -143165136
__render_map_wall_player:-143165506 / -143165136
__render_map_wall_player:-143165506 / -143165136
__render_map_wall_player:-143165506 / -143165136
__render_map_wall_player:-143165506 / -143165136
__render_map_wall_player:-143165506 / -143165136
__render_map_wall_player:-143165506 / -143165136
__render_map_wall_player:-143165506 / -143165136
__render_map_wall_player:-143165506 / -143165136
__render_map_wall_player:-143165506 / -143165136
__render_map_wall_player:-143165506 / -143165136
__render_map_wall_player:-143165506 / -143165136
__render_map_wall_player:-143165506 / -143165136
__render_map_wall_player:-143165506 / -143165136
__render_map_wall_player:-143165506 / -143165136
__render_map_wall_player:-143165506 / -143165136
__render_map_wall_player:-143165506 / -143165136
__render_map_wall_player:-143165506 / -143165136
__render_map_wall_player:-143165506 / -143165136
__render_map_wall_player:-143165506 / -143165136
__render_map_wall_player:-143165506 / -143165136
__render_map_wall_player:-143165506 / -143165136
__render_map_wall_player:-143165506 / -143165136
__render_map_wall_player:-143165506 / -143165136
__render_map_wall_player:-143165506 / -143165136
__render_map_wall_player:-143165506 / -143165136
__render_map_wall_player:-143165506 / -143165136
__render_map_wall_player:-143165506 / -143165136
__render_map_wall_player:-143165506 / -143165136
__render_map_wall_player:-143165506 / -143165136
__render_map_wall_player:-143165506 / -143165136
__render_map_wall_player:-143165506 / -143165136
__render_map_wall_player:-143165506 / -143165136
__render_map_wall_player:-143165506 / -143165136
__render_map_wall_player:-143165506 / -143165136
__render_map_wall_player:-143165506 / -143165136
__render_map_wall_player:-143165506 / -143165136
__render_map_wall_player:-143165506 / -143165136
__render_map_wall_player:-143165506 / -143165136
__render_map_wall_player:-143165506 / -143165136
__render_map_wall_player:-143165506 / -143165136
__render_map_wall_player:-143165506 / -143165136
__render_map_wall_player:-143165506 / -143165136
__render_map_wall_player:-143165506 / -143165136
__render_map_wall_player:-143165506 / -143165136
__render_map_wall_player:-143165506 / -143165136
__render_map_wall_player:-143165506 / -143165136
__render_map_wall_player:-143165506 / -143165136
__render_map_wall_player:-143165506 / -143165136
__render_map_wall_player:-143165506 / -143165136
__render_map_wall_player:-143165506 / -143165136
__render_map_wall_player:-143165506 / -143165136
__render_map_wall_player:-143165506 / -143165136
__render_map_wall_player:-143165506 / -143165136
__render_map_wall_player:-143165506 / -143165136
__render_map_wall_player:-143165506 / -143165136
__render_map_wall_player:-143165506 / -143165136
__render_map_wall_player:-143165506 / -143165136
__render_map_wall_player:-143165506 / -143165136
__render_map_wall_player:-143165506 / -143165136
__render_map_wall_player:-143165506 / -143165136
__render_map_wall_player:-143165506 / -143165136
__render_map_wall_player:-143165506 / -143165136
__render_map_wall_player:-143165506 / -143165136
__render_map_wall_player:-143165506 / -143165136
__render_map_wall_player:-143165506 / -143165136
__render_map_wall_player:-143165506 / -143165136
__render_map_wall_player:-143165506 / -143165136
__render_map_wall_player:-143165506 / -143165136
__render_map_wall_player:-143165506 / -143165136
__render_map_wall_player:-143165506 / -143165136
__render_map_wall_player:-143165506 / -143165136
__render_map_wall_player:-143165506 / -143165136
__render_map_wall_player:-143165506 / -143165136
__render_map_wall_player:-143165506 / -143165136
__render_map_wall_player:-143165506 / -143165136
__render_map_wall_player:-143165506 / -143165136
__render_map_wall_player:-143165506 / -143165136
__render_map_wall_player:-143165506 / -143165136
__render_map_wall_player:-143165506 / -143165136
__render_map_wall_player:-143165506 / -143165136
Destroy engine
destroy scene
Exiting...
